Archive member included because of file (symbol)

/usr/local/bin/../lib/gcc/msp430/4.7.2/mmpy-16/libgcc.a(_mulsi3.o)
                              build/sky/obj/cfs-coffee.o (__mulsi3)
/usr/local/bin/../lib/gcc/msp430/4.7.2/mmpy-16/libgcc.a(_mulsidi3.o)
                              build/sky/obj/tsch-adaptive-timesync.o (__mulsidi3)
/usr/local/bin/../lib/gcc/msp430/4.7.2/mmpy-16/libgcc.a(_muldi3.o)
                              build/sky/obj/tsch-adaptive-timesync.o (__muldi3)
/usr/local/bin/../lib/gcc/msp430/4.7.2/mmpy-16/libgcc.a(_udivmod16.o)
                              build/sky/obj/cfs-coffee.o (__udivhi3)
/usr/local/bin/../lib/gcc/msp430/4.7.2/mmpy-16/libgcc.a(_divmod16.o)
                              build/sky/obj/link-stats.o (__divhi3)
/usr/local/bin/../lib/gcc/msp430/4.7.2/mmpy-16/libgcc.a(_udivmod32.o)
                              build/sky/obj/ifft.o (__udivsi3)
/usr/local/bin/../lib/gcc/msp430/4.7.2/mmpy-16/libgcc.a(_divmod32.o)
                              build/sky/obj/cfs-coffee.o (__divsi3)
/usr/local/bin/../lib/gcc/msp430/4.7.2/mmpy-16/libgcc.a(_divmod64.o)
                              build/sky/obj/tsch-adaptive-timesync.o (__divdi3)
/usr/local/bin/../lib/gcc/msp430/4.7.2/mmpy-16/libgcc.a(_udivmod64.o)
                              /usr/local/bin/../lib/gcc/msp430/4.7.2/mmpy-16/libgcc.a(_divmod64.o) (__xabi_udivmod64)
/usr/local/bin/../lib/gcc/msp430/4.7.2/../../../../msp430/lib/mmpy-16/libc.a(printf.o)
                              build/sky/obj/assert.o (printf)
/usr/local/bin/../lib/gcc/msp430/4.7.2/../../../../msp430/lib/mmpy-16/libc.a(vuprintf.o)
                              /usr/local/bin/../lib/gcc/msp430/4.7.2/../../../../msp430/lib/mmpy-16/libc.a(printf.o) (vuprintf)
/usr/local/bin/../lib/gcc/msp430/4.7.2/../../../../msp430/lib/mmpy-16/libc.a(puts.o)
                              build/sky/obj/assert.o (puts)
/usr/local/bin/../lib/gcc/msp430/4.7.2/../../../../msp430/lib/mmpy-16/libc.a(rand.o)
                              build/sky/obj/random.o (rand)
/usr/local/bin/../lib/gcc/msp430/4.7.2/../../../../msp430/lib/mmpy-16/libc.a(strcmp.o)
                              build/sky/obj/cfs-coffee.o (strcmp)
/usr/local/bin/../lib/gcc/msp430/4.7.2/../../../../msp430/lib/mmpy-16/libc.a(strncmp.o)
                              build/sky/obj/sensors.o (strncmp)
/usr/local/bin/../lib/gcc/msp430/4.7.2/../../../../msp430/lib/mmpy-16/libc.a(memcmp.o)
                              build/sky/obj/linkaddr.o (memcmp)
/usr/local/bin/../lib/gcc/msp430/4.7.2/../../../../msp430/lib/mmpy-16/libc.a(strncpy.o)
                              build/sky/obj/cfs-coffee.o (strncpy)
/usr/local/bin/../lib/gcc/msp430/4.7.2/../../../../msp430/lib/mmpy-16/libc.a(memcpy.o)
                              build/sky/obj/aes-128.o (memcpy)
/usr/local/bin/../lib/gcc/msp430/4.7.2/../../../../msp430/lib/mmpy-16/libc.a(memmove.o)
                              build/sky/obj/cbor.o (memmove)
/usr/local/bin/../lib/gcc/msp430/4.7.2/../../../../msp430/lib/mmpy-16/libc.a(memset.o)
                              build/sky/obj/cfs-coffee.o (memset)
/usr/local/bin/../lib/gcc/msp430/4.7.2/../../../../msp430/lib/mmpy-16/libc.a(strcat.o)
                              build/sky/obj/tsch-schedule.o (strcat)
/usr/local/bin/../lib/gcc/msp430/4.7.2/mmpy-16/libcrt0.a(_reset_vector__.o)
                              (_reset_vector__)
/usr/local/bin/../lib/gcc/msp430/4.7.2/mmpy-16/libcrt0.a(__watchdog_support.o)
                              /usr/local/bin/../lib/gcc/msp430/4.7.2/mmpy-16/libcrt0.a(_reset_vector__.o) (__watchdog_support)
/usr/local/bin/../lib/gcc/msp430/4.7.2/mmpy-16/libcrt0.a(__init_stack.o)
                              /usr/local/bin/../lib/gcc/msp430/4.7.2/mmpy-16/libcrt0.a(_reset_vector__.o) (__init_stack)
/usr/local/bin/../lib/gcc/msp430/4.7.2/mmpy-16/libcrt0.a(__low_level_init.o)
                              /usr/local/bin/../lib/gcc/msp430/4.7.2/mmpy-16/libcrt0.a(_reset_vector__.o) (__low_level_init)
/usr/local/bin/../lib/gcc/msp430/4.7.2/mmpy-16/libcrt0.a(_copy_data.o)
                              /usr/local/bin/../lib/gcc/msp430/4.7.2/mmpy-16/libcrt0.a(_reset_vector__.o) (__do_copy_data)
/usr/local/bin/../lib/gcc/msp430/4.7.2/mmpy-16/libcrt0.a(_clear_bss.o)
                              /usr/local/bin/../lib/gcc/msp430/4.7.2/mmpy-16/libcrt0.a(_reset_vector__.o) (__do_clear_bss)
/usr/local/bin/../lib/gcc/msp430/4.7.2/mmpy-16/libcrt0.a(__stop_progExec__.o)
                              /usr/local/bin/../lib/gcc/msp430/4.7.2/mmpy-16/libcrt0.a(_reset_vector__.o) (__stop_progExec__)
/usr/local/bin/../lib/gcc/msp430/4.7.2/mmpy-16/libcrt0.a(_endless_loop__.o)
                              /usr/local/bin/../lib/gcc/msp430/4.7.2/mmpy-16/libcrt0.a(_reset_vector__.o) (_endless_loop__)
/usr/local/bin/../lib/gcc/msp430/4.7.2/mmpy-16/libcrt0.a(_unexpected_.o)
                              /usr/local/bin/../lib/gcc/msp430/4.7.2/mmpy-16/crt0ivtbl16.o (_unexpected_)

Allocating common symbols
[...]
Memory Configuration

Name             Origin             Length             Attributes
sfr              0x00000000         0x00000010
peripheral_8bit  0x00000010         0x000000f0
peripheral_16bit 0x00000100         0x00000100
ram_mirror       0x00000200         0x00000800         xw
infomem          0x00001000         0x00000100
infob            0x00001000         0x00000080
infoa            0x00001080         0x00000080
ram              0x00001100         0x00002800         xw
rom              0x00004000         0x0000bfe0         xr
vectors          0x0000ffe0         0x00000020
bsl              0x00000000         0x00000000
infoc            0x00000000         0x00000000
infod            0x00000000         0x00000000
ram2             0x00000000         0x00000000         xw
usbram           0x00000000         0x00000000         xw
far_rom          0x00000000         0x00000000
*default*        0x00000000         0xffffffff

Linker script and memory map

LOAD /usr/local/bin/../lib/gcc/msp430/4.7.2/mmpy-16/crt0ivtbl16.o
                0x00002834                _stack = _end
LOAD build/sky/obj/aes-128.o
LOAD build/sky/obj/anti-replay.o
LOAD build/sky/obj/assert.o
LOAD build/sky/obj/atomic.o
LOAD build/sky/obj/autostart.o
LOAD build/sky/obj/battery-sensor.o
LOAD build/sky/obj/button-hal.o
LOAD build/sky/obj/button-sensor.o
LOAD build/sky/obj/cbor.o
LOAD build/sky/obj/cc2420-arch-sfd.o
LOAD build/sky/obj/cc2420-arch.o
LOAD build/sky/obj/cc2420-tsch-15ms.o
LOAD build/sky/obj/cc2420.o
LOAD build/sky/obj/ccm-star-packetbuf.o
LOAD build/sky/obj/ccm-star.o
LOAD build/sky/obj/cfs-coffee.o
LOAD build/sky/obj/circular-list.o
LOAD build/sky/obj/clock.o
LOAD build/sky/obj/compower.o
LOAD build/sky/obj/contiki-main.o
LOAD build/sky/obj/crc16.o
LOAD build/sky/obj/csprng.o
LOAD build/sky/obj/ctimer.o
LOAD build/sky/obj/dbl-circ-list.o
LOAD build/sky/obj/dbl-list.o
LOAD build/sky/obj/ds2411.o
LOAD build/sky/obj/energest.o
LOAD build/sky/obj/etimer.o
LOAD build/sky/obj/flash.o
LOAD build/sky/obj/frame802154.o
LOAD build/sky/obj/frame802154e-ie.o
LOAD build/sky/obj/framer-802154.o
LOAD build/sky/obj/gpio-hal.o
LOAD build/sky/obj/heapmem.o
LOAD build/sky/obj/hexconv.o
LOAD build/sky/obj/ifft.o
LOAD build/sky/obj/int-master.o
LOAD build/sky/obj/iq-seeder.o
LOAD build/sky/obj/leds-arch.o
LOAD build/sky/obj/leds.o
LOAD build/sky/obj/light-sensor.o
LOAD build/sky/obj/link-stats.o
LOAD build/sky/obj/linkaddr.o
LOAD build/sky/obj/list.o
LOAD build/sky/obj/log.o
LOAD build/sky/obj/lpm.o
LOAD build/sky/obj/mac-sequence.o
LOAD build/sky/obj/memb.o
LOAD build/sky/obj/msp430.o
LOAD build/sky/obj/mutex.o
LOAD build/sky/obj/nbr-table.o
LOAD build/sky/obj/net-debug.o
LOAD build/sky/obj/netstack.o
LOAD build/sky/obj/node-id.o
LOAD build/sky/obj/nullframer.o
LOAD build/sky/obj/nullnet-broadcast.o
LOAD build/sky/obj/nullnet.o
LOAD build/sky/obj/nullradio.o
LOAD build/sky/obj/nullrouting.o
LOAD build/sky/obj/packetbuf.o
LOAD build/sky/obj/platform.o
LOAD build/sky/obj/process.o
LOAD build/sky/obj/queuebuf.o
LOAD build/sky/obj/random.o
LOAD build/sky/obj/ringbuf.o
LOAD build/sky/obj/ringbufindex.o
LOAD build/sky/obj/rtimer-arch.o
LOAD build/sky/obj/rtimer.o
LOAD build/sky/obj/sensors.o
LOAD build/sky/obj/serial-line.o
LOAD build/sky/obj/sha-256.o
LOAD build/sky/obj/sht11-sensor.o
LOAD build/sky/obj/sht11.o
LOAD build/sky/obj/sky-sensors.o
LOAD build/sky/obj/slip_uart1.o
LOAD build/sky/obj/spi-legacy.o
LOAD build/sky/obj/spi.o
LOAD build/sky/obj/stack-check.o
LOAD build/sky/obj/stimer.o
LOAD build/sky/obj/timer.o
LOAD build/sky/obj/trickle-timer.o
LOAD build/sky/obj/tsch-adaptive-timesync.o
LOAD build/sky/obj/tsch-log.o
LOAD build/sky/obj/tsch-packet.o
LOAD build/sky/obj/tsch-queue.o
LOAD build/sky/obj/tsch-roots.o
LOAD build/sky/obj/tsch-rpl.o
LOAD build/sky/obj/tsch-schedule.o
LOAD build/sky/obj/tsch-security.o
LOAD build/sky/obj/tsch-slot-operation.o
LOAD build/sky/obj/tsch-stats.o
LOAD build/sky/obj/tsch-timeslot-timing.o
LOAD build/sky/obj/tsch.o
LOAD build/sky/obj/uart-putchar.o
LOAD build/sky/obj/uart1.o
LOAD build/sky/obj/uip-ipchksum.o
LOAD build/sky/obj/watchdog.o
LOAD build/sky/obj/xmem.o
LOAD /usr/local/bin/../lib/gcc/msp430/4.7.2/mmpy-16/libgcc.a
LOAD /usr/local/bin/../lib/gcc/msp430/4.7.2/../../../../msp430/lib/mmpy-16/libc.a
LOAD /usr/local/bin/../lib/gcc/msp430/4.7.2/mmpy-16/libgcc.a
LOAD /usr/local/bin/../lib/gcc/msp430/4.7.2/mmpy-16/libcrt0.a
                0x00000080                PROVIDE (__info_segment_size, 0x80)
                0x00001000                PROVIDE (__infob, 0x1000)
                0x00001080                PROVIDE (__infoa, 0x1080)
                0x00000000                __IE1 = 0x0
                0x00000002                __IFG1 = 0x2
                0x00000004                __ME1 = 0x4
                0x00000001                __IE2 = 0x1
                0x00000003                __IFG2 = 0x3
                0x00000005                __ME2 = 0x5
                0x00000120                __WDTCTL = 0x120
                0x00000130                __MPY = 0x130
                0x00000132                __MPYS = 0x132
                0x00000134                __MAC = 0x134
                0x00000136                __MACS = 0x136
                0x00000138                __OP2 = 0x138
                0x0000013a                __RESLO = 0x13a
                0x0000013c                __RESHI = 0x13c
                0x0000013e                __SUMEXT = 0x13e
                0x00000020                __P1IN = 0x20
                0x00000021                __P1OUT = 0x21
                0x00000022                __P1DIR = 0x22
                0x00000023                __P1IFG = 0x23
                0x00000024                __P1IES = 0x24
                0x00000025                __P1IE = 0x25
                0x00000026                __P1SEL = 0x26
                0x00000028                __P2IN = 0x28
                0x00000029                __P2OUT = 0x29
                0x0000002a                __P2DIR = 0x2a
                0x0000002b                __P2IFG = 0x2b
                0x0000002c                __P2IES = 0x2c
                0x0000002d                __P2IE = 0x2d
                0x0000002e                __P2SEL = 0x2e
                0x00000018                __P3IN = 0x18
                0x00000019                __P3OUT = 0x19
                0x0000001a                __P3DIR = 0x1a
                0x0000001b                __P3SEL = 0x1b
                0x0000001c                __P4IN = 0x1c
                0x0000001d                __P4OUT = 0x1d
                0x0000001e                __P4DIR = 0x1e
                0x0000001f                __P4SEL = 0x1f
                0x00000030                __P5IN = 0x30
                0x00000031                __P5OUT = 0x31
                0x00000032                __P5DIR = 0x32
                0x00000033                __P5SEL = 0x33
                0x00000034                __P6IN = 0x34
                0x00000035                __P6OUT = 0x35
                0x00000036                __P6DIR = 0x36
                0x00000037                __P6SEL = 0x37
                0x00000070                __U0CTL = 0x70
                0x00000071                __U0TCTL = 0x71
                0x00000072                __U0RCTL = 0x72
                0x00000073                __U0MCTL = 0x73
                0x00000074                __U0BR0 = 0x74
                0x00000075                __U0BR1 = 0x75
                0x00000076                __U0RXBUF = 0x76
                0x00000077                __U0TXBUF = 0x77
                0x00000078                __U1CTL = 0x78
                0x00000079                __U1TCTL = 0x79
                0x0000007a                __U1RCTL = 0x7a
                0x0000007b                __U1MCTL = 0x7b
                0x0000007c                __U1BR0 = 0x7c
                0x0000007d                __U1BR1 = 0x7d
                0x0000007e                __U1RXBUF = 0x7e
                0x0000007f                __U1TXBUF = 0x7f
                0x00000050                __I2CIE = 0x50
                0x00000051                __I2CIFG = 0x51
                0x00000052                __I2CNDAT = 0x52
                0x00000071                __I2CTCTL = 0x71
                0x00000072                __I2CDCTL = 0x72
                0x00000073                __I2CPSC = 0x73
                0x00000074                __I2CSCLH = 0x74
                0x00000075                __I2CSCLL = 0x75
                0x00000076                __I2CDRB = 0x76
                0x00000076                __I2CDRW = 0x76
                0x00000118                __I2COA = 0x118
                0x0000011a                __I2CSA = 0x11a
                0x0000011c                __I2CIV = 0x11c
                0x0000012e                __TAIV = 0x12e
                0x00000160                __TACTL = 0x160
                0x00000162                __TACCTL0 = 0x162
                0x00000164                __TACCTL1 = 0x164
                0x00000166                __TACCTL2 = 0x166
                0x00000170                __TAR = 0x170
                0x00000172                __TACCR0 = 0x172
                0x00000174                __TACCR1 = 0x174
                0x00000176                __TACCR2 = 0x176
                0x0000011e                __TBIV = 0x11e
                0x00000180                __TBCTL = 0x180
                0x00000182                __TBCCTL0 = 0x182
                0x00000184                __TBCCTL1 = 0x184
                0x00000186                __TBCCTL2 = 0x186
                0x00000188                __TBCCTL3 = 0x188
                0x0000018a                __TBCCTL4 = 0x18a
                0x0000018c                __TBCCTL5 = 0x18c
                0x0000018e                __TBCCTL6 = 0x18e
                0x00000190                __TBR = 0x190
                0x00000192                __TBCCR0 = 0x192
                0x00000194                __TBCCR1 = 0x194
                0x00000196                __TBCCR2 = 0x196
                0x00000198                __TBCCR3 = 0x198
                0x0000019a                __TBCCR4 = 0x19a
                0x0000019c                __TBCCR5 = 0x19c
                0x0000019e                __TBCCR6 = 0x19e
                0x00000056                __DCOCTL = 0x56
                0x00000057                __BCSCTL1 = 0x57
                0x00000058                __BCSCTL2 = 0x58
                0x00000055                __SVSCTL = 0x55
                0x00000128                __FCTL1 = 0x128
                0x0000012a                __FCTL2 = 0x12a
                0x0000012c                __FCTL3 = 0x12c
                0x00000059                __CACTL1 = 0x59
                0x0000005a                __CACTL2 = 0x5a
                0x0000005b                __CAPD = 0x5b
                0x000001a0                __ADC12CTL0 = 0x1a0
                0x000001a2                __ADC12CTL1 = 0x1a2
                0x000001a4                __ADC12IFG = 0x1a4
                0x000001a6                __ADC12IE = 0x1a6
                0x000001a8                __ADC12IV = 0x1a8
                0x00000140                __ADC12MEM0 = 0x140
                0x00000142                __ADC12MEM1 = 0x142
                0x00000144                __ADC12MEM2 = 0x144
                0x00000146                __ADC12MEM3 = 0x146
                0x00000148                __ADC12MEM4 = 0x148
                0x0000014a                __ADC12MEM5 = 0x14a
                0x0000014c                __ADC12MEM6 = 0x14c
                0x0000014e                __ADC12MEM7 = 0x14e
                0x00000150                __ADC12MEM8 = 0x150
                0x00000152                __ADC12MEM9 = 0x152
                0x00000154                __ADC12MEM10 = 0x154
                0x00000156                __ADC12MEM11 = 0x156
                0x00000158                __ADC12MEM12 = 0x158
                0x0000015a                __ADC12MEM13 = 0x15a
                0x0000015c                __ADC12MEM14 = 0x15c
                0x0000015e                __ADC12MEM15 = 0x15e
                0x00000080                __ADC12MCTL0 = 0x80
                0x00000081                __ADC12MCTL1 = 0x81
                0x00000082                __ADC12MCTL2 = 0x82
                0x00000083                __ADC12MCTL3 = 0x83
                0x00000084                __ADC12MCTL4 = 0x84
                0x00000085                __ADC12MCTL5 = 0x85
                0x00000086                __ADC12MCTL6 = 0x86
                0x00000087                __ADC12MCTL7 = 0x87
                0x00000088                __ADC12MCTL8 = 0x88
                0x00000089                __ADC12MCTL9 = 0x89
                0x0000008a                __ADC12MCTL10 = 0x8a
                0x0000008b                __ADC12MCTL11 = 0x8b
                0x0000008c                __ADC12MCTL12 = 0x8c
                0x0000008d                __ADC12MCTL13 = 0x8d
                0x0000008e                __ADC12MCTL14 = 0x8e
                0x0000008f                __ADC12MCTL15 = 0x8f
                0x000001c0                __DAC12_0CTL = 0x1c0
                0x000001c2                __DAC12_1CTL = 0x1c2
                0x000001c8                __DAC12_0DAT = 0x1c8
                0x000001ca                __DAC12_1DAT = 0x1ca
                0x00000122                __DMACTL0 = 0x122
                0x00000124                __DMACTL1 = 0x124
                0x000001e0                __DMA0CTL = 0x1e0
                0x000001e8                __DMA1CTL = 0x1e8
                0x000001f0                __DMA2CTL = 0x1f0
                0x000001e2                __DMA0SA = 0x1e2
                0x000001e4                __DMA0DA = 0x1e4
                0x000001e6                __DMA0SZ = 0x1e6
                0x000001ea                __DMA1SA = 0x1ea
                0x000001ec                __DMA1DA = 0x1ec
                0x000001ee                __DMA1SZ = 0x1ee
                0x000001f2                __DMA2SA = 0x1f2
                0x000001f4                __DMA2DA = 0x1f4
                0x000001f6                __DMA2SZ = 0x1f6

.hash
 *(SORT(.hash))

.dynsym
 *(SORT(.dynsym))

.dynstr
 *(SORT(.dynstr))

.gnu.version
 *(SORT(.gnu.version))

.gnu.version_d
 *(SORT(.gnu.version_d))

.gnu.version_r
 *(SORT(.gnu.version_r))

.rel.init
 *(SORT(.rel.init))

.rela.init
 *(SORT(.rela.init))

.rel.fini
 *(SORT(.rel.fini))

.rela.fini
 *(SORT(.rela.fini))

.rel.text
 *(SORT(.rel.text) SORT(.rel.text.*) SORT(.rel.gnu.linkonce.t.*))

.rela.text
 *(SORT(.rela.text) SORT(.rela.text.*) SORT(.rela.gnu.linkonce.t.*))

.rel.rodata
 *(SORT(.rel.rodata) SORT(.rel.rodata.*) SORT(.rel.gnu.linkonce.r.*))

.rela.rodata
 *(SORT(.rela.rodata) SORT(.rela.rodata.*) SORT(.rela.gnu.linkonce.r.*))

.rel.data
 *(SORT(.rel.data) SORT(.rel.data.*) SORT(.rel.gnu.linkonce.d.*))

.rela.data
 *(SORT(.rela.data) SORT(.rela.data.*) SORT(.rela.gnu.linkonce.d.*))

.rel.bss
 *(SORT(.rel.bss) SORT(.rel.bss.*) SORT(.rel.gnu.linkonce.b.*))

.rela.bss
 *(SORT(.rela.bss) SORT(.rela.bss.*) SORT(.rela.gnu.linkonce.b.*))

.rel.ctors
 *(SORT(.rel.ctors))

.rela.ctors
 *(SORT(.rela.ctors))

.rel.dtors
 *(SORT(.rel.dtors))

.rela.dtors
 *(SORT(.rela.dtors))

.rel.got
 *(SORT(.rel.got))

.rela.got
 *(SORT(.rela.got))

.rel.plt
 *(SORT(.rel.plt))

.rela.plt
 *(SORT(.rela.plt))

.text           0x00004000     0x7830
                0x00004000                . = ALIGN (0x2)
 *(SORT(.init) SORT(.init.*))
 *(SORT(.init0))
 .init0         0x00004000        0x0 /usr/local/bin/../lib/gcc/msp430/4.7.2/mmpy-16/libcrt0.a(_reset_vector__.o)
                0x00004000                _reset_vector__
 *(SORT(.init1))
 .init1         0x00004000        0xc /usr/local/bin/../lib/gcc/msp430/4.7.2/mmpy-16/libcrt0.a(__watchdog_support.o)
                0x00004000                __watchdog_support
 *(SORT(.init2))
 .init2         0x0000400c        0x4 /usr/local/bin/../lib/gcc/msp430/4.7.2/mmpy-16/libcrt0.a(__init_stack.o)
                0x0000400c                __init_stack
 *(SORT(.init3))
 .init3         0x00004010        0x0 /usr/local/bin/../lib/gcc/msp430/4.7.2/mmpy-16/libcrt0.a(__low_level_init.o)
                0x00004010                __low_level_init
 *(SORT(.init4))
 .init4         0x00004010       0x18 /usr/local/bin/../lib/gcc/msp430/4.7.2/mmpy-16/libcrt0.a(_copy_data.o)
                0x00004010                __do_copy_data
 .init4         0x00004028       0x16 /usr/local/bin/../lib/gcc/msp430/4.7.2/mmpy-16/libcrt0.a(_clear_bss.o)
                0x00004028                __do_clear_bss
 *(SORT(.init5))
 *(SORT(.init6))
 *(SORT(.init7))
 *(SORT(.init8))
 *(SORT(.init9))
 .init9         0x0000403e      0x1d4 build/sky/obj/contiki-main.o
                0x0000403e                main
 *(SORT(.fini9))
 .fini9         0x00004212        0x0 /usr/local/bin/../lib/gcc/msp430/4.7.2/mmpy-16/libcrt0.a(__stop_progExec__.o)
                0x00004212                __stop_progExec__
 *(SORT(.fini8))
 *(SORT(.fini7))
 *(SORT(.fini6))
 *(SORT(.fini5))
 *(SORT(.fini4))
 *(SORT(.fini3))
 *(SORT(.fini2))
 *(SORT(.fini1))
 *(SORT(.fini0))
 .fini0         0x00004212        0x6 /usr/local/bin/../lib/gcc/msp430/4.7.2/mmpy-16/libcrt0.a(_endless_loop__.o)
                0x00004212                _endless_loop__
 *(SORT(.fini) SORT(.fini.*))
                0x00004218                . = ALIGN (0x2)
                0x00004218                __ctors_start = .
 *(SORT(.ctors))
                0x00004218                __ctors_end = .
                0x00004218                __dtors_start = .
 *(SORT(.dtors))
                0x00004218                __dtors_end = .
                0x00004218                . = ALIGN (0x2)
 *(SORT(.text) SORT(.text.*) SORT(.gnu.linkonce.t.*))
 .text          0x00004218        0x4 /usr/local/bin/../lib/gcc/msp430/4.7.2/mmpy-16/crt0ivtbl16.o
                0x00004218                __isr_14
                0x00004218                __isr_11
                0x00004218                __isr_2
                0x00004218                __isr_7
                0x00004218                __isr_0
                0x00004218                __isr_8
                0x00004218                __isr_3
                0x00004218                __isr_13
                0x00004218                __isr_9
 .text.autostart_start
                0x0000421c       0x16 build/sky/obj/autostart.o
                0x0000421c                autostart_start
 .text.status   0x00004232       0x18 build/sky/obj/button-sensor.o
 .text.value    0x0000424a       0x1a build/sky/obj/button-sensor.o
 .text.configure
                0x00004264       0x4c build/sky/obj/button-sensor.o
 .text.irq_p2   0x000042b0       0x46 build/sky/obj/button-sensor.o
                0x000042b0                irq_p2
                0x000042b0                __isr_1
 .text.cc2420_timerb1_interrupt
                0x000042f6       0x26 build/sky/obj/cc2420-arch-sfd.o
                0x000042f6                cc2420_timerb1_interrupt
                0x000042f6                __isr_12
 .text.cc2420_arch_sfd_init
                0x0000431c       0x26 build/sky/obj/cc2420-arch-sfd.o
                0x0000431c                cc2420_arch_sfd_init
 .text.cc2420_port1_interrupt
                0x00004342       0x20 build/sky/obj/cc2420-arch.o
                0x00004342                __isr_4
                0x00004342                cc2420_port1_interrupt
 .text.cc2420_arch_init
                0x00004362       0x1e build/sky/obj/cc2420-arch.o
                0x00004362                cc2420_arch_init
 .text.set_object
                0x00004380        0x4 build/sky/obj/cc2420.o
 .text.strobe   0x00004384       0x1c build/sky/obj/cc2420.o
 .text.getreg   0x000043a0       0x4c build/sky/obj/cc2420.o
 .text.setreg   0x000043ec       0x4c build/sky/obj/cc2420.o
 .text.write_ram
                0x00004438       0x7c build/sky/obj/cc2420.o
 .text.write_fifo_buf
                0x000044b4       0x3c build/sky/obj/cc2420.o
 .text.get_status
                0x000044f0       0x20 build/sky/obj/cc2420.o
 .text.on       0x00004510       0x1a build/sky/obj/cc2420.o
 .text.cc2420_receiving_packet
                0x0000452a        0xc build/sky/obj/cc2420.o
 .text.pending_packet
                0x00004536        0x8 build/sky/obj/cc2420.o
 .text.wait_for_transmission
                0x0000453e       0x22 build/sky/obj/cc2420.o
 .text.wait_for_status
                0x00004560       0x28 build/sky/obj/cc2420.o
 .text.getrxdata
                0x00004588       0x50 build/sky/obj/cc2420.o
 .text.flushrx  0x000045d8       0x1a build/sky/obj/cc2420.o
 .text.off      0x000045f2       0x28 build/sky/obj/cc2420.o
 .text.RELEASE_LOCK
                0x0000461a       0x28 build/sky/obj/cc2420.o
 .text.set_key  0x00004642       0x18 build/sky/obj/cc2420.o
 .text.set_frame_filtering
                0x0000465a       0x30 build/sky/obj/cc2420.o
 .text.set_auto_ack
                0x0000468a       0x30 build/sky/obj/cc2420.o
 .text.set_poll_mode
                0x000046ba       0x2c build/sky/obj/cc2420.o
 .text.get_object
                0x000046e6       0x20 build/sky/obj/cc2420.o
 .text.cc2420_prepare
                0x00004706       0x46 build/sky/obj/cc2420.o
 .text.cc2420_on
                0x0000474c       0x22 build/sky/obj/cc2420.o
                0x0000474c                cc2420_on
 .text.cc2420_transmit
                0x0000476e       0x66 build/sky/obj/cc2420.o
 .text.cc2420_send
                0x000047d4       0x12 build/sky/obj/cc2420.o
 .text.cc2420_off
                0x000047e6       0x30 build/sky/obj/cc2420.o
                0x000047e6                cc2420_off
 .text.cc2420_cca
                0x00004816       0x68 build/sky/obj/cc2420.o
 .text.cc2420_read
                0x0000487e       0xbe build/sky/obj/cc2420.o
 .text.process_thread_cc2420_process
                0x0000493c       0x56 build/sky/obj/cc2420.o
 .text.encrypt  0x00004992       0x88 build/sky/obj/cc2420.o
 .text.cc2420_set_channel
                0x00004a1a       0x3c build/sky/obj/cc2420.o
                0x00004a1a                cc2420_set_channel
 .text.cc2420_set_pan_addr
                0x00004a56       0x4c build/sky/obj/cc2420.o
                0x00004a56                cc2420_set_pan_addr
 .text.cc2420_interrupt
                0x00004aa2       0x16 build/sky/obj/cc2420.o
                0x00004aa2                cc2420_interrupt
 .text.cc2420_set_txpower
                0x00004ab8       0x2c build/sky/obj/cc2420.o
                0x00004ab8                cc2420_set_txpower
 .text.cc2420_get_txpower
                0x00004ae4       0x1e build/sky/obj/cc2420.o
                0x00004ae4                cc2420_get_txpower
 .text.cc2420_rssi
                0x00004b02       0x4c build/sky/obj/cc2420.o
                0x00004b02                cc2420_rssi
 .text.get_value
                0x00004b4e      0x11e build/sky/obj/cc2420.o
 .text.cc2420_set_cca_threshold
                0x00004c6c       0x16 build/sky/obj/cc2420.o
                0x00004c6c                cc2420_set_cca_threshold
 .text.set_value
                0x00004c82      0x150 build/sky/obj/cc2420.o
 .text.cc2420_init
                0x00004dd2       0xea build/sky/obj/cc2420.o
                0x00004dd2                cc2420_init
 .text.timera1  0x00004ebc       0xd8 build/sky/obj/clock.o
                0x00004ebc                __isr_5
                0x00004ebc                timera1
 .text.clock_time
                0x00004f94       0x1a build/sky/obj/clock.o
                0x00004f94                clock_time
 .text.clock_init
                0x00004fae       0x28 build/sky/obj/clock.o
                0x00004fae                clock_init
 .text.clock_delay
                0x00004fd6        0xc build/sky/obj/clock.o
                0x00004fd6                clock_delay
 .text.process_thread_ctimer_process
                0x00004fe2       0x9a build/sky/obj/ctimer.o
 .text.ctimer_init
                0x0000507c       0x10 build/sky/obj/ctimer.o
                0x0000507c                ctimer_init
 .text.ctimer_set_with_process
                0x0000508c       0x4e build/sky/obj/ctimer.o
                0x0000508c                ctimer_set_with_process
 .text.ctimer_reset
                0x000050da       0x30 build/sky/obj/ctimer.o
                0x000050da                ctimer_reset
 .text.ctimer_stop
                0x0000510a       0x28 build/sky/obj/ctimer.o
                0x0000510a                ctimer_stop
 .text.owreadb  0x00005132       0x50 build/sky/obj/ds2411.o
 .text.ds2411_init
                0x00005182      0x120 build/sky/obj/ds2411.o
                0x00005182                ds2411_init
 .text.update_time
                0x000052a2       0x78 build/sky/obj/etimer.o
 .text.etimer_request_poll
                0x0000531a        0xa build/sky/obj/etimer.o
                0x0000531a                etimer_request_poll
 .text.process_thread_etimer_process
                0x00005324       0xcc build/sky/obj/etimer.o
 .text.add_timer
                0x000053f0       0x40 build/sky/obj/etimer.o
 .text.etimer_set
                0x00005430       0x12 build/sky/obj/etimer.o
                0x00005430                etimer_set
 .text.etimer_reset
                0x00005442       0x12 build/sky/obj/etimer.o
                0x00005442                etimer_reset
 .text.etimer_restart
                0x00005454       0x12 build/sky/obj/etimer.o
                0x00005454                etimer_restart
 .text.etimer_pending
                0x00005466        0xc build/sky/obj/etimer.o
                0x00005466                etimer_pending
 .text.etimer_next_expiration_time
                0x00005472       0x16 build/sky/obj/etimer.o
                0x00005472                etimer_next_expiration_time
 .text.etimer_stop
                0x00005488       0x3e build/sky/obj/etimer.o
                0x00005488                etimer_stop
 .text.frame802154_get_pan_id
                0x000054c6        0x6 build/sky/obj/frame802154.o
                0x000054c6                frame802154_get_pan_id
 .text.frame802154_set_pan_id
                0x000054cc        0x6 build/sky/obj/frame802154.o
                0x000054cc                frame802154_set_pan_id
 .text.frame802154_has_panid
                0x000054d2       0xe0 build/sky/obj/frame802154.o
                0x000054d2                frame802154_has_panid
 .text.field_len
                0x000055b2       0xaa build/sky/obj/frame802154.o
 .text.frame802154_check_dest_panid
                0x0000565c       0x3a build/sky/obj/frame802154.o
                0x0000565c                frame802154_check_dest_panid
 .text.frame802154_is_broadcast_addr
                0x00005696       0x28 build/sky/obj/frame802154.o
                0x00005696                frame802154_is_broadcast_addr
 .text.frame802154_extract_linkaddr
                0x000056be       0x9c build/sky/obj/frame802154.o
                0x000056be                frame802154_extract_linkaddr
 .text.frame802154_hdrlen
                0x0000575a       0x32 build/sky/obj/frame802154.o
                0x0000575a                frame802154_hdrlen
 .text.frame802154_create_fcf
                0x0000578c       0x96 build/sky/obj/frame802154.o
                0x0000578c                frame802154_create_fcf
 .text.frame802154_create
                0x00005822       0xd2 build/sky/obj/frame802154.o
                0x00005822                frame802154_create
 .text.frame802154_parse_fcf
                0x000058f4       0xbc build/sky/obj/frame802154.o
                0x000058f4                frame802154_parse_fcf
 .text.frame802154_parse
                0x000059b0      0x168 build/sky/obj/frame802154.o
                0x000059b0                frame802154_parse
 .text.frame80215e_create_ie_header_ack_nack_time_correction
                0x00005b18       0x38 build/sky/obj/frame802154e-ie.o
                0x00005b18                frame80215e_create_ie_header_ack_nack_time_correction
 .text.frame80215e_create_ie_header_list_termination_1
                0x00005b50       0x1c build/sky/obj/frame802154e-ie.o
                0x00005b50                frame80215e_create_ie_header_list_termination_1
 .text.frame80215e_create_ie_mlme
                0x00005b6c       0x28 build/sky/obj/frame802154e-ie.o
                0x00005b6c                frame80215e_create_ie_mlme
 .text.frame80215e_create_ie_tsch_synchronization
                0x00005b94       0x56 build/sky/obj/frame802154e-ie.o
                0x00005b94                frame80215e_create_ie_tsch_synchronization
 .text.frame80215e_create_ie_tsch_slotframe_and_link
                0x00005bea       0xd4 build/sky/obj/frame802154e-ie.o
                0x00005bea                frame80215e_create_ie_tsch_slotframe_and_link
 .text.frame80215e_create_ie_tsch_timeslot
                0x00005cbe       0x6a build/sky/obj/frame802154e-ie.o
                0x00005cbe                frame80215e_create_ie_tsch_timeslot
 .text.frame80215e_create_ie_tsch_channel_hopping_sequence
                0x00005d28       0xa2 build/sky/obj/frame802154e-ie.o
                0x00005d28                frame80215e_create_ie_tsch_channel_hopping_sequence
 .text.frame802154e_parse_information_elements
                0x00005dca      0x38a build/sky/obj/frame802154e-ie.o
                0x00005dca                frame802154e_parse_information_elements
 .text.parse    0x00006154       0xa2 build/sky/obj/framer-802154.o
 .text.framer_802154_setup_params
                0x000061f6       0xba build/sky/obj/framer-802154.o
                0x000061f6                framer_802154_setup_params
 .text.create_frame
                0x000062b0       0xa2 build/sky/obj/framer-802154.o
 .text.create   0x00006352        0x8 build/sky/obj/framer-802154.o
 .text.hdr_length
                0x0000635a        0x8 build/sky/obj/framer-802154.o
 .text.int_master_read_and_disable
                0x00006362        0x8 build/sky/obj/int-master.o
                0x00006362                int_master_read_and_disable
 .text.int_master_status_set
                0x0000636a        0x4 build/sky/obj/int-master.o
                0x0000636a                int_master_status_set
 .text.leds_arch_init
                0x0000636e        0xe build/sky/obj/leds-arch.o
                0x0000636e                leds_arch_init
 .text.leds_arch_get
                0x0000637c       0x34 build/sky/obj/leds-arch.o
                0x0000637c                leds_arch_get
 .text.leds_arch_set
                0x000063b0       0x3e build/sky/obj/leds-arch.o
                0x000063b0                leds_arch_set
 .text.leds_init
                0x000063ee        0x6 build/sky/obj/leds.o
                0x000063ee                leds_init
 .text.leds_on  0x000063f4       0x12 build/sky/obj/leds.o
                0x000063f4                leds_on
 .text.leds_off
                0x00006406       0x12 build/sky/obj/leds.o
                0x00006406                leds_off
 .text.link_stats_is_fresh
                0x00006418       0x30 build/sky/obj/link-stats.o
                0x00006418                link_stats_is_fresh
 .text.link_stats_packet_sent
                0x00006448       0xf4 build/sky/obj/link-stats.o
                0x00006448                link_stats_packet_sent
 .text.link_stats_input_callback
                0x0000653c      0x106 build/sky/obj/link-stats.o
                0x0000653c                link_stats_input_callback
 .text.linkaddr_copy
                0x00006642        0x8 build/sky/obj/linkaddr.o
                0x00006642                linkaddr_copy
 .text.linkaddr_cmp
                0x0000664a       0x12 build/sky/obj/linkaddr.o
                0x0000664a                linkaddr_cmp
 .text.list_tail
                0x0000665c       0x12 build/sky/obj/list.o
                0x0000665c                list_tail
 .text.list_remove
                0x0000666e       0x34 build/sky/obj/list.o
                0x0000666e                list_remove
 .text.list_add
                0x000066a2       0x2a build/sky/obj/list.o
                0x000066a2                list_add
 .text.log_lladdr
                0x000066cc       0x44 build/sky/obj/log.o
                0x000066cc                log_lladdr
 .text.mac_sequence_init
                0x00006710        0xa build/sky/obj/mac-sequence.o
                0x00006710                mac_sequence_init
 .text.mac_sequence_set_dsn
                0x0000671a       0x18 build/sky/obj/mac-sequence.o
                0x0000671a                mac_sequence_set_dsn
 .text.mac_sequence_is_duplicate
                0x00006732       0x84 build/sky/obj/mac-sequence.o
                0x00006732                mac_sequence_is_duplicate
 .text.mac_sequence_register_seqno
                0x000067b6       0x90 build/sky/obj/mac-sequence.o
                0x000067b6                mac_sequence_register_seqno
 .text.memb_init
                0x00006846       0x36 build/sky/obj/memb.o
                0x00006846                memb_init
 .text.memb_alloc
                0x0000687c       0x3e build/sky/obj/memb.o
                0x0000687c                memb_alloc
 .text.memb_free
                0x000068ba       0x32 build/sky/obj/memb.o
                0x000068ba                memb_free
 .text.memb_inmemb
                0x000068ec       0x2a build/sky/obj/memb.o
                0x000068ec                memb_inmemb
 .text.memb_numfree
                0x00006916       0x26 build/sky/obj/memb.o
                0x00006916                memb_numfree
 .text.msp430_init_dco
                0x0000693c       0x82 build/sky/obj/msp430.o
                0x0000693c                msp430_init_dco
 .text.msp430_add_lpm_req
                0x000069be        0xc build/sky/obj/msp430.o
                0x000069be                msp430_add_lpm_req
 .text.msp430_cpu_init
                0x000069ca       0x2a build/sky/obj/msp430.o
                0x000069ca                msp430_cpu_init
 .text.splhigh_
                0x000069f4        0xa build/sky/obj/msp430.o
                0x000069f4                splhigh_
 .text.item_from_index
                0x000069fe       0x2a build/sky/obj/nbr-table.o
 .text.index_from_key
                0x00006a28       0x26 build/sky/obj/nbr-table.o
 .text.index_from_item
                0x00006a4e       0x1e build/sky/obj/nbr-table.o
 .text.nbr_set_bit
                0x00006a6c       0x54 build/sky/obj/nbr-table.o
 .text.index_from_lladdr
                0x00006ac0       0x38 build/sky/obj/nbr-table.o
 .text.used_count
                0x00006af8       0x22 build/sky/obj/nbr-table.o
 .text.nbr_get_bit.constprop.3
                0x00006b1a       0x2a build/sky/obj/nbr-table.o
 .text.remove_key
                0x00006b44       0x84 build/sky/obj/nbr-table.o
 .text.nbr_table_gc_get_worst
                0x00006bc8       0x28 build/sky/obj/nbr-table.o
                0x00006bc8                nbr_table_gc_get_worst
 .text.nbr_table_is_registered
                0x00006bf0       0x22 build/sky/obj/nbr-table.o
                0x00006bf0                nbr_table_is_registered
 .text.nbr_table_register
                0x00006c12       0x40 build/sky/obj/nbr-table.o
                0x00006c12                nbr_table_register
 .text.nbr_table_next
                0x00006c52       0x5a build/sky/obj/nbr-table.o
                0x00006c52                nbr_table_next
 .text.nbr_table_head
                0x00006cac       0x36 build/sky/obj/nbr-table.o
                0x00006cac                nbr_table_head
 .text.nbr_table_get_from_lladdr
                0x00006ce2       0x2c build/sky/obj/nbr-table.o
                0x00006ce2                nbr_table_get_from_lladdr
 .text.entry_is_allowed.isra.2
                0x00006d0e       0x74 build/sky/obj/nbr-table.o
 .text.nbr_table_add_lladdr
                0x00006d82       0xc2 build/sky/obj/nbr-table.o
                0x00006d82                nbr_table_add_lladdr
 .text.nbr_table_remove
                0x00006e44       0x32 build/sky/obj/nbr-table.o
                0x00006e44                nbr_table_remove
 .text.nbr_table_lock
                0x00006e76       0x10 build/sky/obj/nbr-table.o
                0x00006e76                nbr_table_lock
 .text.nbr_table_get_lladdr
                0x00006e86       0x22 build/sky/obj/nbr-table.o
                0x00006e86                nbr_table_get_lladdr
 .text.process_thread_nullnet_example_process
                0x00006ea8       0xbe build/sky/obj/nullnet-broadcast.o
 .text.input_callback
                0x00006f66       0x4a build/sky/obj/nullnet-broadcast.o
                0x00006f66                input_callback
 .text.init     0x00006fb0        0x6 build/sky/obj/nullnet.o
 .text.output   0x00006fb6       0x42 build/sky/obj/nullnet.o
 .text.input    0x00006ff8       0x40 build/sky/obj/nullnet.o
 .text.nullnet_set_input_callback
                0x00007038        0x6 build/sky/obj/nullnet.o
                0x00007038                nullnet_set_input_callback
 .text.init     0x0000703e        0x2 build/sky/obj/nullrouting.o
 .text.root_set_prefix
                0x00007040        0x2 build/sky/obj/nullrouting.o
 .text.root_start
                0x00007042        0x4 build/sky/obj/nullrouting.o
 .text.node_is_root
                0x00007046        0x4 build/sky/obj/nullrouting.o
 .text.get_root_ipaddr
                0x0000704a        0x4 build/sky/obj/nullrouting.o
 .text.get_sr_node_ipaddr
                0x0000704e        0x4 build/sky/obj/nullrouting.o
 .text.leave_network
                0x00007052        0x2 build/sky/obj/nullrouting.o
 .text.node_has_joined
                0x00007054        0x4 build/sky/obj/nullrouting.o
 .text.node_is_reachable
                0x00007058        0x4 build/sky/obj/nullrouting.o
 .text.global_repair
                0x0000705c        0x2 build/sky/obj/nullrouting.o
 .text.local_repair
                0x0000705e        0x2 build/sky/obj/nullrouting.o
 .text.ext_header_remove
                0x00007060        0x4 build/sky/obj/nullrouting.o
 .text.ext_header_update
                0x00007064        0x4 build/sky/obj/nullrouting.o
 .text.ext_header_hbh_update
                0x00007068        0x4 build/sky/obj/nullrouting.o
 .text.ext_header_srh_update
                0x0000706c        0x4 build/sky/obj/nullrouting.o
 .text.ext_header_srh_get_next_hop
                0x00007070        0x4 build/sky/obj/nullrouting.o
 .text.link_callback
                0x00007074        0x2 build/sky/obj/nullrouting.o
 .text.neighbor_state_changed
                0x00007076        0x2 build/sky/obj/nullrouting.o
 .text.drop_route
                0x00007078        0x2 build/sky/obj/nullrouting.o
 .text.is_in_leaf_mode
                0x0000707a        0x4 build/sky/obj/nullrouting.o
 .text.packetbuf_hdrreduce
                0x0000707e       0x1a build/sky/obj/packetbuf.o
                0x0000707e                packetbuf_hdrreduce
 .text.packetbuf_set_datalen
                0x00007098        0x6 build/sky/obj/packetbuf.o
                0x00007098                packetbuf_set_datalen
 .text.packetbuf_hdrptr
                0x0000709e        0x6 build/sky/obj/packetbuf.o
                0x0000709e                packetbuf_hdrptr
 .text.packetbuf_datalen
                0x000070a4        0x6 build/sky/obj/packetbuf.o
                0x000070a4                packetbuf_datalen
 .text.packetbuf_hdrlen
                0x000070aa        0xa build/sky/obj/packetbuf.o
                0x000070aa                packetbuf_hdrlen
 .text.packetbuf_dataptr
                0x000070b4        0xc build/sky/obj/packetbuf.o
                0x000070b4                packetbuf_dataptr
 .text.packetbuf_copyto
                0x000070c0       0x46 build/sky/obj/packetbuf.o
                0x000070c0                packetbuf_copyto
 .text.packetbuf_totlen
                0x00007106        0xc build/sky/obj/packetbuf.o
                0x00007106                packetbuf_totlen
 .text.packetbuf_hdralloc
                0x00007112       0x3c build/sky/obj/packetbuf.o
                0x00007112                packetbuf_hdralloc
 .text.packetbuf_remaininglen
                0x0000714e        0xe build/sky/obj/packetbuf.o
                0x0000714e                packetbuf_remaininglen
 .text.packetbuf_attr_clear
                0x0000715c       0x28 build/sky/obj/packetbuf.o
                0x0000715c                packetbuf_attr_clear
 .text.packetbuf_clear
                0x00007184       0x12 build/sky/obj/packetbuf.o
                0x00007184                packetbuf_clear
 .text.packetbuf_copyfrom
                0x00007196       0x2e build/sky/obj/packetbuf.o
                0x00007196                packetbuf_copyfrom
 .text.packetbuf_attr_copyto
                0x000071c4       0x22 build/sky/obj/packetbuf.o
                0x000071c4                packetbuf_attr_copyto
 .text.packetbuf_attr_copyfrom
                0x000071e6       0x24 build/sky/obj/packetbuf.o
                0x000071e6                packetbuf_attr_copyfrom
 .text.packetbuf_set_attr
                0x0000720a        0xa build/sky/obj/packetbuf.o
                0x0000720a                packetbuf_set_attr
 .text.packetbuf_attr
                0x00007214        0xa build/sky/obj/packetbuf.o
                0x00007214                packetbuf_attr
 .text.packetbuf_set_addr
                0x0000721e       0x16 build/sky/obj/packetbuf.o
                0x0000721e                packetbuf_set_addr
 .text.packetbuf_addr
                0x00007234       0x12 build/sky/obj/packetbuf.o
                0x00007234                packetbuf_addr
 .text.packetbuf_holds_broadcast
                0x00007246        0xe build/sky/obj/packetbuf.o
                0x00007246                packetbuf_holds_broadcast
 .text.platform_init_stage_one
                0x00007254       0x12 build/sky/obj/platform.o
                0x00007254                platform_init_stage_one
 .text.platform_init_stage_two
                0x00007266       0x6c build/sky/obj/platform.o
                0x00007266                platform_init_stage_two
 .text.platform_init_stage_three
                0x000072d2       0x7e build/sky/obj/platform.o
                0x000072d2                platform_init_stage_three
 .text.platform_idle
                0x00007350       0x38 build/sky/obj/platform.o
                0x00007350                platform_idle
 .text.call_process
                0x00007388       0x46 build/sky/obj/process.o
 .text.exit_process
                0x000073ce       0x98 build/sky/obj/process.o
 .text.do_poll  0x00007466       0x30 build/sky/obj/process.o
 .text.process_alloc_event
                0x00007496       0x18 build/sky/obj/process.o
                0x00007496                process_alloc_event
 .text.process_init
                0x000074ae        0x8 build/sky/obj/process.o
                0x000074ae                process_init
 .text.process_run
                0x000074b6       0x8c build/sky/obj/process.o
                0x000074b6                process_run
 .text.process_nevents
                0x00007542        0xa build/sky/obj/process.o
                0x00007542                process_nevents
 .text.process_post
                0x0000754c       0x42 build/sky/obj/process.o
                0x0000754c                process_post
 .text.process_post_synch
                0x0000758e       0x12 build/sky/obj/process.o
                0x0000758e                process_post_synch
 .text.process_start
                0x000075a0       0x36 build/sky/obj/process.o
                0x000075a0                process_start
 .text.process_poll
                0x000075d6       0x18 build/sky/obj/process.o
                0x000075d6                process_poll
 .text.queuebuf_init
                0x000075ee       0x12 build/sky/obj/queuebuf.o
                0x000075ee                queuebuf_init
 .text.queuebuf_new_from_packetbuf
                0x00007600       0x52 build/sky/obj/queuebuf.o
                0x00007600                queuebuf_new_from_packetbuf
 .text.queuebuf_free
                0x00007652       0x2a build/sky/obj/queuebuf.o
                0x00007652                queuebuf_free
 .text.queuebuf_to_packetbuf
                0x0000767c       0x32 build/sky/obj/queuebuf.o
                0x0000767c                queuebuf_to_packetbuf
 .text.queuebuf_dataptr
                0x000076ae       0x1c build/sky/obj/queuebuf.o
                0x000076ae                queuebuf_dataptr
 .text.queuebuf_datalen
                0x000076ca        0x8 build/sky/obj/queuebuf.o
                0x000076ca                queuebuf_datalen
 .text.random_init
                0x000076d2        0x6 build/sky/obj/random.o
                0x000076d2                random_init
 .text.random_rand
                0x000076d8        0x6 build/sky/obj/random.o
                0x000076d8                random_rand
 .text.ringbuf_put
                0x000076de       0x38 build/sky/obj/ringbuf.o
                0x000076de                ringbuf_put
 .text.ringbuf_get
                0x00007716       0x32 build/sky/obj/ringbuf.o
                0x00007716                ringbuf_get
 .text.ringbufindex_init
                0x00007748       0x10 build/sky/obj/ringbufindex.o
                0x00007748                ringbufindex_init
 .text.ringbufindex_put
                0x00007758       0x28 build/sky/obj/ringbufindex.o
                0x00007758                ringbufindex_put
 .text.ringbufindex_peek_put
                0x00007780       0x1c build/sky/obj/ringbufindex.o
                0x00007780                ringbufindex_peek_put
 .text.ringbufindex_get
                0x0000779c       0x2c build/sky/obj/ringbufindex.o
                0x0000779c                ringbufindex_get
 .text.ringbufindex_peek_get
                0x000077c8       0x16 build/sky/obj/ringbufindex.o
                0x000077c8                ringbufindex_peek_get
 .text.timera0  0x000077de       0x2c build/sky/obj/rtimer-arch.o
                0x000077de                __isr_6
                0x000077de                timera0
 .text.rtimer_arch_init
                0x0000780a        0xe build/sky/obj/rtimer-arch.o
                0x0000780a                rtimer_arch_init
 .text.rtimer_arch_now
                0x00007818        0xe build/sky/obj/rtimer-arch.o
                0x00007818                rtimer_arch_now
 .text.rtimer_arch_schedule
                0x00007826        0x6 build/sky/obj/rtimer-arch.o
                0x00007826                rtimer_arch_schedule
 .text.rtimer_set
                0x0000782c       0x28 build/sky/obj/rtimer.o
                0x0000782c                rtimer_set
 .text.rtimer_run_next
                0x00007854       0x18 build/sky/obj/rtimer.o
                0x00007854                rtimer_run_next
 .text.process_thread_sensors_process
                0x0000786c       0xc2 build/sky/obj/sensors.o
 .text.sensors_changed
                0x0000792e       0x2a build/sky/obj/sensors.o
                0x0000792e                sensors_changed
 .text.process_thread_serial_line_process
                0x00007958       0xa4 build/sky/obj/serial-line.o
 .text.serial_line_input_byte
                0x000079fc       0x42 build/sky/obj/serial-line.o
                0x000079fc                serial_line_input_byte
 .text.serial_line_init
                0x00007a3e       0x24 build/sky/obj/serial-line.o
                0x00007a3e                serial_line_init
 .text.spi_init
                0x00007a62       0x30 build/sky/obj/spi-legacy.o
                0x00007a62                spi_init
 .text.stack_check_init
                0x00007a92       0x2e build/sky/obj/stack-check.o
                0x00007a92                stack_check_init
 .text.stack_check_get_usage
                0x00007ac0       0x46 build/sky/obj/stack-check.o
                0x00007ac0                stack_check_get_usage
 .text.process_thread_stack_check_process
                0x00007b06       0x90 build/sky/obj/stack-check.o
 .text.timer_set
                0x00007b96       0x1c build/sky/obj/timer.o
                0x00007b96                timer_set
 .text.timer_restart
                0x00007bb2       0x14 build/sky/obj/timer.o
                0x00007bb2                timer_restart
 .text.timer_expired
                0x00007bc6       0x2a build/sky/obj/timer.o
                0x00007bc6                timer_expired
 .text.timer_reset
                0x00007bf0       0x1c build/sky/obj/timer.o
                0x00007bf0                timer_reset
 .text.tsch_timesync_adaptive_compensate
                0x00007c0c      0x222 build/sky/obj/tsch-adaptive-timesync.o
                0x00007c0c                tsch_timesync_adaptive_compensate
 .text.tsch_adaptive_timesync_reset
                0x00007e2e       0x22 build/sky/obj/tsch-adaptive-timesync.o
                0x00007e2e                tsch_adaptive_timesync_reset
 .text.tsch_timesync_update
                0x00007e50      0x1a4 build/sky/obj/tsch-adaptive-timesync.o
                0x00007e50                tsch_timesync_update
 .text.tsch_packet_eackbuf_attr
                0x00007ff4        0xa build/sky/obj/tsch-packet.o
                0x00007ff4                tsch_packet_eackbuf_attr
 .text.tsch_packet_create_eack
                0x00007ffe       0xc2 build/sky/obj/tsch-packet.o
                0x00007ffe                tsch_packet_create_eack
 .text.tsch_packet_parse_eack
                0x000080c0       0xce build/sky/obj/tsch-packet.o
                0x000080c0                tsch_packet_parse_eack
 .text.tsch_packet_create_eb
                0x0000818e      0x164 build/sky/obj/tsch-packet.o
                0x0000818e                tsch_packet_create_eb
 .text.tsch_packet_update_eb
                0x000082f2       0x4a build/sky/obj/tsch-packet.o
                0x000082f2                tsch_packet_update_eb
 .text.tsch_packet_parse_eb
                0x0000833c       0x94 build/sky/obj/tsch-packet.o
                0x0000833c                tsch_packet_parse_eb
 .text.tsch_packet_set_frame_pending
                0x000083d0        0x8 build/sky/obj/tsch-packet.o
                0x000083d0                tsch_packet_set_frame_pending
 .text.tsch_packet_get_frame_pending
                0x000083d8       0x16 build/sky/obj/tsch-packet.o
                0x000083d8                tsch_packet_get_frame_pending
 .text.tsch_queue_get_nbr
                0x000083ee       0x1e build/sky/obj/tsch-queue.o
                0x000083ee                tsch_queue_get_nbr
 .text.tsch_queue_add_nbr
                0x0000840c       0x86 build/sky/obj/tsch-queue.o
                0x0000840c                tsch_queue_add_nbr
 .text.tsch_queue_get_time_source
                0x00008492       0x2e build/sky/obj/tsch-queue.o
                0x00008492                tsch_queue_get_time_source
 .text.tsch_queue_get_nbr_address
                0x000084c0        0xc build/sky/obj/tsch-queue.o
                0x000084c0                tsch_queue_get_nbr_address
 .text.tsch_queue_update_time_source
                0x000084cc       0x64 build/sky/obj/tsch-queue.o
                0x000084cc                tsch_queue_update_time_source
 .text.tsch_queue_add_packet
                0x00008530       0xa0 build/sky/obj/tsch-queue.o
                0x00008530                tsch_queue_add_packet
 .text.tsch_queue_nbr_packet_count
                0x000085d0       0x1c build/sky/obj/tsch-queue.o
                0x000085d0                tsch_queue_nbr_packet_count
 .text.tsch_queue_remove_packet_from_queue
                0x000085ec       0x2e build/sky/obj/tsch-queue.o
                0x000085ec                tsch_queue_remove_packet_from_queue
 .text.tsch_queue_free_packet
                0x0000861a       0x1c build/sky/obj/tsch-queue.o
                0x0000861a                tsch_queue_free_packet
 .text.tsch_queue_is_empty
                0x00008636       0x2a build/sky/obj/tsch-queue.o
                0x00008636                tsch_queue_is_empty
 .text.tsch_queue_flush_nbr_queue
                0x00008660       0x42 build/sky/obj/tsch-queue.o
 .text.tsch_queue_reset
                0x000086a2       0x3e build/sky/obj/tsch-queue.o
                0x000086a2                tsch_queue_reset
 .text.tsch_queue_free_unused_neighbors
                0x000086e0       0x62 build/sky/obj/tsch-queue.o
                0x000086e0                tsch_queue_free_unused_neighbors
 .text.tsch_queue_get_packet_for_nbr
                0x00008742       0x56 build/sky/obj/tsch-queue.o
                0x00008742                tsch_queue_get_packet_for_nbr
 .text.tsch_queue_get_unicast_packet_for_any
                0x00008798       0x5c build/sky/obj/tsch-queue.o
                0x00008798                tsch_queue_get_unicast_packet_for_any
 .text.tsch_queue_backoff_inc
                0x000087f4       0x52 build/sky/obj/tsch-queue.o
                0x000087f4                tsch_queue_backoff_inc
 .text.tsch_queue_packet_sent
                0x00008846       0x76 build/sky/obj/tsch-queue.o
                0x00008846                tsch_queue_packet_sent
 .text.tsch_queue_update_all_backoff_windows
                0x000088bc       0x66 build/sky/obj/tsch-queue.o
                0x000088bc                tsch_queue_update_all_backoff_windows
 .text.tsch_queue_init
                0x00008922       0x2c build/sky/obj/tsch-queue.o
                0x00008922                tsch_queue_init
 .text.tsch_roots_add_address
                0x0000894e        0x2 build/sky/obj/tsch-roots.o
                0x0000894e                tsch_roots_add_address
 .text.tsch_roots_set_self_to_root
                0x00008950        0x2 build/sky/obj/tsch-roots.o
                0x00008950                tsch_roots_set_self_to_root
 .text.tsch_roots_init
                0x00008952        0x2 build/sky/obj/tsch-roots.o
                0x00008952                tsch_roots_init
 .text.tsch_schedule_get_slotframe_by_handle
                0x00008954       0x26 build/sky/obj/tsch-schedule.o
                0x00008954                tsch_schedule_get_slotframe_by_handle
 .text.tsch_schedule_add_slotframe
                0x0000897a       0x78 build/sky/obj/tsch-schedule.o
                0x0000897a                tsch_schedule_add_slotframe
 .text.tsch_schedule_remove_link
                0x000089f2       0x7e build/sky/obj/tsch-schedule.o
                0x000089f2                tsch_schedule_remove_link
 .text.tsch_schedule_remove_slotframe
                0x00008a70       0x42 build/sky/obj/tsch-schedule.o
                0x00008a70                tsch_schedule_remove_slotframe
 .text.tsch_schedule_remove_all_slotframes
                0x00008ab2       0x1a build/sky/obj/tsch-schedule.o
                0x00008ab2                tsch_schedule_remove_all_slotframes
 .text.tsch_schedule_get_link_by_timeslot
                0x00008acc       0x30 build/sky/obj/tsch-schedule.o
                0x00008acc                tsch_schedule_get_link_by_timeslot
 .text.tsch_schedule_add_link
                0x00008afc       0xd8 build/sky/obj/tsch-schedule.o
                0x00008afc                tsch_schedule_add_link
 .text.tsch_schedule_get_next_active_link
                0x00008bd4      0x1ae build/sky/obj/tsch-schedule.o
                0x00008bd4                tsch_schedule_get_next_active_link
 .text.tsch_schedule_init
                0x00008d82       0x28 build/sky/obj/tsch-schedule.o
                0x00008d82                tsch_schedule_init
 .text.tsch_schedule_create_minimal
                0x00008daa       0x28 build/sky/obj/tsch-schedule.o
                0x00008daa                tsch_schedule_create_minimal
 .text.tsch_security_set_packetbuf_attr
                0x00008dd2        0x2 build/sky/obj/tsch-security.o
                0x00008dd2                tsch_security_set_packetbuf_attr
 .text.update_link_backoff
                0x00008dd4       0x1a build/sky/obj/tsch-slot-operation.o
 .text.tsch_radio_on.part.2
                0x00008dee        0x6 build/sky/obj/tsch-slot-operation.o
 .text.tsch_radio_off.part.3
                0x00008df4        0x6 build/sky/obj/tsch-slot-operation.o
 .text.tsch_schedule_slot_operation.isra.4
                0x00008dfa       0x6a build/sky/obj/tsch-slot-operation.o
 .text.get_packet_and_neighbor_for_link.constprop.7
                0x00008e64       0x68 build/sky/obj/tsch-slot-operation.o
 .text.tsch_tx_slot.constprop.6
                0x00008ecc      0x43c build/sky/obj/tsch-slot-operation.o
 .text.tsch_slot_operation
                0x00009308      0x732 build/sky/obj/tsch-slot-operation.o
 .text.tsch_is_locked
                0x00009a3a        0x6 build/sky/obj/tsch-slot-operation.o
                0x00009a3a                tsch_is_locked
 .text.tsch_get_lock
                0x00009a40       0x42 build/sky/obj/tsch-slot-operation.o
                0x00009a40                tsch_get_lock
 .text.tsch_release_lock
                0x00009a82        0x6 build/sky/obj/tsch-slot-operation.o
                0x00009a82                tsch_release_lock
 .text.tsch_slot_operation_start
                0x00009a88       0x8e build/sky/obj/tsch-slot-operation.o
                0x00009a88                tsch_slot_operation_start
 .text.tsch_slot_operation_sync
                0x00009b16       0x46 build/sky/obj/tsch-slot-operation.o
                0x00009b16                tsch_slot_operation_sync
 .text.turn_off
                0x00009b5c        0x8 build/sky/obj/tsch.o
 .text.tsch_reset
                0x00009b64       0x9e build/sky/obj/tsch.o
 .text.process_thread_tsch_send_eb_process
                0x00009c02      0x152 build/sky/obj/tsch.o
 .text.max_payload
                0x00009d54       0x3e build/sky/obj/tsch.o
 .text.turn_on  0x00009d92       0x36 build/sky/obj/tsch.o
 .text.tsch_init
                0x00009dc8       0xb6 build/sky/obj/tsch.o
 .text.packet_input
                0x00009e7e       0x26 build/sky/obj/tsch.o
 .text.send_packet
                0x00009ea4       0xb6 build/sky/obj/tsch.o
 .text.keepalive_send
                0x00009f5a       0x3a build/sky/obj/tsch.o
 .text.tsch_set_coordinator
                0x00009f94       0x28 build/sky/obj/tsch.o
                0x00009f94                tsch_set_coordinator
 .text.tsch_schedule_keepalive
                0x00009fbc       0x20 build/sky/obj/tsch.o
                0x00009fbc                tsch_schedule_keepalive
 .text.tsch_set_ka_timeout
                0x00009fdc       0x10 build/sky/obj/tsch.o
                0x00009fdc                tsch_set_ka_timeout
 .text.tsch_disassociate
                0x00009fec       0x18 build/sky/obj/tsch.o
                0x00009fec                tsch_disassociate
 .text.process_thread_tsch_pending_events_process
                0x0000a004      0x2fc build/sky/obj/tsch.o
 .text.keepalive_packet_sent
                0x0000a300       0x92 build/sky/obj/tsch.o
 .text.tsch_scan
                0x0000a392      0x38a build/sky/obj/tsch.o
                0x0000a392                tsch_scan
 .text.process_thread_tsch_process
                0x0000a71c       0xb2 build/sky/obj/tsch.o
 .text.putchar  0x0000a7ce       0x10 build/sky/obj/uart-putchar.o
                0x0000a7ce                putchar
 .text.handle_rxdma_timer
                0x0000a7de       0x3a build/sky/obj/uart1.o
 .text.uart1_active
                0x0000a818       0x18 build/sky/obj/uart1.o
                0x0000a818                uart1_active
 .text.uart1_set_input
                0x0000a830       0x24 build/sky/obj/uart1.o
                0x0000a830                uart1_set_input
 .text.uart1_writeb
                0x0000a854       0x18 build/sky/obj/uart1.o
                0x0000a854                uart1_writeb
 .text.uart1_init
                0x0000a86c       0xf4 build/sky/obj/uart1.o
                0x0000a86c                uart1_init
 .text.watchdog_interrupt
                0x0000a960        0x6 build/sky/obj/watchdog.o
                0x0000a960                __isr_10
                0x0000a960                watchdog_interrupt
 .text.watchdog_start
                0x0000a966       0x14 build/sky/obj/watchdog.o
                0x0000a966                watchdog_start
 .text.watchdog_periodic
                0x0000a97a       0x12 build/sky/obj/watchdog.o
                0x0000a97a                watchdog_periodic
 .text.watchdog_stop
                0x0000a98c       0x16 build/sky/obj/watchdog.o
                0x0000a98c                watchdog_stop
 .text.watchdog_init
                0x0000a9a2       0x12 build/sky/obj/watchdog.o
                0x0000a9a2                watchdog_init
 .text.xmem_init
                0x0000a9b4       0x3c build/sky/obj/xmem.o
                0x0000a9b4                xmem_init
 .text.printf   0x0000a9f0       0x10 /usr/local/bin/../lib/gcc/msp430/4.7.2/../../../../msp430/lib/mmpy-16/libc.a(printf.o)
                0x0000a9f0                printf
 .text.print_field
                0x0000aa00      0x194 /usr/local/bin/../lib/gcc/msp430/4.7.2/../../../../msp430/lib/mmpy-16/libc.a(vuprintf.o)
 .text.vuprintf
                0x0000ab94      0x63e /usr/local/bin/../lib/gcc/msp430/4.7.2/../../../../msp430/lib/mmpy-16/libc.a(vuprintf.o)
                0x0000ab94                vuprintf
 .text.puts     0x0000b1d2       0x2c /usr/local/bin/../lib/gcc/msp430/4.7.2/../../../../msp430/lib/mmpy-16/libc.a(puts.o)
                0x0000b1d2                puts
 .text.rand     0x0000b1fe       0x26 /usr/local/bin/../lib/gcc/msp430/4.7.2/../../../../msp430/lib/mmpy-16/libc.a(rand.o)
                0x0000b1fe                rand
 .text.srand    0x0000b224        0xa /usr/local/bin/../lib/gcc/msp430/4.7.2/../../../../msp430/lib/mmpy-16/libc.a(rand.o)
                0x0000b224                srand
 .text.memcmp   0x0000b22e       0x30 /usr/local/bin/../lib/gcc/msp430/4.7.2/../../../../msp430/lib/mmpy-16/libc.a(memcmp.o)
                0x0000b22e                memcmp
 .text.memcpy   0x0000b25e       0xfa /usr/local/bin/../lib/gcc/msp430/4.7.2/../../../../msp430/lib/mmpy-16/libc.a(memcpy.o)
                0x0000b25e                memcpy
 .text.memmove  0x0000b358       0xfa /usr/local/bin/../lib/gcc/msp430/4.7.2/../../../../msp430/lib/mmpy-16/libc.a(memmove.o)
                0x0000b358                memmove
 .text.memset   0x0000b452       0x6a /usr/local/bin/../lib/gcc/msp430/4.7.2/../../../../msp430/lib/mmpy-16/libc.a(memset.o)
                0x0000b452                memset
 .text.crt0     0x0000b4bc        0x2 /usr/local/bin/../lib/gcc/msp430/4.7.2/mmpy-16/libcrt0.a(_unexpected_.o)
                0x0000b4bc                _unexpected_
 .text.libgcc   0x0000b4be       0x2c /usr/local/bin/../lib/gcc/msp430/4.7.2/mmpy-16/libgcc.a(_mulsi3.o)
                0x0000b4be                __mulsi3
 .text.libgcc   0x0000b4ea       0x42 /usr/local/bin/../lib/gcc/msp430/4.7.2/mmpy-16/libgcc.a(_mulsidi3.o)
                0x0000b4ea                __mulsidi3
 .text.libgcc   0x0000b52c       0x76 /usr/local/bin/../lib/gcc/msp430/4.7.2/mmpy-16/libgcc.a(_muldi3.o)
                0x0000b52c                __muldi3
                0x0000b562                __xabi_muldi3
 .text.libgcc   0x0000b5a2       0x22 /usr/local/bin/../lib/gcc/msp430/4.7.2/mmpy-16/libgcc.a(_udivmod16.o)
                0x0000b5a2                __udivhi3
                0x0000b5a2                __ext_udivmod16
                0x0000b5bc                __umodhi3
 .text.libgcc   0x0000b5c4       0x3a /usr/local/bin/../lib/gcc/msp430/4.7.2/mmpy-16/libgcc.a(_divmod16.o)
                0x0000b5c4                __ext_divmod16
                0x0000b5c4                __divhi3
                0x0000b5f6                __modhi3
 .text.libgcc   0x0000b5fe       0x40 /usr/local/bin/../lib/gcc/msp430/4.7.2/mmpy-16/libgcc.a(_udivmod32.o)
                0x0000b5fe                __udivsi3
                0x0000b5fe                __ext_udivmod32
                0x0000b634                __umodsi3
 .text.libgcc   0x0000b63e       0x4c /usr/local/bin/../lib/gcc/msp430/4.7.2/mmpy-16/libgcc.a(_divmod32.o)
                0x0000b63e                __ext_divmod32
                0x0000b63e                __divsi3
                0x0000b680                __modsi3
 .text.libgcc   0x0000b68a       0xb6 /usr/local/bin/../lib/gcc/msp430/4.7.2/mmpy-16/libgcc.a(_divmod64.o)
                0x0000b68a                __xabi_divmod64
                0x0000b6ec                __divdi3
                0x0000b712                __moddi3
 .text.libgcc   0x0000b740       0xf0 /usr/local/bin/../lib/gcc/msp430/4.7.2/mmpy-16/libgcc.a(_udivmod64.o)
                0x0000b740                __xabi_udivmod64
                0x0000b79e                __udivdi3
                0x0000b7c4                __umoddi3
                0x0000b7f2                __udivmoddi4
 *(SORT(.near.text) SORT(.near.text.*))

.rodata         0x0000b830      0x3e7
                0x0000b830                . = ALIGN (0x2)
 *(SORT(.rodata) SORT(.rodata.*) SORT(.gnu.linkonce.r.*))
 .rodata.get_value
                0x0000b830       0x34 build/sky/obj/cc2420.o
 .rodata.set_value
                0x0000b864       0x10 build/sky/obj/cc2420.o
 .rodata        0x0000b874       0x10 build/sky/obj/button-sensor.o
                0x0000b87c                button_sensor
 .rodata        0x0000b884       0x18 build/sky/obj/cc2420-tsch-15ms.o
                0x0000b884                tsch_timeslot_timing_us_15000
 .rodata        0x0000b89c       0x3e build/sky/obj/cc2420.o
                0x0000b89c                cc2420_aes_128_driver
                0x0000b8a0                cc2420_driver
 .rodata        0x0000b8da        0x6 build/sky/obj/framer-802154.o
                0x0000b8da                framer_802154
 .rodata        0x0000b8e0        0x8 build/sky/obj/linkaddr.o
                0x0000b8e0                linkaddr_null
 .rodata        0x0000b8e8       0xae build/sky/obj/log.o
 .rodata        0x0000b996       0x58 build/sky/obj/nullnet-broadcast.o
                0x0000b9d0                autostart_processes
 .rodata        0x0000b9ee       0x10 build/sky/obj/nullnet.o
                0x0000b9f6                nullnet_driver
 .rodata        0x0000b9fe       0x36 build/sky/obj/nullrouting.o
                0x0000ba0a                nullrouting_driver
 .rodata        0x0000ba34       0x5c build/sky/obj/tsch.o
                0x0000ba3e                tschmac_driver
                0x0000ba80                tsch_eb_address
                0x0000ba88                tsch_broadcast_address
 .rodata        0x0000ba90       0xde build/sky/obj/contiki-main.o
 .rodata        0x0000bb6e        0xf build/sky/obj/ctimer.o
 .rodata        0x0000bb7d        0xc build/sky/obj/etimer.o
 .rodata        0x0000bb89        0x2 build/sky/obj/frame802154.o
 .rodata        0x0000bb8b       0x31 build/sky/obj/platform.o
 .rodata        0x0000bbbc        0x8 build/sky/obj/sensors.o
 .rodata        0x0000bbc4        0xe build/sky/obj/serial-line.o
 .rodata        0x0000bbd2       0x3e build/sky/obj/stack-check.o
 .rodata.vuprintf
                0x0000bc10        0x7 /usr/local/bin/../lib/gcc/msp430/4.7.2/../../../../msp430/lib/mmpy-16/libc.a(vuprintf.o)
 *(SORT(.near.rodata) SORT(.near.rodata.*))
                0x0000bc18                . = ALIGN (0x2)
                0x0000bc18                _etext = .

.data           0x00001100      0x118 load address 0x0000bc18
                0x00001100                . = ALIGN (0x2)
                0x00001100                __data_start = .
 *(SORT(.data) SORT(.data.*) SORT(.gnu.linkonce.d.*))
 .data          0x00001100        0xc build/sky/obj/cc2420.o
                0x00001100                cc2420_process
 .data          0x0000110c        0xa build/sky/obj/ctimer.o
                0x0000110c                ctimer_process
 .data          0x00001116        0xa build/sky/obj/etimer.o
                0x00001116                etimer_process
 .data          0x00001120        0x2 build/sky/obj/frame802154.o
 .data          0x00001122        0x8 build/sky/obj/link-stats.o
 .data          0x0000112a       0x5c build/sky/obj/log.o
                0x0000112a                all_modules
                0x00001184                curr_log_level_main
 .data          0x00001186        0x2 build/sky/obj/msp430.o
 .data          0x00001188        0x8 build/sky/obj/nbr-table.o
 .data          0x00001190       0x12 build/sky/obj/nullnet-broadcast.o
                0x00001190                nullnet_example_process
 .data          0x000011a2        0x4 build/sky/obj/platform.o
                0x000011a2                sensors
 .data          0x000011a6       0x10 build/sky/obj/queuebuf.o
 .data          0x000011b6        0xa build/sky/obj/sensors.o
                0x000011b6                sensors_process
 .data          0x000011c0        0xa build/sky/obj/serial-line.o
                0x000011c0                serial_line_process
 .data          0x000011ca        0xa build/sky/obj/stack-check.o
                0x000011ca                stack_check_process
 .data          0x000011d4       0x10 build/sky/obj/tsch-queue.o
 .data          0x000011e4       0x10 build/sky/obj/tsch-schedule.o
 .data          0x000011f4        0x2 build/sky/obj/tsch-slot-operation.o
 .data          0x000011f6       0x1e build/sky/obj/tsch.o
                0x000011f6                tsch_pending_events_process
                0x00001200                tsch_send_eb_process
                0x0000120a                tsch_process
 .data.next     0x00001214        0x4 /usr/local/bin/../lib/gcc/msp430/4.7.2/../../../../msp430/lib/mmpy-16/libc.a(rand.o)
 *(SORT(.near.data) SORT(.near.data.*))
                0x00001218                . = ALIGN (0x2)
                0x00001218                _edata = .
                0x0000bc18                __data_load_start = LOADADDR (.data)
                0x00000118                __data_size = SIZEOF (.data)

.bss            0x00001218     0x161a load address 0x0000bd30
                0x00001218                __bss_start = .
 *(SORT(.bss) SORT(.bss.*))
 .bss           0x00001218        0x8 build/sky/obj/button-sensor.o
 .bss           0x00001220       0x10 build/sky/obj/cc2420.o
 .bss           0x00001230        0xa build/sky/obj/clock.o
 .bss           0x0000123a        0x4 build/sky/obj/ctimer.o
 .bss           0x0000123e        0x6 build/sky/obj/etimer.o
 .bss           0x00001244       0xa0 build/sky/obj/link-stats.o
 .bss           0x000012e4       0x1a build/sky/obj/log.o
                0x000012e4                curr_log_level_sys
                0x000012e6                curr_log_level_lwm2m
                0x000012e8                curr_log_level_snmp
                0x000012ea                curr_log_level_dtls
                0x000012ec                curr_log_level_coap
                0x000012ee                curr_log_level_6top
                0x000012f0                curr_log_level_framer
                0x000012f2                curr_log_level_mac
                0x000012f4                curr_log_level_nullnet
                0x000012f6                curr_log_level_6lowpan
                0x000012f8                curr_log_level_ipv6
                0x000012fa                curr_log_level_tcpip
                0x000012fc                curr_log_level_rpl
 .bss           0x000012fe       0xe2 build/sky/obj/mac-sequence.o
 .bss           0x000013e0       0xe4 build/sky/obj/nbr-table.o
 .bss           0x000014c4        0x2 build/sky/obj/node-id.o
                0x000014c4                node_id
 .bss           0x000014c6        0xe build/sky/obj/nullnet-broadcast.o
 .bss           0x000014d4        0x2 build/sky/obj/nullnet.o
 .bss           0x000014d6       0x86 build/sky/obj/packetbuf.o
 .bss           0x0000155c       0xc4 build/sky/obj/process.o
 .bss           0x00001620      0x570 build/sky/obj/queuebuf.o
 .bss           0x00001b90        0x2 build/sky/obj/rtimer.o
 .bss           0x00001b92        0x6 build/sky/obj/sensors.o
 .bss           0x00001b98      0x10a build/sky/obj/serial-line.o
 .bss           0x00001ca2        0xe build/sky/obj/stack-check.o
 .bss           0x00001cb0       0x34 build/sky/obj/tsch-adaptive-timesync.o
 .bss           0x00001ce4       0x18 build/sky/obj/tsch-packet.o
 .bss           0x00001cfc      0x228 build/sky/obj/tsch-queue.o
 .bss           0x00001f24      0x37a build/sky/obj/tsch-schedule.o
 .bss           0x0000229e      0x11a build/sky/obj/tsch-slot-operation.o
                0x0000229e                tsch_current_burst_count
                0x000022a0                current_link
 .bss           0x000023b8       0xe2 build/sky/obj/tsch.o
                0x000023b8                tsch_is_pan_secured
                0x000023ba                tsch_association_count
                0x000023bc                tsch_is_associated
                0x000023be                tsch_is_coordinator
                0x000023c0                tsch_is_initialized
                0x000023c2                tsch_is_started
 .bss           0x0000249a       0x9a build/sky/obj/uart1.o
 .bss           0x00002534        0x2 build/sky/obj/watchdog.o
 *(SORT(.near.bss) SORT(.near.bss.*))
 *(SORT(COMMON))
 COMMON         0x00002536        0xc build/sky/obj/cc2420.o
                0x00002536                cc2420_last_rssi
                0x00002538                cc2420_sfd_start_time
                0x0000253a                cc2420_last_correlation
                0x0000253c                cc2420_authority_level_of_sender
                0x0000253e                cc2420_sfd_counter
                0x00002540                cc2420_sfd_end_time
 COMMON         0x00002542        0x8 build/sky/obj/linkaddr.o
                0x00002542                linkaddr_node_addr
 COMMON         0x0000254a        0x2 build/sky/obj/msp430.o
                0x0000254a                msp430_dco_required
 COMMON         0x0000254c        0x4 build/sky/obj/nullnet.o
                0x0000254c                nullnet_buf
                0x0000254e                nullnet_len
 COMMON         0x00002550       0x28 build/sky/obj/packetbuf.o
                0x00002550                packetbuf_addrs
                0x00002560                packetbuf_attrs
 COMMON         0x00002578        0x4 build/sky/obj/process.o
                0x00002578                process_list
                0x0000257a                process_current
 COMMON         0x0000257c        0x2 build/sky/obj/tsch-adaptive-timesync.o
                0x0000257c                last_timesource_neighbor
 COMMON         0x0000257e        0x4 build/sky/obj/tsch-queue.o
                0x0000257e                n_broadcast
                0x00002580                n_eb
 COMMON         0x00002582      0x250 build/sky/obj/tsch-slot-operation.o
                0x00002582                tsch_current_channel_offset
                0x00002584                tsch_last_sync_time
                0x00002588                dequeued_array
                0x00002598                input_ringbuf
                0x0000259c                dequeued_ringbuf
                0x000025a0                tsch_current_channel
                0x000025a2                input_array
 COMMON         0x000027d2       0x54 build/sky/obj/tsch.o
                0x000027d2                tsch_timing_us
                0x000027ea                tsch_join_priority
                0x000027ec                tsch_timing
                0x00002804                sync_count
                0x00002808                tsch_hopping_sequence
                0x0000280c                max_drift_seen
                0x00002810                tsch_current_asn
                0x00002816                rx_count
                0x0000281a                tx_count
                0x0000281e                tsch_hopping_sequence_length
                0x00002822                min_drift_seen
 COMMON         0x00002826        0x8 build/sky/obj/ds2411.o
                0x00002826                ds2411_id
 COMMON         0x0000282e        0x2 build/sky/obj/platform.o
                0x0000282e                sensors_flags
 COMMON         0x00002830        0x1 build/sky/obj/sensors.o
                0x00002830                sensors_event
 COMMON         0x00002831        0x1 build/sky/obj/serial-line.o
                0x00002831                serial_line_event_message
                0x00002832                . = ALIGN (0x2)
                0x00002832                __bss_end = .
                0x0000161a                __bss_size = SIZEOF (.bss)

.noinit         0x00002832        0x2 load address 0x0000bd30
                0x00002832                . = ALIGN (0x2)
                0x00002832                __noinit_start = .
 *(SORT(.noinit) SORT(.noinit.*))
 .noinit.crt0   0x00002832        0x2 /usr/local/bin/../lib/gcc/msp430/4.7.2/mmpy-16/libcrt0.a(__watchdog_support.o)
                0x00002832                __wdt_clear_value
                0x00002834                . = ALIGN (0x2)
                0x00002834                __noinit_end = .
                0x00002834                . = ALIGN (0x2)
                0x00002834                _end = .

.infomem        0x00001000        0x0
                0x00001000                . = ALIGN (0x2)
 *(SORT(.infomem) SORT(.infomem.*))

.infomemnobits  0x00001000        0x0
                0x00001000                . = ALIGN (0x2)
 *(SORT(.infomemnobits) SORT(.infomemnobits.*))

.infoa          0x00001080        0x0
                0x00001080                . = ALIGN (0x2)
 *(SORT(.infoa) SORT(.infoa.*))

.infob          0x00001000        0x0
                0x00001000                . = ALIGN (0x2)
 *(SORT(.infob) SORT(.infob.*))

.infoc          0x00000000        0x0
                0x00000000                . = ALIGN (0x2)
 *(SORT(.infoc) SORT(.infoc.*))

.infod          0x00000000        0x0
                0x00000000                . = ALIGN (0x2)
 *(SORT(.infod) SORT(.infod.*))
                0x0000ffff                PROVIDE (__vte_0, 0xffff)
                0x0000ffff                PROVIDE (__vte_1, 0xffff)
                0x0000ffff                PROVIDE (__vte_2, 0xffff)
                0x0000ffff                PROVIDE (__vte_3, 0xffff)
                0x0000ffff                PROVIDE (__vte_4, 0xffff)
                0x0000ffff                PROVIDE (__vte_5, 0xffff)
                0x0000ffff                PROVIDE (__vte_6, 0xffff)
                0x0000ffff                PROVIDE (__vte_7, 0xffff)
                0x0000ffff                PROVIDE (__vte_8, 0xffff)
                0x0000ffff                PROVIDE (__vte_9, 0xffff)
                0x0000ffff                PROVIDE (__vte_10, 0xffff)
                0x0000ffff                PROVIDE (__vte_11, 0xffff)
                0x0000ffff                PROVIDE (__vte_12, 0xffff)
                0x0000ffff                PROVIDE (__vte_13, 0xffff)
                0x0000ffff                PROVIDE (__vte_14, 0xffff)
                0x0000ffff                PROVIDE (__vte_15, 0xffff)
                0x0000ffff                PROVIDE (__vte_16, 0xffff)
                0x0000ffff                PROVIDE (__vte_17, 0xffff)
                0x0000ffff                PROVIDE (__vte_18, 0xffff)
                0x0000ffff                PROVIDE (__vte_19, 0xffff)
                0x0000ffff                PROVIDE (__vte_20, 0xffff)
                0x0000ffff                PROVIDE (__vte_21, 0xffff)
                0x0000ffff                PROVIDE (__vte_22, 0xffff)
                0x0000ffff                PROVIDE (__vte_23, 0xffff)
                0x0000ffff                PROVIDE (__vte_24, 0xffff)
                0x0000ffff                PROVIDE (__vte_25, 0xffff)
                0x0000ffff                PROVIDE (__vte_26, 0xffff)
                0x0000ffff                PROVIDE (__vte_27, 0xffff)
                0x0000ffff                PROVIDE (__vte_28, 0xffff)
                0x0000ffff                PROVIDE (__vte_29, 0xffff)
                0x0000ffff                PROVIDE (__vte_30, 0xffff)
                0x0000ffff                PROVIDE (__vte_31, 0xffff)

.vectors        0x0000ffe0       0x20
                0x0000ffe0                __vectors_start = .
 *(SORT(.vectors*))
 .vectors       0x0000ffe0       0x20 /usr/local/bin/../lib/gcc/msp430/4.7.2/mmpy-16/crt0ivtbl16.o
                0x0000ffe0                __ivtbl_16
                0x00010000                _vectors_end = .

.fartext        0x00000000        0x0
                0x00000000                . = ALIGN (0x2)
 *(SORT(.fartext) SORT(.fartext.*))

.far.text       0x00000000        0x0
                0x00000000                . = ALIGN (0x2)
 *(SORT(.far.text) SORT(.far.text.*))

.far.rodata     0x00000000        0x0
                0x00000000                . = ALIGN (0x2)
 *(SORT(.far.rodata) SORT(.far.rodata.*))
                0x00000000                . = ALIGN (0x2)
                0x00000000                _efartext = .

.far.data       0x00000000        0x0
                0x00000000                . = ALIGN (0x2)
                0x00000000                __far_data_start = .
 *(SORT(.far.data) SORT(.far.data.*))
                0x00000000                . = ALIGN (0x2)
                0x00000000                _efardata = .
                0x00000000                __far_data_load_start = LOADADDR (.far.data)
                0x00000000                __far_data_size = SIZEOF (.far.data)

.far.bss        0x00000000        0x0
                0x00000000                . = ALIGN (0x2)
                0x00000000                __far_bss_start = .
 *(SORT(.far.bss) SORT(.far.bss.*))
                0x00000000                . = ALIGN (0x2)
                0x00000000                __far_bss_end = .
                0x00000000                __far_bss_size = SIZEOF (.far.bss)
                0x00000000                . = ALIGN (0x2)
                0x00000000                _far_end = .

.profiler
 *(SORT(.profiler))

.stab
 *(SORT(.stab))

.stabstr
 *(SORT(.stabstr))

.stab.excl
 *(SORT(.stab.excl))

.stab.exclstr
 *(SORT(.stab.exclstr))

.stab.index
 *(SORT(.stab.index))

.stab.indexstr
 *(SORT(.stab.indexstr))

.comment        0x00000000       0x30
 *(SORT(.comment))
 .comment       0x00000000       0x30 build/sky/obj/autostart.o
                                 0x31 (size before relaxing)
 .comment       0x00000000       0x31 build/sky/obj/button-sensor.o
 .comment       0x00000000       0x31 build/sky/obj/cc2420-arch-sfd.o
 .comment       0x00000000       0x31 build/sky/obj/cc2420-arch.o
 .comment       0x00000000       0x31 build/sky/obj/cc2420-tsch-15ms.o
 .comment       0x00000000       0x31 build/sky/obj/cc2420.o
 .comment       0x00000000       0x31 build/sky/obj/clock.o
 .comment       0x00000000       0x31 build/sky/obj/contiki-main.o
 .comment       0x00000000       0x31 build/sky/obj/ctimer.o
 .comment       0x00000000       0x31 build/sky/obj/ds2411.o
 .comment       0x00000000       0x31 build/sky/obj/etimer.o
 .comment       0x00000000       0x31 build/sky/obj/frame802154.o
 .comment       0x00000000       0x31 build/sky/obj/frame802154e-ie.o
 .comment       0x00000000       0x31 build/sky/obj/framer-802154.o
 .comment       0x00000000       0x31 build/sky/obj/int-master.o
 .comment       0x00000000       0x31 build/sky/obj/leds-arch.o
 .comment       0x00000000       0x31 build/sky/obj/leds.o
 .comment       0x00000000       0x31 build/sky/obj/link-stats.o
 .comment       0x00000000       0x31 build/sky/obj/linkaddr.o
 .comment       0x00000000       0x31 build/sky/obj/list.o
 .comment       0x00000000       0x31 build/sky/obj/log.o
 .comment       0x00000000       0x31 build/sky/obj/mac-sequence.o
 .comment       0x00000000       0x31 build/sky/obj/memb.o
 .comment       0x00000000       0x31 build/sky/obj/msp430.o
 .comment       0x00000000       0x31 build/sky/obj/nbr-table.o
 .comment       0x00000000       0x31 build/sky/obj/node-id.o
 .comment       0x00000000       0x31 build/sky/obj/nullnet-broadcast.o
 .comment       0x00000000       0x31 build/sky/obj/nullnet.o
 .comment       0x00000000       0x31 build/sky/obj/nullrouting.o
 .comment       0x00000000       0x31 build/sky/obj/packetbuf.o
 .comment       0x00000000       0x31 build/sky/obj/platform.o
 .comment       0x00000000       0x31 build/sky/obj/process.o
 .comment       0x00000000       0x31 build/sky/obj/queuebuf.o
 .comment       0x00000000       0x31 build/sky/obj/random.o
 .comment       0x00000000       0x31 build/sky/obj/ringbuf.o
 .comment       0x00000000       0x31 build/sky/obj/ringbufindex.o
 .comment       0x00000000       0x31 build/sky/obj/rtimer-arch.o
 .comment       0x00000000       0x31 build/sky/obj/rtimer.o
 .comment       0x00000000       0x31 build/sky/obj/sensors.o
 .comment       0x00000000       0x31 build/sky/obj/serial-line.o
 .comment       0x00000000       0x31 build/sky/obj/spi-legacy.o
 .comment       0x00000000       0x31 build/sky/obj/stack-check.o
 .comment       0x00000000       0x31 build/sky/obj/timer.o
 .comment       0x00000000       0x31 build/sky/obj/tsch-adaptive-timesync.o
 .comment       0x00000000       0x31 build/sky/obj/tsch-packet.o
 .comment       0x00000000       0x31 build/sky/obj/tsch-queue.o
 .comment       0x00000000       0x31 build/sky/obj/tsch-roots.o
 .comment       0x00000000       0x31 build/sky/obj/tsch-schedule.o
 .comment       0x00000000       0x31 build/sky/obj/tsch-security.o
 .comment       0x00000000       0x31 build/sky/obj/tsch-slot-operation.o
 .comment       0x00000000       0x31 build/sky/obj/tsch.o
 .comment       0x00000000       0x31 build/sky/obj/uart-putchar.o
 .comment       0x00000000       0x31 build/sky/obj/uart1.o
 .comment       0x00000000       0x31 build/sky/obj/watchdog.o
 .comment       0x00000000       0x31 build/sky/obj/xmem.o
 .comment       0x00000000       0x31 /usr/local/bin/../lib/gcc/msp430/4.7.2/../../../../msp430/lib/mmpy-16/libc.a(printf.o)
 .comment       0x00000000       0x31 /usr/local/bin/../lib/gcc/msp430/4.7.2/../../../../msp430/lib/mmpy-16/libc.a(vuprintf.o)
 .comment       0x00000000       0x31 /usr/local/bin/../lib/gcc/msp430/4.7.2/../../../../msp430/lib/mmpy-16/libc.a(puts.o)
 .comment       0x00000000       0x31 /usr/local/bin/../lib/gcc/msp430/4.7.2/../../../../msp430/lib/mmpy-16/libc.a(rand.o)
 .comment       0x00000000       0x31 /usr/local/bin/../lib/gcc/msp430/4.7.2/../../../../msp430/lib/mmpy-16/libc.a(memcmp.o)
 .comment       0x00000000       0x31 /usr/local/bin/../lib/gcc/msp430/4.7.2/../../../../msp430/lib/mmpy-16/libc.a(memcpy.o)
 .comment       0x00000000       0x31 /usr/local/bin/../lib/gcc/msp430/4.7.2/../../../../msp430/lib/mmpy-16/libc.a(memmove.o)
 .comment       0x00000000       0x31 /usr/local/bin/../lib/gcc/msp430/4.7.2/../../../../msp430/lib/mmpy-16/libc.a(memset.o)

.debug
 *(SORT(.debug))

.line
 *(SORT(.line))

.debug_srcinfo
 *(SORT(.debug_srcinfo))

.debug_sfnames
 *(SORT(.debug_sfnames))

.debug_aranges  0x00000000      0x1f0
 *(SORT(.debug_aranges))
 .debug_aranges
                0x00000000       0x14 /usr/local/bin/../lib/gcc/msp430/4.7.2/mmpy-16/crt0ivtbl16.o
 .debug_aranges
                0x00000014       0x14 /usr/local/bin/../lib/gcc/msp430/4.7.2/mmpy-16/libgcc.a(_mulsi3.o)
 .debug_aranges
                0x00000028       0x14 /usr/local/bin/../lib/gcc/msp430/4.7.2/mmpy-16/libgcc.a(_mulsidi3.o)
 .debug_aranges
                0x0000003c       0x14 /usr/local/bin/../lib/gcc/msp430/4.7.2/mmpy-16/libgcc.a(_muldi3.o)
 .debug_aranges
                0x00000050       0x14 /usr/local/bin/../lib/gcc/msp430/4.7.2/mmpy-16/libgcc.a(_udivmod16.o)
 .debug_aranges
                0x00000064       0x14 /usr/local/bin/../lib/gcc/msp430/4.7.2/mmpy-16/libgcc.a(_divmod16.o)
 .debug_aranges
                0x00000078       0x14 /usr/local/bin/../lib/gcc/msp430/4.7.2/mmpy-16/libgcc.a(_udivmod32.o)
 .debug_aranges
                0x0000008c       0x14 /usr/local/bin/../lib/gcc/msp430/4.7.2/mmpy-16/libgcc.a(_divmod32.o)
 .debug_aranges
                0x000000a0       0x14 /usr/local/bin/../lib/gcc/msp430/4.7.2/mmpy-16/libgcc.a(_divmod64.o)
 .debug_aranges
                0x000000b4       0x14 /usr/local/bin/../lib/gcc/msp430/4.7.2/mmpy-16/libgcc.a(_udivmod64.o)
 .debug_aranges
                0x000000c8       0x14 /usr/local/bin/../lib/gcc/msp430/4.7.2/mmpy-16/libcrt0.a(__watchdog_support.o)
 .debug_aranges
                0x000000dc       0x14 /usr/local/bin/../lib/gcc/msp430/4.7.2/mmpy-16/libcrt0.a(__init_stack.o)
 .debug_aranges
                0x000000f0       0x14 /usr/local/bin/../lib/gcc/msp430/4.7.2/mmpy-16/libcrt0.a(_copy_data.o)
 .debug_aranges
                0x00000104       0x14 /usr/local/bin/../lib/gcc/msp430/4.7.2/mmpy-16/libcrt0.a(_clear_bss.o)
 .debug_aranges
                0x00000118       0x14 /usr/local/bin/../lib/gcc/msp430/4.7.2/mmpy-16/libcrt0.a(_endless_loop__.o)
 .debug_aranges
                0x0000012c       0x14 /usr/local/bin/../lib/gcc/msp430/4.7.2/mmpy-16/libcrt0.a(_unexpected_.o)
 .debug_aranges
                0x00000140       0x18 /usr/local/bin/../lib/gcc/msp430/4.7.2/../../../../msp430/lib/mmpy-16/libc.a(printf.o)
 .debug_aranges
                0x00000158       0x18 /usr/local/bin/../lib/gcc/msp430/4.7.2/../../../../msp430/lib/mmpy-16/libc.a(vuprintf.o)
 .debug_aranges
                0x00000170       0x14 /usr/local/bin/../lib/gcc/msp430/4.7.2/../../../../msp430/lib/mmpy-16/libc.a(puts.o)
 .debug_aranges
                0x00000184       0x1c /usr/local/bin/../lib/gcc/msp430/4.7.2/../../../../msp430/lib/mmpy-16/libc.a(rand.o)
 .debug_aranges
                0x000001a0       0x14 /usr/local/bin/../lib/gcc/msp430/4.7.2/../../../../msp430/lib/mmpy-16/libc.a(memcmp.o)
 .debug_aranges
                0x000001b4       0x14 /usr/local/bin/../lib/gcc/msp430/4.7.2/../../../../msp430/lib/mmpy-16/libc.a(memcpy.o)
 .debug_aranges
                0x000001c8       0x14 /usr/local/bin/../lib/gcc/msp430/4.7.2/../../../../msp430/lib/mmpy-16/libc.a(memmove.o)
 .debug_aranges
                0x000001dc       0x14 /usr/local/bin/../lib/gcc/msp430/4.7.2/../../../../msp430/lib/mmpy-16/libc.a(memset.o)

.debug_pubnames
 *(SORT(.debug_pubnames))

.debug_info     0x00000000     0x165a
 *(SORT(.debug_info))
 .debug_info    0x00000000       0x8f /usr/local/bin/../lib/gcc/msp430/4.7.2/mmpy-16/crt0ivtbl16.o
 .debug_info    0x0000008f       0x8c /usr/local/bin/../lib/gcc/msp430/4.7.2/mmpy-16/libgcc.a(_mulsi3.o)
 .debug_info    0x0000011b       0x8c /usr/local/bin/../lib/gcc/msp430/4.7.2/mmpy-16/libgcc.a(_mulsidi3.o)
 .debug_info    0x000001a7       0x8c /usr/local/bin/../lib/gcc/msp430/4.7.2/mmpy-16/libgcc.a(_muldi3.o)
 .debug_info    0x00000233       0x8c /usr/local/bin/../lib/gcc/msp430/4.7.2/mmpy-16/libgcc.a(_udivmod16.o)
 .debug_info    0x000002bf       0x8c /usr/local/bin/../lib/gcc/msp430/4.7.2/mmpy-16/libgcc.a(_divmod16.o)
 .debug_info    0x0000034b       0x8c /usr/local/bin/../lib/gcc/msp430/4.7.2/mmpy-16/libgcc.a(_udivmod32.o)
 .debug_info    0x000003d7       0x8c /usr/local/bin/../lib/gcc/msp430/4.7.2/mmpy-16/libgcc.a(_divmod32.o)
 .debug_info    0x00000463       0x8c /usr/local/bin/../lib/gcc/msp430/4.7.2/mmpy-16/libgcc.a(_divmod64.o)
 .debug_info    0x000004ef       0x8c /usr/local/bin/../lib/gcc/msp430/4.7.2/mmpy-16/libgcc.a(_udivmod64.o)
 .debug_info    0x0000057b      0x16e /usr/local/bin/../lib/gcc/msp430/4.7.2/../../../../msp430/lib/mmpy-16/libc.a(printf.o)
 .debug_info    0x000006e9      0x5d4 /usr/local/bin/../lib/gcc/msp430/4.7.2/../../../../msp430/lib/mmpy-16/libc.a(vuprintf.o)
 .debug_info    0x00000cbd       0xc7 /usr/local/bin/../lib/gcc/msp430/4.7.2/../../../../msp430/lib/mmpy-16/libc.a(puts.o)
 .debug_info    0x00000d84      0x146 /usr/local/bin/../lib/gcc/msp430/4.7.2/../../../../msp430/lib/mmpy-16/libc.a(rand.o)
 .debug_info    0x00000eca       0xe5 /usr/local/bin/../lib/gcc/msp430/4.7.2/../../../../msp430/lib/mmpy-16/libc.a(memcmp.o)
 .debug_info    0x00000faf      0x12c /usr/local/bin/../lib/gcc/msp430/4.7.2/../../../../msp430/lib/mmpy-16/libc.a(memcpy.o)
 .debug_info    0x000010db      0x12c /usr/local/bin/../lib/gcc/msp430/4.7.2/../../../../msp430/lib/mmpy-16/libc.a(memmove.o)
 .debug_info    0x00001207      0x117 /usr/local/bin/../lib/gcc/msp430/4.7.2/../../../../msp430/lib/mmpy-16/libc.a(memset.o)
 .debug_info    0x0000131e       0x8a /usr/local/bin/../lib/gcc/msp430/4.7.2/mmpy-16/libcrt0.a(__watchdog_support.o)
 .debug_info    0x000013a8       0x8a /usr/local/bin/../lib/gcc/msp430/4.7.2/mmpy-16/libcrt0.a(__init_stack.o)
 .debug_info    0x00001432       0x8a /usr/local/bin/../lib/gcc/msp430/4.7.2/mmpy-16/libcrt0.a(_copy_data.o)
 .debug_info    0x000014bc       0x8a /usr/local/bin/../lib/gcc/msp430/4.7.2/mmpy-16/libcrt0.a(_clear_bss.o)
 .debug_info    0x00001546       0x8a /usr/local/bin/../lib/gcc/msp430/4.7.2/mmpy-16/libcrt0.a(_endless_loop__.o)
 .debug_info    0x000015d0       0x8a /usr/local/bin/../lib/gcc/msp430/4.7.2/mmpy-16/libcrt0.a(_unexpected_.o)
 *(SORT(.gnu.linkonce.wi.*))

.debug_abbrev   0x00000000      0x8ab
 *(SORT(.debug_abbrev))
 .debug_abbrev  0x00000000       0x14 /usr/local/bin/../lib/gcc/msp430/4.7.2/mmpy-16/crt0ivtbl16.o
 .debug_abbrev  0x00000014       0x14 /usr/local/bin/../lib/gcc/msp430/4.7.2/mmpy-16/libgcc.a(_mulsi3.o)
 .debug_abbrev  0x00000028       0x14 /usr/local/bin/../lib/gcc/msp430/4.7.2/mmpy-16/libgcc.a(_mulsidi3.o)
 .debug_abbrev  0x0000003c       0x14 /usr/local/bin/../lib/gcc/msp430/4.7.2/mmpy-16/libgcc.a(_muldi3.o)
 .debug_abbrev  0x00000050       0x14 /usr/local/bin/../lib/gcc/msp430/4.7.2/mmpy-16/libgcc.a(_udivmod16.o)
 .debug_abbrev  0x00000064       0x14 /usr/local/bin/../lib/gcc/msp430/4.7.2/mmpy-16/libgcc.a(_divmod16.o)
 .debug_abbrev  0x00000078       0x14 /usr/local/bin/../lib/gcc/msp430/4.7.2/mmpy-16/libgcc.a(_udivmod32.o)
 .debug_abbrev  0x0000008c       0x14 /usr/local/bin/../lib/gcc/msp430/4.7.2/mmpy-16/libgcc.a(_divmod32.o)
 .debug_abbrev  0x000000a0       0x14 /usr/local/bin/../lib/gcc/msp430/4.7.2/mmpy-16/libgcc.a(_divmod64.o)
 .debug_abbrev  0x000000b4       0x14 /usr/local/bin/../lib/gcc/msp430/4.7.2/mmpy-16/libgcc.a(_udivmod64.o)
 .debug_abbrev  0x000000c8       0xfa /usr/local/bin/../lib/gcc/msp430/4.7.2/../../../../msp430/lib/mmpy-16/libc.a(printf.o)