Archive member included because of file (symbol)

/opt/msp430-toolchain/bin/../lib/gcc/msp430/4.7.2/mmpy-16/libgcc.a(_mulsi3.o)
                              build/sky/obj/cfs-coffee.o (__mulsi3)
/opt/msp430-toolchain/bin/../lib/gcc/msp430/4.7.2/mmpy-16/libgcc.a(_udivmod16.o)
                              build/sky/obj/cfs-coffee.o (__udivhi3)
/opt/msp430-toolchain/bin/../lib/gcc/msp430/4.7.2/mmpy-16/libgcc.a(_divmod16.o)
                              build/sky/obj/link-stats.o (__divhi3)
/opt/msp430-toolchain/bin/../lib/gcc/msp430/4.7.2/mmpy-16/libgcc.a(_udivmod32.o)
                              build/sky/obj/ifft.o (__udivsi3)
/opt/msp430-toolchain/bin/../lib/gcc/msp430/4.7.2/mmpy-16/libgcc.a(_divmod32.o)
                              build/sky/obj/cfs-coffee.o (__divsi3)
/opt/msp430-toolchain/bin/../lib/gcc/msp430/4.7.2/../../../../msp430/lib/mmpy-16/libc.a(printf.o)
                              build/sky/obj/assert.o (printf)
/opt/msp430-toolchain/bin/../lib/gcc/msp430/4.7.2/../../../../msp430/lib/mmpy-16/libc.a(vuprintf.o)
                              /opt/msp430-toolchain/bin/../lib/gcc/msp430/4.7.2/../../../../msp430/lib/mmpy-16/libc.a(printf.o) (vuprintf)
/opt/msp430-toolchain/bin/../lib/gcc/msp430/4.7.2/../../../../msp430/lib/mmpy-16/libc.a(puts.o)
                              build/sky/obj/assert.o (puts)
/opt/msp430-toolchain/bin/../lib/gcc/msp430/4.7.2/../../../../msp430/lib/mmpy-16/libc.a(rand.o)
                              build/sky/obj/random.o (rand)
/opt/msp430-toolchain/bin/../lib/gcc/msp430/4.7.2/../../../../msp430/lib/mmpy-16/libc.a(strcmp.o)
                              build/sky/obj/cfs-coffee.o (strcmp)
/opt/msp430-toolchain/bin/../lib/gcc/msp430/4.7.2/../../../../msp430/lib/mmpy-16/libc.a(strncmp.o)
                              build/sky/obj/sensors.o (strncmp)
/opt/msp430-toolchain/bin/../lib/gcc/msp430/4.7.2/../../../../msp430/lib/mmpy-16/libc.a(memcmp.o)
                              build/sky/obj/linkaddr.o (memcmp)
/opt/msp430-toolchain/bin/../lib/gcc/msp430/4.7.2/../../../../msp430/lib/mmpy-16/libc.a(strncpy.o)
                              build/sky/obj/cfs-coffee.o (strncpy)
/opt/msp430-toolchain/bin/../lib/gcc/msp430/4.7.2/../../../../msp430/lib/mmpy-16/libc.a(memcpy.o)
                              build/sky/obj/aes-128.o (memcpy)
/opt/msp430-toolchain/bin/../lib/gcc/msp430/4.7.2/../../../../msp430/lib/mmpy-16/libc.a(memmove.o)
                              build/sky/obj/cbor.o (memmove)
/opt/msp430-toolchain/bin/../lib/gcc/msp430/4.7.2/../../../../msp430/lib/mmpy-16/libc.a(memset.o)
                              build/sky/obj/cfs-coffee.o (memset)
/opt/msp430-toolchain/bin/../lib/gcc/msp430/4.7.2/mmpy-16/libgcc.a(_udivmod64.o)
                              /opt/msp430-toolchain/bin/../lib/gcc/msp430/4.7.2/../../../../msp430/lib/mmpy-16/libc.a(vuprintf.o) (__udivdi3)
/opt/msp430-toolchain/bin/../lib/gcc/msp430/4.7.2/mmpy-16/libcrt0.a(_reset_vector__.o)
                              (_reset_vector__)
/opt/msp430-toolchain/bin/../lib/gcc/msp430/4.7.2/mmpy-16/libcrt0.a(__watchdog_support.o)
                              /opt/msp430-toolchain/bin/../lib/gcc/msp430/4.7.2/mmpy-16/libcrt0.a(_reset_vector__.o) (__watchdog_support)
/opt/msp430-toolchain/bin/../lib/gcc/msp430/4.7.2/mmpy-16/libcrt0.a(__init_stack.o)
                              /opt/msp430-toolchain/bin/../lib/gcc/msp430/4.7.2/mmpy-16/libcrt0.a(_reset_vector__.o) (__init_stack)
/opt/msp430-toolchain/bin/../lib/gcc/msp430/4.7.2/mmpy-16/libcrt0.a(__low_level_init.o)
                              /opt/msp430-toolchain/bin/../lib/gcc/msp430/4.7.2/mmpy-16/libcrt0.a(_reset_vector__.o) (__low_level_init)
/opt/msp430-toolchain/bin/../lib/gcc/msp430/4.7.2/mmpy-16/libcrt0.a(_copy_data.o)
                              /opt/msp430-toolchain/bin/../lib/gcc/msp430/4.7.2/mmpy-16/libcrt0.a(_reset_vector__.o) (__do_copy_data)
/opt/msp430-toolchain/bin/../lib/gcc/msp430/4.7.2/mmpy-16/libcrt0.a(_clear_bss.o)
                              /opt/msp430-toolchain/bin/../lib/gcc/msp430/4.7.2/mmpy-16/libcrt0.a(_reset_vector__.o) (__do_clear_bss)
/opt/msp430-toolchain/bin/../lib/gcc/msp430/4.7.2/mmpy-16/libcrt0.a(__stop_progExec__.o)
                              /opt/msp430-toolchain/bin/../lib/gcc/msp430/4.7.2/mmpy-16/libcrt0.a(_reset_vector__.o) (__stop_progExec__)
/opt/msp430-toolchain/bin/../lib/gcc/msp430/4.7.2/mmpy-16/libcrt0.a(_endless_loop__.o)
                              /opt/msp430-toolchain/bin/../lib/gcc/msp430/4.7.2/mmpy-16/libcrt0.a(_reset_vector__.o) (_endless_loop__)
/opt/msp430-toolchain/bin/../lib/gcc/msp430/4.7.2/mmpy-16/libcrt0.a(_unexpected_.o)
                              /opt/msp430-toolchain/bin/../lib/gcc/msp430/4.7.2/mmpy-16/crt0ivtbl16.o (_unexpected_)

Allocating common symbols
Common symbol       size              file

compower_idle_activity
                    0x10              build/sky/obj/compower.o
nullnet_buf         0x2               build/sky/obj/nullnet.o
[...]
Memory Configuration

Name             Origin             Length             Attributes
sfr              0x00000000         0x00000010
peripheral_8bit  0x00000010         0x000000f0
peripheral_16bit 0x00000100         0x00000100
ram_mirror       0x00000200         0x00000800         xw
infomem          0x00001000         0x00000100
infob            0x00001000         0x00000080
infoa            0x00001080         0x00000080
ram              0x00001100         0x00002800         xw
rom              0x00004000         0x0000bfe0         xr
vectors          0x0000ffe0         0x00000020
bsl              0x00000000         0x00000000
infoc            0x00000000         0x00000000
infod            0x00000000         0x00000000
ram2             0x00000000         0x00000000         xw
usbram           0x00000000         0x00000000         xw
far_rom          0x00000000         0x00000000
*default*        0x00000000         0xffffffff

Linker script and memory map

LOAD /opt/msp430-toolchain/bin/../lib/gcc/msp430/4.7.2/mmpy-16/crt0ivtbl16.o
                0x00001c9e                _stack = _end
LOAD build/sky/obj/aes-128.o
LOAD build/sky/obj/anti-replay.o
LOAD build/sky/obj/assert.o
LOAD build/sky/obj/atomic.o
LOAD build/sky/obj/autostart.o
LOAD build/sky/obj/battery-sensor.o
LOAD build/sky/obj/button-hal.o
LOAD build/sky/obj/button-sensor.o
LOAD build/sky/obj/cbor.o
LOAD build/sky/obj/cc2420-arch-sfd.o
LOAD build/sky/obj/cc2420-arch.o
LOAD build/sky/obj/cc2420-tsch-15ms.o
LOAD build/sky/obj/cc2420.o
LOAD build/sky/obj/ccm-star-packetbuf.o
LOAD build/sky/obj/ccm-star.o
LOAD build/sky/obj/cfs-coffee.o
LOAD build/sky/obj/circular-list.o
LOAD build/sky/obj/clock.o
LOAD build/sky/obj/compower.o
LOAD build/sky/obj/contiki-main.o
LOAD build/sky/obj/crc16.o
LOAD build/sky/obj/csma-output.o
LOAD build/sky/obj/csma-security.o
LOAD build/sky/obj/csma.o
LOAD build/sky/obj/csprng.o
LOAD build/sky/obj/ctimer.o
LOAD build/sky/obj/dbl-circ-list.o
LOAD build/sky/obj/dbl-list.o
LOAD build/sky/obj/ds2411.o
LOAD build/sky/obj/energest.o
LOAD build/sky/obj/etimer.o
LOAD build/sky/obj/flash.o
LOAD build/sky/obj/frame802154.o
LOAD build/sky/obj/frame802154e-ie.o
LOAD build/sky/obj/framer-802154.o
LOAD build/sky/obj/gpio-hal.o
LOAD build/sky/obj/heapmem.o
LOAD build/sky/obj/hexconv.o
LOAD build/sky/obj/ifft.o
LOAD build/sky/obj/int-master.o
LOAD build/sky/obj/iq-seeder.o
LOAD build/sky/obj/leds-arch.o
LOAD build/sky/obj/leds.o
LOAD build/sky/obj/light-sensor.o
LOAD build/sky/obj/link-stats.o
LOAD build/sky/obj/linkaddr.o
LOAD build/sky/obj/list.o
LOAD build/sky/obj/log.o
LOAD build/sky/obj/lpm.o
LOAD build/sky/obj/mac-sequence.o
LOAD build/sky/obj/memb.o
LOAD build/sky/obj/msp430.o
LOAD build/sky/obj/mutex.o
LOAD build/sky/obj/nbr-table.o
LOAD build/sky/obj/net-debug.o
LOAD build/sky/obj/netstack.o
LOAD build/sky/obj/node-id.o
LOAD build/sky/obj/nullframer.o
LOAD build/sky/obj/nullnet-broadcast.o
LOAD build/sky/obj/nullnet.o
LOAD build/sky/obj/nullradio.o
LOAD build/sky/obj/nullrouting.o
LOAD build/sky/obj/packetbuf.o
LOAD build/sky/obj/platform.o
LOAD build/sky/obj/process.o
LOAD build/sky/obj/queuebuf.o
LOAD build/sky/obj/random.o
LOAD build/sky/obj/ringbuf.o
LOAD build/sky/obj/ringbufindex.o
LOAD build/sky/obj/rtimer-arch.o
LOAD build/sky/obj/rtimer.o
LOAD build/sky/obj/sensors.o
LOAD build/sky/obj/serial-line.o
LOAD build/sky/obj/sha-256.o
LOAD build/sky/obj/sht11-sensor.o
LOAD build/sky/obj/sht11.o
LOAD build/sky/obj/sky-sensors.o
LOAD build/sky/obj/slip_uart1.o
LOAD build/sky/obj/spi-legacy.o
LOAD build/sky/obj/spi.o
LOAD build/sky/obj/stack-check.o
LOAD build/sky/obj/stimer.o
LOAD build/sky/obj/timer.o
LOAD build/sky/obj/trickle-timer.o
LOAD build/sky/obj/uart-putchar.o
LOAD build/sky/obj/uart1.o
LOAD build/sky/obj/uip-ipchksum.o
LOAD build/sky/obj/watchdog.o
LOAD build/sky/obj/xmem.o
LOAD /opt/msp430-toolchain/bin/../lib/gcc/msp430/4.7.2/mmpy-16/libgcc.a
LOAD /opt/msp430-toolchain/bin/../lib/gcc/msp430/4.7.2/../../../../msp430/lib/mmpy-16/libc.a
LOAD /opt/msp430-toolchain/bin/../lib/gcc/msp430/4.7.2/mmpy-16/libgcc.a
LOAD /opt/msp430-toolchain/bin/../lib/gcc/msp430/4.7.2/mmpy-16/libcrt0.a
                0x00000080                PROVIDE (__info_segment_size, 0x80)
                0x00001000                PROVIDE (__infob, 0x1000)
                0x00001080                PROVIDE (__infoa, 0x1080)
                0x00000000                __IE1 = 0x0
                0x00000002                __IFG1 = 0x2
                0x00000004                __ME1 = 0x4
                0x00000001                __IE2 = 0x1
                0x00000003                __IFG2 = 0x3
                0x00000005                __ME2 = 0x5
                0x00000120                __WDTCTL = 0x120
                0x00000130                __MPY = 0x130
                0x00000132                __MPYS = 0x132
                0x00000134                __MAC = 0x134
                0x00000136                __MACS = 0x136
                0x00000138                __OP2 = 0x138
                0x0000013a                __RESLO = 0x13a
                0x0000013c                __RESHI = 0x13c
                0x0000013e                __SUMEXT = 0x13e
                0x00000020                __P1IN = 0x20
                0x00000021                __P1OUT = 0x21
                0x00000022                __P1DIR = 0x22
                0x00000023                __P1IFG = 0x23
                0x00000024                __P1IES = 0x24
                0x00000025                __P1IE = 0x25
                0x00000026                __P1SEL = 0x26
                0x00000028                __P2IN = 0x28
                0x00000029                __P2OUT = 0x29
                0x0000002a                __P2DIR = 0x2a
                0x0000002b                __P2IFG = 0x2b
                0x0000002c                __P2IES = 0x2c
                0x0000002d                __P2IE = 0x2d
                0x0000002e                __P2SEL = 0x2e
                0x00000018                __P3IN = 0x18
                0x00000019                __P3OUT = 0x19
                0x0000001a                __P3DIR = 0x1a
                0x0000001b                __P3SEL = 0x1b
                0x0000001c                __P4IN = 0x1c
                0x0000001d                __P4OUT = 0x1d
                0x0000001e                __P4DIR = 0x1e
                0x0000001f                __P4SEL = 0x1f
                0x00000030                __P5IN = 0x30
                0x00000031                __P5OUT = 0x31
                0x00000032                __P5DIR = 0x32
                0x00000033                __P5SEL = 0x33
                0x00000034                __P6IN = 0x34
                0x00000035                __P6OUT = 0x35
                0x00000036                __P6DIR = 0x36
                0x00000037                __P6SEL = 0x37
                0x00000070                __U0CTL = 0x70
                0x00000071                __U0TCTL = 0x71
                0x00000072                __U0RCTL = 0x72
                0x00000073                __U0MCTL = 0x73
                0x00000074                __U0BR0 = 0x74
                0x00000075                __U0BR1 = 0x75
                0x00000076                __U0RXBUF = 0x76
                0x00000077                __U0TXBUF = 0x77
                0x00000078                __U1CTL = 0x78
                0x00000079                __U1TCTL = 0x79
                0x0000007a                __U1RCTL = 0x7a
                0x0000007b                __U1MCTL = 0x7b
                0x0000007c                __U1BR0 = 0x7c
                0x0000007d                __U1BR1 = 0x7d
                0x0000007e                __U1RXBUF = 0x7e
                0x0000007f                __U1TXBUF = 0x7f
                0x00000050                __I2CIE = 0x50
                0x00000051                __I2CIFG = 0x51
                0x00000052                __I2CNDAT = 0x52
                0x00000071                __I2CTCTL = 0x71
                0x00000072                __I2CDCTL = 0x72
                0x00000073                __I2CPSC = 0x73
                0x00000074                __I2CSCLH = 0x74
                0x00000075                __I2CSCLL = 0x75
                0x00000076                __I2CDRB = 0x76
                0x00000076                __I2CDRW = 0x76
                0x00000118                __I2COA = 0x118
                0x0000011a                __I2CSA = 0x11a
                0x0000011c                __I2CIV = 0x11c
                0x0000012e                __TAIV = 0x12e
                0x00000160                __TACTL = 0x160
                0x00000162                __TACCTL0 = 0x162
                0x00000164                __TACCTL1 = 0x164
                0x00000166                __TACCTL2 = 0x166
                0x00000170                __TAR = 0x170
                0x00000172                __TACCR0 = 0x172
                0x00000174                __TACCR1 = 0x174
                0x00000176                __TACCR2 = 0x176
                0x0000011e                __TBIV = 0x11e
                0x00000180                __TBCTL = 0x180
                0x00000182                __TBCCTL0 = 0x182
                0x00000184                __TBCCTL1 = 0x184
                0x00000186                __TBCCTL2 = 0x186
                0x00000188                __TBCCTL3 = 0x188
                0x0000018a                __TBCCTL4 = 0x18a
                0x0000018c                __TBCCTL5 = 0x18c
                0x0000018e                __TBCCTL6 = 0x18e
                0x00000190                __TBR = 0x190
                0x00000192                __TBCCR0 = 0x192
                0x00000194                __TBCCR1 = 0x194
                0x00000196                __TBCCR2 = 0x196
                0x00000198                __TBCCR3 = 0x198
                0x0000019a                __TBCCR4 = 0x19a
                0x0000019c                __TBCCR5 = 0x19c
                0x0000019e                __TBCCR6 = 0x19e
                0x00000056                __DCOCTL = 0x56
                0x00000057                __BCSCTL1 = 0x57
                0x00000058                __BCSCTL2 = 0x58
                0x00000055                __SVSCTL = 0x55
                0x00000128                __FCTL1 = 0x128
                0x0000012a                __FCTL2 = 0x12a
                0x0000012c                __FCTL3 = 0x12c
                0x00000059                __CACTL1 = 0x59
                0x0000005a                __CACTL2 = 0x5a
                0x0000005b                __CAPD = 0x5b
                0x000001a0                __ADC12CTL0 = 0x1a0
                0x000001a2                __ADC12CTL1 = 0x1a2
                0x000001a4                __ADC12IFG = 0x1a4
                0x000001a6                __ADC12IE = 0x1a6
                0x000001a8                __ADC12IV = 0x1a8
                0x00000140                __ADC12MEM0 = 0x140
                0x00000142                __ADC12MEM1 = 0x142
                0x00000144                __ADC12MEM2 = 0x144
                0x00000146                __ADC12MEM3 = 0x146
                0x00000148                __ADC12MEM4 = 0x148
                0x0000014a                __ADC12MEM5 = 0x14a
                0x0000014c                __ADC12MEM6 = 0x14c
                0x0000014e                __ADC12MEM7 = 0x14e
                0x00000150                __ADC12MEM8 = 0x150
                0x00000152                __ADC12MEM9 = 0x152
                0x00000154                __ADC12MEM10 = 0x154
                0x00000156                __ADC12MEM11 = 0x156
                0x00000158                __ADC12MEM12 = 0x158
                0x0000015a                __ADC12MEM13 = 0x15a
                0x0000015c                __ADC12MEM14 = 0x15c
                0x0000015e                __ADC12MEM15 = 0x15e
                0x00000080                __ADC12MCTL0 = 0x80
                0x00000081                __ADC12MCTL1 = 0x81
                0x00000082                __ADC12MCTL2 = 0x82
                0x00000083                __ADC12MCTL3 = 0x83
                0x00000084                __ADC12MCTL4 = 0x84
                0x00000085                __ADC12MCTL5 = 0x85
                0x00000086                __ADC12MCTL6 = 0x86
                0x00000087                __ADC12MCTL7 = 0x87
                0x00000088                __ADC12MCTL8 = 0x88
                0x00000089                __ADC12MCTL9 = 0x89
                0x0000008a                __ADC12MCTL10 = 0x8a
                0x0000008b                __ADC12MCTL11 = 0x8b
                0x0000008c                __ADC12MCTL12 = 0x8c
                0x0000008d                __ADC12MCTL13 = 0x8d
                0x0000008e                __ADC12MCTL14 = 0x8e
                0x0000008f                __ADC12MCTL15 = 0x8f
                0x000001c0                __DAC12_0CTL = 0x1c0
                0x000001c2                __DAC12_1CTL = 0x1c2
                0x000001c8                __DAC12_0DAT = 0x1c8
                0x000001ca                __DAC12_1DAT = 0x1ca
                0x00000122                __DMACTL0 = 0x122
                0x00000124                __DMACTL1 = 0x124
                0x000001e0                __DMA0CTL = 0x1e0
                0x000001e8                __DMA1CTL = 0x1e8
                0x000001f0                __DMA2CTL = 0x1f0
                0x000001e2                __DMA0SA = 0x1e2
                0x000001e4                __DMA0DA = 0x1e4
                0x000001e6                __DMA0SZ = 0x1e6
                0x000001ea                __DMA1SA = 0x1ea
                0x000001ec                __DMA1DA = 0x1ec
                0x000001ee                __DMA1SZ = 0x1ee
                0x000001f2                __DMA2SA = 0x1f2
                0x000001f4                __DMA2DA = 0x1f4
                0x000001f6                __DMA2SZ = 0x1f6

.hash
 *(SORT(.hash))

.dynsym
 *(SORT(.dynsym))

.dynstr
 *(SORT(.dynstr))

.gnu.version
 *(SORT(.gnu.version))

.gnu.version_d
 *(SORT(.gnu.version_d))

.gnu.version_r
 *(SORT(.gnu.version_r))

.rel.init
 *(SORT(.rel.init))

.rela.init
 *(SORT(.rela.init))

.rel.fini
 *(SORT(.rel.fini))

.rela.fini
 *(SORT(.rela.fini))

.rel.text
 *(SORT(.rel.text) SORT(.rel.text.*) SORT(.rel.gnu.linkonce.t.*))

.rela.text
 *(SORT(.rela.text) SORT(.rela.text.*) SORT(.rela.gnu.linkonce.t.*))

.rel.rodata
 *(SORT(.rel.rodata) SORT(.rel.rodata.*) SORT(.rel.gnu.linkonce.r.*))

.rela.rodata
 *(SORT(.rela.rodata) SORT(.rela.rodata.*) SORT(.rela.gnu.linkonce.r.*))

.rel.data
 *(SORT(.rel.data) SORT(.rel.data.*) SORT(.rel.gnu.linkonce.d.*))

.rela.data
 *(SORT(.rela.data) SORT(.rela.data.*) SORT(.rela.gnu.linkonce.d.*))

.rel.bss
 *(SORT(.rel.bss) SORT(.rel.bss.*) SORT(.rel.gnu.linkonce.b.*))

.rela.bss
 *(SORT(.rela.bss) SORT(.rela.bss.*) SORT(.rela.gnu.linkonce.b.*))

.rel.ctors
 *(SORT(.rel.ctors))

.rela.ctors
 *(SORT(.rela.ctors))

.rel.dtors
 *(SORT(.rel.dtors))

.rela.dtors
 *(SORT(.rela.dtors))

.rel.got
 *(SORT(.rel.got))

.rela.got
 *(SORT(.rela.got))

.rel.plt
 *(SORT(.rel.plt))

.rela.plt
 *(SORT(.rela.plt))

.text           0x00004000     0x3f82
                0x00004000                . = ALIGN (0x2)
 *(SORT(.init) SORT(.init.*))
 *(SORT(.init0))
 .init0         0x00004000        0x0 /opt/msp430-toolchain/bin/../lib/gcc/msp430/4.7.2/mmpy-16/libcrt0.a(_reset_vector__.o)
                0x00004000                _reset_vector__
 *(SORT(.init1))
 .init1         0x00004000        0xc /opt/msp430-toolchain/bin/../lib/gcc/msp430/4.7.2/mmpy-16/libcrt0.a(__watchdog_support.o)
                0x00004000                __watchdog_support
 *(SORT(.init2))
 .init2         0x0000400c        0x4 /opt/msp430-toolchain/bin/../lib/gcc/msp430/4.7.2/mmpy-16/libcrt0.a(__init_stack.o)
                0x0000400c                __init_stack
 *(SORT(.init3))
 .init3         0x00004010        0x0 /opt/msp430-toolchain/bin/../lib/gcc/msp430/4.7.2/mmpy-16/libcrt0.a(__low_level_init.o)
                0x00004010                __low_level_init
 *(SORT(.init4))
 .init4         0x00004010       0x18 /opt/msp430-toolchain/bin/../lib/gcc/msp430/4.7.2/mmpy-16/libcrt0.a(_copy_data.o)
                0x00004010                __do_copy_data
 .init4         0x00004028       0x16 /opt/msp430-toolchain/bin/../lib/gcc/msp430/4.7.2/mmpy-16/libcrt0.a(_clear_bss.o)
                0x00004028                __do_clear_bss
 *(SORT(.init5))
 *(SORT(.init6))
 *(SORT(.init7))
 *(SORT(.init8))
 *(SORT(.init9))
 .init9         0x0000403e      0x1d4 build/sky/obj/contiki-main.o
                0x0000403e                main
 *(SORT(.fini9))
 .fini9         0x00004212        0x0 /opt/msp430-toolchain/bin/../lib/gcc/msp430/4.7.2/mmpy-16/libcrt0.a(__stop_progExec__.o)
                0x00004212                __stop_progExec__
 *(SORT(.fini8))
 *(SORT(.fini7))
 *(SORT(.fini6))
 *(SORT(.fini5))
 *(SORT(.fini4))
 *(SORT(.fini3))
 *(SORT(.fini2))
 *(SORT(.fini1))
 *(SORT(.fini0))
 .fini0         0x00004212        0x6 /opt/msp430-toolchain/bin/../lib/gcc/msp430/4.7.2/mmpy-16/libcrt0.a(_endless_loop__.o)
                0x00004212                _endless_loop__
 *(SORT(.fini) SORT(.fini.*))
                0x00004218                . = ALIGN (0x2)
                0x00004218                __ctors_start = .
 *(SORT(.ctors))
                0x00004218                __ctors_end = .
                0x00004218                __dtors_start = .
 *(SORT(.dtors))
                0x00004218                __dtors_end = .
                0x00004218                . = ALIGN (0x2)
 *(SORT(.text) SORT(.text.*) SORT(.gnu.linkonce.t.*))
 .text          0x00004218        0x4 /opt/msp430-toolchain/bin/../lib/gcc/msp430/4.7.2/mmpy-16/crt0ivtbl16.o
                0x00004218                __isr_14
                0x00004218                __isr_11
                0x00004218                __isr_2
                0x00004218                __isr_7
                0x00004218                __isr_0
                0x00004218                __isr_8
                0x00004218                __isr_3
                0x00004218                __isr_13
                0x00004218                __isr_9
 .text.autostart_start
                0x0000421c       0x16 build/sky/obj/autostart.o
                0x0000421c                autostart_start
 .text.status   0x00004232       0x18 build/sky/obj/button-sensor.o
 .text.value    0x0000424a       0x1a build/sky/obj/button-sensor.o
 .text.configure
                0x00004264       0x4c build/sky/obj/button-sensor.o
 .text.irq_p2   0x000042b0       0x46 build/sky/obj/button-sensor.o
                0x000042b0                irq_p2
                0x000042b0                __isr_1
 .text.cc2420_timerb1_interrupt
                0x000042f6       0x26 build/sky/obj/cc2420-arch-sfd.o
                0x000042f6                cc2420_timerb1_interrupt
                0x000042f6                __isr_12
 .text.cc2420_port1_interrupt
                0x0000431c       0x20 build/sky/obj/cc2420-arch.o
                0x0000431c                __isr_4
                0x0000431c                cc2420_port1_interrupt
 .text.cc2420_arch_init
                0x0000433c       0x1a build/sky/obj/cc2420-arch.o
                0x0000433c                cc2420_arch_init
 .text.get_object
                0x00004356        0x4 build/sky/obj/cc2420.o
 .text.set_object
                0x0000435a        0x4 build/sky/obj/cc2420.o
 .text.strobe   0x0000435e       0x1c build/sky/obj/cc2420.o
 .text.getreg   0x0000437a       0x4c build/sky/obj/cc2420.o
 .text.setreg   0x000043c6       0x4c build/sky/obj/cc2420.o
 .text.write_ram
                0x00004412       0x7c build/sky/obj/cc2420.o
 .text.write_fifo_buf
                0x0000448e       0x3c build/sky/obj/cc2420.o
 .text.get_status
                0x000044ca       0x20 build/sky/obj/cc2420.o
 .text.on       0x000044ea       0x1a build/sky/obj/cc2420.o
 .text.cc2420_receiving_packet
                0x00004504        0xc build/sky/obj/cc2420.o
 .text.pending_packet
                0x00004510        0x8 build/sky/obj/cc2420.o
 .text.wait_for_transmission
                0x00004518       0x22 build/sky/obj/cc2420.o
 .text.wait_for_status
                0x0000453a       0x28 build/sky/obj/cc2420.o
 .text.getrxdata
                0x00004562       0x50 build/sky/obj/cc2420.o
 .text.flushrx  0x000045b2       0x1a build/sky/obj/cc2420.o
 .text.off      0x000045cc       0x28 build/sky/obj/cc2420.o
 .text.RELEASE_LOCK
                0x000045f4       0x28 build/sky/obj/cc2420.o
 .text.set_key  0x0000461c       0x18 build/sky/obj/cc2420.o
 .text.set_frame_filtering
                0x00004634       0x30 build/sky/obj/cc2420.o
 .text.set_auto_ack
                0x00004664       0x30 build/sky/obj/cc2420.o
 .text.set_poll_mode
                0x00004694       0x2c build/sky/obj/cc2420.o
 .text.cc2420_prepare
                0x000046c0       0x46 build/sky/obj/cc2420.o
 .text.cc2420_on
                0x00004706       0x22 build/sky/obj/cc2420.o
                0x00004706                cc2420_on
 .text.cc2420_transmit
                0x00004728       0x66 build/sky/obj/cc2420.o
 .text.cc2420_send
                0x0000478e       0x12 build/sky/obj/cc2420.o
 .text.cc2420_off
                0x000047a0       0x30 build/sky/obj/cc2420.o
                0x000047a0                cc2420_off
 .text.cc2420_cca
                0x000047d0       0x68 build/sky/obj/cc2420.o
 .text.cc2420_read
                0x00004838       0xbe build/sky/obj/cc2420.o
 .text.process_thread_cc2420_process
                0x000048f6       0x56 build/sky/obj/cc2420.o
 .text.encrypt  0x0000494c       0x88 build/sky/obj/cc2420.o
 .text.cc2420_set_channel
                0x000049d4       0x3c build/sky/obj/cc2420.o
                0x000049d4                cc2420_set_channel
 .text.cc2420_set_pan_addr
                0x00004a10       0x4c build/sky/obj/cc2420.o
                0x00004a10                cc2420_set_pan_addr
 .text.cc2420_interrupt
                0x00004a5c       0x16 build/sky/obj/cc2420.o
                0x00004a5c                cc2420_interrupt
 .text.cc2420_set_txpower
                0x00004a72       0x2c build/sky/obj/cc2420.o
                0x00004a72                cc2420_set_txpower
 .text.cc2420_get_txpower
                0x00004a9e       0x1e build/sky/obj/cc2420.o
                0x00004a9e                cc2420_get_txpower
 .text.cc2420_rssi
                0x00004abc       0x4c build/sky/obj/cc2420.o
                0x00004abc                cc2420_rssi
 .text.get_value
                0x00004b08      0x11e build/sky/obj/cc2420.o
 .text.cc2420_set_cca_threshold
                0x00004c26       0x16 build/sky/obj/cc2420.o
                0x00004c26                cc2420_set_cca_threshold
 .text.set_value
                0x00004c3c      0x150 build/sky/obj/cc2420.o
 .text.cc2420_init
                0x00004d8c       0xea build/sky/obj/cc2420.o
                0x00004d8c                cc2420_init
 .text.timera1  0x00004e76       0xd8 build/sky/obj/clock.o
                0x00004e76                __isr_5
                0x00004e76                timera1
 .text.clock_time
                0x00004f4e       0x1a build/sky/obj/clock.o
                0x00004f4e                clock_time
 .text.clock_init
                0x00004f68       0x28 build/sky/obj/clock.o
                0x00004f68                clock_init
 .text.clock_delay
                0x00004f90        0xc build/sky/obj/clock.o
                0x00004f90                clock_delay
 .text.schedule_transmission
                0x00004f9c       0x74 build/sky/obj/csma-output.o
 .text.tx_done  0x00005010       0x98 build/sky/obj/csma-output.o
 .text.transmit_from_queue
                0x000050a8      0x1bc build/sky/obj/csma-output.o
 .text.csma_output_packet
                0x00005264      0x146 build/sky/obj/csma-output.o
                0x00005264                csma_output_packet
 .text.csma_output_init
                0x000053aa       0x1a build/sky/obj/csma-output.o
                0x000053aa                csma_output_init
 .text.on       0x000053c4        0x6 build/sky/obj/csma.o
 .text.off      0x000053ca        0x6 build/sky/obj/csma.o
 .text.max_payload
                0x000053d0       0x38 build/sky/obj/csma.o
 .text.send_packet
                0x00005408        0x6 build/sky/obj/csma.o
 .text.input_packet
                0x0000540e       0x58 build/sky/obj/csma.o
 .text.init     0x00005466       0x20 build/sky/obj/csma.o
 .text.process_thread_ctimer_process
                0x00005486       0x9a build/sky/obj/ctimer.o
 .text.ctimer_init
                0x00005520       0x10 build/sky/obj/ctimer.o
                0x00005520                ctimer_init
 .text.ctimer_set_with_process
                0x00005530       0x4e build/sky/obj/ctimer.o
                0x00005530                ctimer_set_with_process
 .text.ctimer_reset
                0x0000557e       0x30 build/sky/obj/ctimer.o
                0x0000557e                ctimer_reset
 .text.ctimer_stop
                0x000055ae       0x28 build/sky/obj/ctimer.o
                0x000055ae                ctimer_stop
 .text.owreadb  0x000055d6       0x50 build/sky/obj/ds2411.o
 .text.ds2411_init
                0x00005626      0x120 build/sky/obj/ds2411.o
                0x00005626                ds2411_init
 .text.update_time
                0x00005746       0x78 build/sky/obj/etimer.o
 .text.etimer_request_poll
                0x000057be        0xa build/sky/obj/etimer.o
                0x000057be                etimer_request_poll
 .text.process_thread_etimer_process
                0x000057c8       0xcc build/sky/obj/etimer.o
 .text.add_timer
                0x00005894       0x40 build/sky/obj/etimer.o
 .text.etimer_set
                0x000058d4       0x12 build/sky/obj/etimer.o
                0x000058d4                etimer_set
 .text.etimer_reset
                0x000058e6       0x12 build/sky/obj/etimer.o
                0x000058e6                etimer_reset
 .text.etimer_pending
                0x000058f8        0xc build/sky/obj/etimer.o
                0x000058f8                etimer_pending
 .text.etimer_next_expiration_time
                0x00005904       0x16 build/sky/obj/etimer.o
                0x00005904                etimer_next_expiration_time
 .text.etimer_stop
                0x0000591a       0x3e build/sky/obj/etimer.o
                0x0000591a                etimer_stop
 .text.frame802154_get_pan_id
                0x00005958        0x6 build/sky/obj/frame802154.o
                0x00005958                frame802154_get_pan_id
 .text.frame802154_has_panid
                0x0000595e       0xe0 build/sky/obj/frame802154.o
                0x0000595e                frame802154_has_panid
 .text.field_len
                0x00005a3e       0xaa build/sky/obj/frame802154.o
 .text.frame802154_is_broadcast_addr
                0x00005ae8       0x28 build/sky/obj/frame802154.o
                0x00005ae8                frame802154_is_broadcast_addr
 .text.frame802154_hdrlen
                0x00005b10       0x32 build/sky/obj/frame802154.o
                0x00005b10                frame802154_hdrlen
 .text.frame802154_create_fcf
                0x00005b42       0x96 build/sky/obj/frame802154.o
                0x00005b42                frame802154_create_fcf
 .text.frame802154_create
                0x00005bd8       0xd2 build/sky/obj/frame802154.o
                0x00005bd8                frame802154_create
 .text.frame802154_parse_fcf
                0x00005caa       0xbc build/sky/obj/frame802154.o
                0x00005caa                frame802154_parse_fcf
 .text.frame802154_parse
                0x00005d66      0x168 build/sky/obj/frame802154.o
                0x00005d66                frame802154_parse
 .text.parse    0x00005ece       0xa2 build/sky/obj/framer-802154.o
 .text.framer_802154_setup_params
                0x00005f70       0xb6 build/sky/obj/framer-802154.o
                0x00005f70                framer_802154_setup_params
 .text.create_frame
                0x00006026       0xa2 build/sky/obj/framer-802154.o
 .text.create   0x000060c8        0x8 build/sky/obj/framer-802154.o
 .text.hdr_length
                0x000060d0        0x8 build/sky/obj/framer-802154.o
 .text.leds_arch_init
                0x000060d8        0xe build/sky/obj/leds-arch.o
                0x000060d8                leds_arch_init
 .text.leds_arch_get
                0x000060e6       0x34 build/sky/obj/leds-arch.o
                0x000060e6                leds_arch_get
 .text.leds_arch_set
                0x0000611a       0x3e build/sky/obj/leds-arch.o
                0x0000611a                leds_arch_set
 .text.leds_init
                0x00006158        0x6 build/sky/obj/leds.o
                0x00006158                leds_init
 .text.leds_on  0x0000615e       0x12 build/sky/obj/leds.o
                0x0000615e                leds_on
 .text.leds_off
                0x00006170       0x12 build/sky/obj/leds.o
                0x00006170                leds_off
 .text.linkaddr_copy
                0x00006182        0x8 build/sky/obj/linkaddr.o
                0x00006182                linkaddr_copy
 .text.linkaddr_cmp
                0x0000618a       0x12 build/sky/obj/linkaddr.o
                0x0000618a                linkaddr_cmp
 .text.list_tail
                0x0000619c       0x12 build/sky/obj/list.o
                0x0000619c                list_tail
 .text.list_remove
                0x000061ae       0x34 build/sky/obj/list.o
                0x000061ae                list_remove
 .text.list_add
                0x000061e2       0x2a build/sky/obj/list.o
                0x000061e2                list_add
 .text.list_length
                0x0000620c       0x10 build/sky/obj/list.o
                0x0000620c                list_length
 .text.log_lladdr
                0x0000621c       0x44 build/sky/obj/log.o
                0x0000621c                log_lladdr
 .text.mac_sequence_init
                0x00006260        0xa build/sky/obj/mac-sequence.o
                0x00006260                mac_sequence_init
 .text.mac_sequence_set_dsn
                0x0000626a       0x18 build/sky/obj/mac-sequence.o
                0x0000626a                mac_sequence_set_dsn
 .text.mac_sequence_is_duplicate
                0x00006282       0x84 build/sky/obj/mac-sequence.o
                0x00006282                mac_sequence_is_duplicate
 .text.mac_sequence_register_seqno
                0x00006306       0x90 build/sky/obj/mac-sequence.o
                0x00006306                mac_sequence_register_seqno
 .text.memb_init
                0x00006396       0x36 build/sky/obj/memb.o
                0x00006396                memb_init
 .text.memb_alloc
                0x000063cc       0x3e build/sky/obj/memb.o
                0x000063cc                memb_alloc
 .text.memb_free
                0x0000640a       0x32 build/sky/obj/memb.o
                0x0000640a                memb_free
 .text.memb_inmemb
                0x0000643c       0x2a build/sky/obj/memb.o
                0x0000643c                memb_inmemb
 .text.msp430_init_dco
                0x00006466       0x82 build/sky/obj/msp430.o
                0x00006466                msp430_init_dco
 .text.msp430_add_lpm_req
                0x000064e8        0xc build/sky/obj/msp430.o
                0x000064e8                msp430_add_lpm_req
 .text.msp430_cpu_init
                0x000064f4       0x2a build/sky/obj/msp430.o
                0x000064f4                msp430_cpu_init
 .text.splhigh_
                0x0000651e        0xa build/sky/obj/msp430.o
                0x0000651e                splhigh_
 .text.msp430_sync_dco
                0x00006528       0x6c build/sky/obj/msp430.o
                0x00006528                msp430_sync_dco
 .text.process_thread_nullnet_example_process
                0x00006594       0xa2 build/sky/obj/nullnet-broadcast.o
 .text.input_callback
                0x00006636       0x4a build/sky/obj/nullnet-broadcast.o
                0x00006636                input_callback
 .text.init     0x00006680        0x6 build/sky/obj/nullnet.o
 .text.output   0x00006686       0x42 build/sky/obj/nullnet.o
 .text.input    0x000066c8       0x40 build/sky/obj/nullnet.o
 .text.nullnet_set_input_callback
                0x00006708        0x6 build/sky/obj/nullnet.o
                0x00006708                nullnet_set_input_callback
 .text.init     0x0000670e        0x2 build/sky/obj/nullrouting.o
 .text.root_set_prefix
                0x00006710        0x2 build/sky/obj/nullrouting.o
 .text.root_start
                0x00006712        0x4 build/sky/obj/nullrouting.o
 .text.node_is_root
                0x00006716        0x4 build/sky/obj/nullrouting.o
 .text.get_root_ipaddr
                0x0000671a        0x4 build/sky/obj/nullrouting.o
 .text.get_sr_node_ipaddr
                0x0000671e        0x4 build/sky/obj/nullrouting.o
 .text.leave_network
                0x00006722        0x2 build/sky/obj/nullrouting.o
 .text.node_has_joined
                0x00006724        0x4 build/sky/obj/nullrouting.o
 .text.node_is_reachable
                0x00006728        0x4 build/sky/obj/nullrouting.o
 .text.global_repair
                0x0000672c        0x2 build/sky/obj/nullrouting.o
 .text.local_repair
                0x0000672e        0x2 build/sky/obj/nullrouting.o
 .text.ext_header_remove
                0x00006730        0x4 build/sky/obj/nullrouting.o
 .text.ext_header_update
                0x00006734        0x4 build/sky/obj/nullrouting.o
 .text.ext_header_hbh_update
                0x00006738        0x4 build/sky/obj/nullrouting.o
 .text.ext_header_srh_update
                0x0000673c        0x4 build/sky/obj/nullrouting.o
 .text.ext_header_srh_get_next_hop
                0x00006740        0x4 build/sky/obj/nullrouting.o
 .text.link_callback
                0x00006744        0x2 build/sky/obj/nullrouting.o
 .text.neighbor_state_changed
                0x00006746        0x2 build/sky/obj/nullrouting.o
 .text.drop_route
                0x00006748        0x2 build/sky/obj/nullrouting.o
 .text.is_in_leaf_mode
                0x0000674a        0x4 build/sky/obj/nullrouting.o
 .text.packetbuf_hdrreduce
                0x0000674e       0x1a build/sky/obj/packetbuf.o
                0x0000674e                packetbuf_hdrreduce
 .text.packetbuf_set_datalen
                0x00006768        0x6 build/sky/obj/packetbuf.o
                0x00006768                packetbuf_set_datalen
 .text.packetbuf_hdrptr
                0x0000676e        0x6 build/sky/obj/packetbuf.o
                0x0000676e                packetbuf_hdrptr
 .text.packetbuf_datalen
                0x00006774        0x6 build/sky/obj/packetbuf.o
                0x00006774                packetbuf_datalen
 .text.packetbuf_hdrlen
                0x0000677a        0xa build/sky/obj/packetbuf.o
                0x0000677a                packetbuf_hdrlen
 .text.packetbuf_dataptr
                0x00006784        0xc build/sky/obj/packetbuf.o
                0x00006784                packetbuf_dataptr
 .text.packetbuf_copyto
                0x00006790       0x46 build/sky/obj/packetbuf.o
                0x00006790                packetbuf_copyto
 .text.packetbuf_totlen
                0x000067d6        0xc build/sky/obj/packetbuf.o
                0x000067d6                packetbuf_totlen
 .text.packetbuf_hdralloc
                0x000067e2       0x3c build/sky/obj/packetbuf.o
                0x000067e2                packetbuf_hdralloc
 .text.packetbuf_attr_clear
                0x0000681e       0x28 build/sky/obj/packetbuf.o
                0x0000681e                packetbuf_attr_clear
 .text.packetbuf_clear
                0x00006846       0x12 build/sky/obj/packetbuf.o
                0x00006846                packetbuf_clear
 .text.packetbuf_copyfrom
                0x00006858       0x2e build/sky/obj/packetbuf.o
                0x00006858                packetbuf_copyfrom
 .text.packetbuf_attr_copyto
                0x00006886       0x22 build/sky/obj/packetbuf.o
                0x00006886                packetbuf_attr_copyto
 .text.packetbuf_attr_copyfrom
                0x000068a8       0x24 build/sky/obj/packetbuf.o
                0x000068a8                packetbuf_attr_copyfrom
 .text.packetbuf_set_attr
                0x000068cc        0xa build/sky/obj/packetbuf.o
                0x000068cc                packetbuf_set_attr
 .text.packetbuf_attr
                0x000068d6        0xa build/sky/obj/packetbuf.o
                0x000068d6                packetbuf_attr
 .text.packetbuf_set_addr
                0x000068e0       0x16 build/sky/obj/packetbuf.o
                0x000068e0                packetbuf_set_addr
 .text.packetbuf_addr
                0x000068f6       0x12 build/sky/obj/packetbuf.o
                0x000068f6                packetbuf_addr
 .text.packetbuf_holds_broadcast
                0x00006908        0xe build/sky/obj/packetbuf.o
                0x00006908                packetbuf_holds_broadcast
 .text.platform_init_stage_one
                0x00006916       0x12 build/sky/obj/platform.o
                0x00006916                platform_init_stage_one
 .text.platform_init_stage_two
                0x00006928       0x6c build/sky/obj/platform.o
                0x00006928                platform_init_stage_two
 .text.platform_init_stage_three
                0x00006994       0x8c build/sky/obj/platform.o
                0x00006994                platform_init_stage_three
 .text.platform_idle
                0x00006a20       0x54 build/sky/obj/platform.o
                0x00006a20                platform_idle
 .text.call_process
                0x00006a74       0x46 build/sky/obj/process.o
 .text.exit_process
                0x00006aba       0x98 build/sky/obj/process.o
 .text.do_poll  0x00006b52       0x30 build/sky/obj/process.o
 .text.process_alloc_event
                0x00006b82       0x18 build/sky/obj/process.o
                0x00006b82                process_alloc_event
 .text.process_init
                0x00006b9a        0x8 build/sky/obj/process.o
                0x00006b9a                process_init
 .text.process_run
                0x00006ba2       0x8c build/sky/obj/process.o
                0x00006ba2                process_run
 .text.process_nevents
                0x00006c2e        0xa build/sky/obj/process.o
                0x00006c2e                process_nevents
 .text.process_post
                0x00006c38       0x42 build/sky/obj/process.o
                0x00006c38                process_post
 .text.process_post_synch
                0x00006c7a       0x12 build/sky/obj/process.o
                0x00006c7a                process_post_synch
 .text.process_start
                0x00006c8c       0x36 build/sky/obj/process.o
                0x00006c8c                process_start
 .text.process_poll
                0x00006cc2       0x18 build/sky/obj/process.o
                0x00006cc2                process_poll
 .text.queuebuf_init
                0x00006cda       0x12 build/sky/obj/queuebuf.o
                0x00006cda                queuebuf_init
 .text.queuebuf_new_from_packetbuf
                0x00006cec       0x52 build/sky/obj/queuebuf.o
                0x00006cec                queuebuf_new_from_packetbuf
 .text.queuebuf_update_attr_from_packetbuf
                0x00006d3e       0x12 build/sky/obj/queuebuf.o
                0x00006d3e                queuebuf_update_attr_from_packetbuf
 .text.queuebuf_free
                0x00006d50       0x2a build/sky/obj/queuebuf.o
                0x00006d50                queuebuf_free
 .text.queuebuf_to_packetbuf
                0x00006d7a       0x32 build/sky/obj/queuebuf.o
                0x00006d7a                queuebuf_to_packetbuf
 .text.random_init
                0x00006dac        0x6 build/sky/obj/random.o
                0x00006dac                random_init
 .text.random_rand
                0x00006db2        0x6 build/sky/obj/random.o
                0x00006db2                random_rand
 .text.ringbuf_put
                0x00006db8       0x38 build/sky/obj/ringbuf.o
                0x00006db8                ringbuf_put
 .text.ringbuf_get
                0x00006df0       0x32 build/sky/obj/ringbuf.o
                0x00006df0                ringbuf_get
 .text.timera0  0x00006e22       0x2c build/sky/obj/rtimer-arch.o
                0x00006e22                __isr_6
                0x00006e22                timera0
 .text.rtimer_arch_init
                0x00006e4e        0xe build/sky/obj/rtimer-arch.o
                0x00006e4e                rtimer_arch_init
 .text.rtimer_arch_now
                0x00006e5c        0xe build/sky/obj/rtimer-arch.o
                0x00006e5c                rtimer_arch_now
 .text.rtimer_run_next
                0x00006e6a       0x18 build/sky/obj/rtimer.o
                0x00006e6a                rtimer_run_next
 .text.process_thread_sensors_process
                0x00006e82       0xc2 build/sky/obj/sensors.o
 .text.sensors_changed
                0x00006f44       0x2a build/sky/obj/sensors.o
                0x00006f44                sensors_changed
 .text.process_thread_serial_line_process
                0x00006f6e       0xa4 build/sky/obj/serial-line.o
 .text.serial_line_input_byte
                0x00007012       0x42 build/sky/obj/serial-line.o
                0x00007012                serial_line_input_byte
 .text.serial_line_init
                0x00007054       0x24 build/sky/obj/serial-line.o
                0x00007054                serial_line_init
 .text.spi_init
                0x00007078       0x30 build/sky/obj/spi-legacy.o
                0x00007078                spi_init
 .text.stack_check_init
                0x000070a8       0x2e build/sky/obj/stack-check.o
                0x000070a8                stack_check_init
 .text.stack_check_get_usage
                0x000070d6       0x46 build/sky/obj/stack-check.o
                0x000070d6                stack_check_get_usage
 .text.process_thread_stack_check_process
                0x0000711c       0x90 build/sky/obj/stack-check.o
 .text.timer_set
                0x000071ac       0x1c build/sky/obj/timer.o
                0x000071ac                timer_set
 .text.timer_expired
                0x000071c8       0x2a build/sky/obj/timer.o
                0x000071c8                timer_expired
 .text.timer_reset
                0x000071f2       0x1c build/sky/obj/timer.o
                0x000071f2                timer_reset
 .text.putchar  0x0000720e       0x10 build/sky/obj/uart-putchar.o
                0x0000720e                putchar
 .text.handle_rxdma_timer
                0x0000721e       0x3a build/sky/obj/uart1.o
 .text.uart1_active
                0x00007258       0x18 build/sky/obj/uart1.o
                0x00007258                uart1_active
 .text.uart1_set_input
                0x00007270       0x24 build/sky/obj/uart1.o
                0x00007270                uart1_set_input
 .text.uart1_writeb
                0x00007294       0x18 build/sky/obj/uart1.o
                0x00007294                uart1_writeb
 .text.uart1_init
                0x000072ac       0xf4 build/sky/obj/uart1.o
                0x000072ac                uart1_init
 .text.watchdog_interrupt
                0x000073a0        0x6 build/sky/obj/watchdog.o
                0x000073a0                __isr_10
                0x000073a0                watchdog_interrupt
 .text.watchdog_start
                0x000073a6       0x14 build/sky/obj/watchdog.o
                0x000073a6                watchdog_start
 .text.watchdog_periodic
                0x000073ba       0x12 build/sky/obj/watchdog.o
                0x000073ba                watchdog_periodic
 .text.watchdog_stop
                0x000073cc       0x16 build/sky/obj/watchdog.o
                0x000073cc                watchdog_stop
 .text.watchdog_init
                0x000073e2       0x12 build/sky/obj/watchdog.o
                0x000073e2                watchdog_init
 .text.xmem_init
                0x000073f4       0x3c build/sky/obj/xmem.o
                0x000073f4                xmem_init
 .text.printf   0x00007430       0x10 /opt/msp430-toolchain/bin/../lib/gcc/msp430/4.7.2/../../../../msp430/lib/mmpy-16/libc.a(printf.o)
                0x00007430                printf
 .text.print_field
                0x00007440      0x194 /opt/msp430-toolchain/bin/../lib/gcc/msp430/4.7.2/../../../../msp430/lib/mmpy-16/libc.a(vuprintf.o)
 .text.vuprintf
                0x000075d4      0x63e /opt/msp430-toolchain/bin/../lib/gcc/msp430/4.7.2/../../../../msp430/lib/mmpy-16/libc.a(vuprintf.o)
                0x000075d4                vuprintf
 .text.puts     0x00007c12       0x2c /opt/msp430-toolchain/bin/../lib/gcc/msp430/4.7.2/../../../../msp430/lib/mmpy-16/libc.a(puts.o)
                0x00007c12                puts
 .text.rand     0x00007c3e       0x26 /opt/msp430-toolchain/bin/../lib/gcc/msp430/4.7.2/../../../../msp430/lib/mmpy-16/libc.a(rand.o)
                0x00007c3e                rand
 .text.srand    0x00007c64        0xa /opt/msp430-toolchain/bin/../lib/gcc/msp430/4.7.2/../../../../msp430/lib/mmpy-16/libc.a(rand.o)
                0x00007c64                srand
 .text.memcmp   0x00007c6e       0x30 /opt/msp430-toolchain/bin/../lib/gcc/msp430/4.7.2/../../../../msp430/lib/mmpy-16/libc.a(memcmp.o)
                0x00007c6e                memcmp
 .text.memcpy   0x00007c9e       0xfa /opt/msp430-toolchain/bin/../lib/gcc/msp430/4.7.2/../../../../msp430/lib/mmpy-16/libc.a(memcpy.o)
                0x00007c9e                memcpy
 .text.memset   0x00007d98       0x6a /opt/msp430-toolchain/bin/../lib/gcc/msp430/4.7.2/../../../../msp430/lib/mmpy-16/libc.a(memset.o)
                0x00007d98                memset
 .text.crt0     0x00007e02        0x2 /opt/msp430-toolchain/bin/../lib/gcc/msp430/4.7.2/mmpy-16/libcrt0.a(_unexpected_.o)
                0x00007e02                _unexpected_
 .text.libgcc   0x00007e04       0x2c /opt/msp430-toolchain/bin/../lib/gcc/msp430/4.7.2/mmpy-16/libgcc.a(_mulsi3.o)
                0x00007e04                __mulsi3
 .text.libgcc   0x00007e30       0x22 /opt/msp430-toolchain/bin/../lib/gcc/msp430/4.7.2/mmpy-16/libgcc.a(_udivmod16.o)
                0x00007e30                __udivhi3
                0x00007e30                __ext_udivmod16
                0x00007e4a                __umodhi3
 .text.libgcc   0x00007e52       0x40 /opt/msp430-toolchain/bin/../lib/gcc/msp430/4.7.2/mmpy-16/libgcc.a(_udivmod32.o)
                0x00007e52                __udivsi3
                0x00007e52                __ext_udivmod32
                0x00007e88                __umodsi3
 .text.libgcc   0x00007e92       0xf0 /opt/msp430-toolchain/bin/../lib/gcc/msp430/4.7.2/mmpy-16/libgcc.a(_udivmod64.o)
                0x00007e92                __xabi_udivmod64
                0x00007ef0                __udivdi3
                0x00007f16                __umoddi3
                0x00007f44                __udivmoddi4
 *(SORT(.near.text) SORT(.near.text.*))

.rodata         0x00007f84      0x382
                0x00007f84                . = ALIGN (0x2)
 *(SORT(.rodata) SORT(.rodata.*) SORT(.gnu.linkonce.r.*))
 .rodata.get_value
                0x00007f84       0x34 build/sky/obj/cc2420.o
 .rodata.set_value
                0x00007fb8       0x10 build/sky/obj/cc2420.o
 .rodata        0x00007fc8       0x10 build/sky/obj/button-sensor.o
                0x00007fd0                button_sensor
 .rodata        0x00007fd8       0x3e build/sky/obj/cc2420.o
                0x00007fd8                cc2420_aes_128_driver
                0x00007fdc                cc2420_driver
 .rodata        0x00008016       0x14 build/sky/obj/csma.o
                0x0000801c                csma_driver
 .rodata        0x0000802a        0x6 build/sky/obj/framer-802154.o
                0x0000802a                framer_802154
 .rodata        0x00008030        0x8 build/sky/obj/linkaddr.o
                0x00008030                linkaddr_null
 .rodata        0x00008038       0xae build/sky/obj/log.o
 .rodata        0x000080e6       0x68 build/sky/obj/nullnet-broadcast.o
                0x00008130                autostart_processes
 .rodata        0x0000814e       0x10 build/sky/obj/nullnet.o
                0x00008156                nullnet_driver
 .rodata        0x0000815e       0x36 build/sky/obj/nullrouting.o
                0x0000816a                nullrouting_driver
 .rodata        0x00008194       0xc9 build/sky/obj/contiki-main.o
 .rodata        0x0000825d        0xf build/sky/obj/ctimer.o
 .rodata        0x0000826c        0xc build/sky/obj/etimer.o
 .rodata        0x00008278        0x2 build/sky/obj/frame802154.o
 .rodata        0x0000827a       0x31 build/sky/obj/platform.o
 .rodata        0x000082ab        0x8 build/sky/obj/sensors.o
 .rodata        0x000082b3        0xe build/sky/obj/serial-line.o
 .rodata        0x000082c1       0x3e build/sky/obj/stack-check.o
 .rodata.vuprintf
                0x000082ff        0x7 /opt/msp430-toolchain/bin/../lib/gcc/msp430/4.7.2/../../../../msp430/lib/mmpy-16/libc.a(vuprintf.o)
 *(SORT(.near.rodata) SORT(.near.rodata.*))
                0x00008306                . = ALIGN (0x2)
                0x00008306                _etext = .

.data           0x00001100       0xd8 load address 0x00008306
                0x00001100                . = ALIGN (0x2)
                0x00001100                __data_start = .
 *(SORT(.data) SORT(.data.*) SORT(.gnu.linkonce.d.*))
 .data          0x00001100        0xc build/sky/obj/cc2420.o
                0x00001100                cc2420_process
 .data          0x0000110c       0x18 build/sky/obj/csma-output.o
 .data          0x00001124        0xa build/sky/obj/ctimer.o
                0x00001124                ctimer_process
 .data          0x0000112e        0xa build/sky/obj/etimer.o
                0x0000112e                etimer_process
 .data          0x00001138        0x2 build/sky/obj/frame802154.o
 .data          0x0000113a       0x5c build/sky/obj/log.o
                0x0000113a                all_modules
                0x00001194                curr_log_level_main
 .data          0x00001196        0x2 build/sky/obj/msp430.o
 .data          0x00001198        0xa build/sky/obj/nullnet-broadcast.o
                0x00001198                nullnet_example_process
 .data          0x000011a2        0x4 build/sky/obj/platform.o
                0x000011a2                sensors
 .data          0x000011a6       0x10 build/sky/obj/queuebuf.o
 .data          0x000011b6        0xa build/sky/obj/sensors.o
                0x000011b6                sensors_process
 .data          0x000011c0        0xa build/sky/obj/serial-line.o
                0x000011c0                serial_line_process
 .data          0x000011ca        0xa build/sky/obj/stack-check.o
                0x000011ca                stack_check_process
 .data.next     0x000011d4        0x4 /opt/msp430-toolchain/bin/../lib/gcc/msp430/4.7.2/../../../../msp430/lib/mmpy-16/libc.a(rand.o)
 *(SORT(.near.data) SORT(.near.data.*))
                0x000011d8                . = ALIGN (0x2)
                0x000011d8                _edata = .
                0x00008306                __data_load_start = LOADADDR (.data)
                0x000000d8                __data_size = SIZEOF (.data)

.bss            0x000011d8      0xac4 load address 0x000083de
                0x000011d8                __bss_start = .
 *(SORT(.bss) SORT(.bss.*))
 .bss           0x000011d8        0x8 build/sky/obj/button-sensor.o
 .bss           0x000011e0       0x10 build/sky/obj/cc2420.o
 .bss           0x000011f0        0xa build/sky/obj/clock.o
 .bss           0x000011fa       0xbc build/sky/obj/csma-output.o
 .bss           0x000012b6        0x4 build/sky/obj/ctimer.o
 .bss           0x000012ba        0x6 build/sky/obj/etimer.o
 .bss           0x000012c0       0x1a build/sky/obj/log.o
                0x000012c0                curr_log_level_sys
                0x000012c2                curr_log_level_lwm2m
                0x000012c4                curr_log_level_snmp
                0x000012c6                curr_log_level_dtls
                0x000012c8                curr_log_level_coap
                0x000012ca                curr_log_level_6top
                0x000012cc                curr_log_level_framer
                0x000012ce                curr_log_level_mac
                0x000012d0                curr_log_level_nullnet
                0x000012d2                curr_log_level_6lowpan
                0x000012d4                curr_log_level_ipv6
                0x000012d6                curr_log_level_tcpip
                0x000012d8                curr_log_level_rpl
 .bss           0x000012da       0xe2 build/sky/obj/mac-sequence.o
 .bss           0x000013bc        0x2 build/sky/obj/node-id.o
                0x000013bc                node_id
 .bss           0x000013be        0xc build/sky/obj/nullnet-broadcast.o
 .bss           0x000013ca        0x2 build/sky/obj/nullnet.o
 .bss           0x000013cc       0x86 build/sky/obj/packetbuf.o
 .bss           0x00001452        0x8 build/sky/obj/platform.o
 .bss           0x0000145a       0xc4 build/sky/obj/process.o
 .bss           0x0000151e      0x570 build/sky/obj/queuebuf.o
 .bss           0x00001a8e        0x2 build/sky/obj/rtimer.o
 .bss           0x00001a90        0x6 build/sky/obj/sensors.o
 .bss           0x00001a96      0x10a build/sky/obj/serial-line.o
 .bss           0x00001ba0        0xe build/sky/obj/stack-check.o
 .bss           0x00001bae       0x9a build/sky/obj/uart1.o
 .bss           0x00001c48        0x2 build/sky/obj/watchdog.o
 *(SORT(.near.bss) SORT(.near.bss.*))
 *(SORT(COMMON))
 COMMON         0x00001c4a        0xc build/sky/obj/cc2420.o
                0x00001c4a                cc2420_last_rssi
                0x00001c4c                cc2420_sfd_start_time
                0x00001c4e                cc2420_last_correlation
                0x00001c50                cc2420_authority_level_of_sender
                0x00001c52                cc2420_sfd_counter
                0x00001c54                cc2420_sfd_end_time
 COMMON         0x00001c56        0x8 build/sky/obj/linkaddr.o
                0x00001c56                linkaddr_node_addr
 COMMON         0x00001c5e        0x2 build/sky/obj/msp430.o
                0x00001c5e                msp430_dco_required
 COMMON         0x00001c60        0x4 build/sky/obj/nullnet.o
                0x00001c60                nullnet_buf
                0x00001c62                nullnet_len
 COMMON         0x00001c64       0x28 build/sky/obj/packetbuf.o
                0x00001c64                packetbuf_addrs
                0x00001c74                packetbuf_attrs
 COMMON         0x00001c8c        0x4 build/sky/obj/process.o
                0x00001c8c                process_list
                0x00001c8e                process_current
 COMMON         0x00001c90        0x8 build/sky/obj/ds2411.o
                0x00001c90                ds2411_id
 COMMON         0x00001c98        0x2 build/sky/obj/platform.o
                0x00001c98                sensors_flags
 COMMON         0x00001c9a        0x1 build/sky/obj/sensors.o
                0x00001c9a                sensors_event
 COMMON         0x00001c9b        0x1 build/sky/obj/serial-line.o
                0x00001c9b                serial_line_event_message
                0x00001c9c                . = ALIGN (0x2)
                0x00001c9c                __bss_end = .
                0x00000ac4                __bss_size = SIZEOF (.bss)

.noinit         0x00001c9c        0x2 load address 0x000083de
                0x00001c9c                . = ALIGN (0x2)
                0x00001c9c                __noinit_start = .
 *(SORT(.noinit) SORT(.noinit.*))
 .noinit.crt0   0x00001c9c        0x2 /opt/msp430-toolchain/bin/../lib/gcc/msp430/4.7.2/mmpy-16/libcrt0.a(__watchdog_support.o)
                0x00001c9c                __wdt_clear_value
                0x00001c9e                . = ALIGN (0x2)
                0x00001c9e                __noinit_end = .
                0x00001c9e                . = ALIGN (0x2)
                0x00001c9e                _end = .

.infomem        0x00001000        0x0
                0x00001000                . = ALIGN (0x2)
 *(SORT(.infomem) SORT(.infomem.*))

.infomemnobits  0x00001000        0x0
                0x00001000                . = ALIGN (0x2)
 *(SORT(.infomemnobits) SORT(.infomemnobits.*))

.infoa          0x00001080        0x0
                0x00001080                . = ALIGN (0x2)
 *(SORT(.infoa) SORT(.infoa.*))

.infob          0x00001000        0x0
                0x00001000                . = ALIGN (0x2)
 *(SORT(.infob) SORT(.infob.*))

.infoc          0x00000000        0x0
                0x00000000                . = ALIGN (0x2)
 *(SORT(.infoc) SORT(.infoc.*))

.infod          0x00000000        0x0
                0x00000000                . = ALIGN (0x2)
 *(SORT(.infod) SORT(.infod.*))
                0x0000ffff                PROVIDE (__vte_0, 0xffff)
                0x0000ffff                PROVIDE (__vte_1, 0xffff)
                0x0000ffff                PROVIDE (__vte_2, 0xffff)
                0x0000ffff                PROVIDE (__vte_3, 0xffff)
                0x0000ffff                PROVIDE (__vte_4, 0xffff)
                0x0000ffff                PROVIDE (__vte_5, 0xffff)
                0x0000ffff                PROVIDE (__vte_6, 0xffff)
                0x0000ffff                PROVIDE (__vte_7, 0xffff)
                0x0000ffff                PROVIDE (__vte_8, 0xffff)
                0x0000ffff                PROVIDE (__vte_9, 0xffff)
                0x0000ffff                PROVIDE (__vte_10, 0xffff)
                0x0000ffff                PROVIDE (__vte_11, 0xffff)
                0x0000ffff                PROVIDE (__vte_12, 0xffff)
                0x0000ffff                PROVIDE (__vte_13, 0xffff)
                0x0000ffff                PROVIDE (__vte_14, 0xffff)
                0x0000ffff                PROVIDE (__vte_15, 0xffff)
                0x0000ffff                PROVIDE (__vte_16, 0xffff)
                0x0000ffff                PROVIDE (__vte_17, 0xffff)
                0x0000ffff                PROVIDE (__vte_18, 0xffff)
                0x0000ffff                PROVIDE (__vte_19, 0xffff)
                0x0000ffff                PROVIDE (__vte_20, 0xffff)
                0x0000ffff                PROVIDE (__vte_21, 0xffff)
                0x0000ffff                PROVIDE (__vte_22, 0xffff)
                0x0000ffff                PROVIDE (__vte_23, 0xffff)
                0x0000ffff                PROVIDE (__vte_24, 0xffff)
                0x0000ffff                PROVIDE (__vte_25, 0xffff)
                0x0000ffff                PROVIDE (__vte_26, 0xffff)
                0x0000ffff                PROVIDE (__vte_27, 0xffff)
                0x0000ffff                PROVIDE (__vte_28, 0xffff)
                0x0000ffff                PROVIDE (__vte_29, 0xffff)
                0x0000ffff                PROVIDE (__vte_30, 0xffff)
                0x0000ffff                PROVIDE (__vte_31, 0xffff)

.vectors        0x0000ffe0       0x20
                0x0000ffe0                __vectors_start = .
 *(SORT(.vectors*))
 .vectors       0x0000ffe0       0x20 /opt/msp430-toolchain/bin/../lib/gcc/msp430/4.7.2/mmpy-16/crt0ivtbl16.o
                0x0000ffe0                __ivtbl_16
                0x00010000                _vectors_end = .

.fartext        0x00000000        0x0
                0x00000000                . = ALIGN (0x2)
 *(SORT(.fartext) SORT(.fartext.*))

.far.text       0x00000000        0x0
                0x00000000                . = ALIGN (0x2)
 *(SORT(.far.text) SORT(.far.text.*))

.far.rodata     0x00000000        0x0
                0x00000000                . = ALIGN (0x2)
 *(SORT(.far.rodata) SORT(.far.rodata.*))
                0x00000000                . = ALIGN (0x2)
                0x00000000                _efartext = .

.far.data       0x00000000        0x0
                0x00000000                . = ALIGN (0x2)
                0x00000000                __far_data_start = .
 *(SORT(.far.data) SORT(.far.data.*))
                0x00000000                . = ALIGN (0x2)
                0x00000000                _efardata = .
                0x00000000                __far_data_load_start = LOADADDR (.far.data)
                0x00000000                __far_data_size = SIZEOF (.far.data)

.far.bss        0x00000000        0x0
                0x00000000                . = ALIGN (0x2)
                0x00000000                __far_bss_start = .
 *(SORT(.far.bss) SORT(.far.bss.*))
                0x00000000                . = ALIGN (0x2)
                0x00000000                __far_bss_end = .
                0x00000000                __far_bss_size = SIZEOF (.far.bss)
                0x00000000                . = ALIGN (0x2)
                0x00000000                _far_end = .

.profiler
 *(SORT(.profiler))

.stab
 *(SORT(.stab))

.stabstr
 *(SORT(.stabstr))

.stab.excl
 *(SORT(.stab.excl))

.stab.exclstr
 *(SORT(.stab.exclstr))

.stab.index
 *(SORT(.stab.index))

.stab.indexstr
 *(SORT(.stab.indexstr))

.comment        0x00000000       0x30
 *(SORT(.comment))
 .comment       0x00000000       0x30 build/sky/obj/autostart.o
                                 0x31 (size before relaxing)
 .comment       0x00000000       0x31 build/sky/obj/button-sensor.o
 .comment       0x00000000       0x31 build/sky/obj/cc2420-arch-sfd.o
 .comment       0x00000000       0x31 build/sky/obj/cc2420-arch.o
 .comment       0x00000000       0x31 build/sky/obj/cc2420.o
 .comment       0x00000000       0x31 build/sky/obj/clock.o
 .comment       0x00000000       0x31 build/sky/obj/contiki-main.o
 .comment       0x00000000       0x31 build/sky/obj/csma-output.o
 .comment       0x00000000       0x31 build/sky/obj/csma.o
 .comment       0x00000000       0x31 build/sky/obj/ctimer.o
 .comment       0x00000000       0x31 build/sky/obj/ds2411.o
 .comment       0x00000000       0x31 build/sky/obj/etimer.o
 .comment       0x00000000       0x31 build/sky/obj/frame802154.o
 .comment       0x00000000       0x31 build/sky/obj/framer-802154.o
 .comment       0x00000000       0x31 build/sky/obj/leds-arch.o
 .comment       0x00000000       0x31 build/sky/obj/leds.o
 .comment       0x00000000       0x31 build/sky/obj/linkaddr.o
 .comment       0x00000000       0x31 build/sky/obj/list.o
 .comment       0x00000000       0x31 build/sky/obj/log.o
 .comment       0x00000000       0x31 build/sky/obj/mac-sequence.o
 .comment       0x00000000       0x31 build/sky/obj/memb.o
 .comment       0x00000000       0x31 build/sky/obj/msp430.o
 .comment       0x00000000       0x31 build/sky/obj/node-id.o
 .comment       0x00000000       0x31 build/sky/obj/nullnet-broadcast.o
 .comment       0x00000000       0x31 build/sky/obj/nullnet.o
 .comment       0x00000000       0x31 build/sky/obj/nullrouting.o
 .comment       0x00000000       0x31 build/sky/obj/packetbuf.o
 .comment       0x00000000       0x31 build/sky/obj/platform.o
 .comment       0x00000000       0x31 build/sky/obj/process.o
 .comment       0x00000000       0x31 build/sky/obj/queuebuf.o
 .comment       0x00000000       0x31 build/sky/obj/random.o
 .comment       0x00000000       0x31 build/sky/obj/ringbuf.o
 .comment       0x00000000       0x31 build/sky/obj/rtimer-arch.o
 .comment       0x00000000       0x31 build/sky/obj/rtimer.o
 .comment       0x00000000       0x31 build/sky/obj/sensors.o
 .comment       0x00000000       0x31 build/sky/obj/serial-line.o
 .comment       0x00000000       0x31 build/sky/obj/spi-legacy.o
 .comment       0x00000000       0x31 build/sky/obj/stack-check.o
 .comment       0x00000000       0x31 build/sky/obj/timer.o
 .comment       0x00000000       0x31 build/sky/obj/uart-putchar.o
 .comment       0x00000000       0x31 build/sky/obj/uart1.o
 .comment       0x00000000       0x31 build/sky/obj/watchdog.o
 .comment       0x00000000       0x31 build/sky/obj/xmem.o
 .comment       0x00000000       0x31 /opt/msp430-toolchain/bin/../lib/gcc/msp430/4.7.2/../../../../msp430/lib/mmpy-16/libc.a(printf.o)
 .comment       0x00000000       0x31 /opt/msp430-toolchain/bin/../lib/gcc/msp430/4.7.2/../../../../msp430/lib/mmpy-16/libc.a(vuprintf.o)
 .comment       0x00000000       0x31 /opt/msp430-toolchain/bin/../lib/gcc/msp430/4.7.2/../../../../msp430/lib/mmpy-16/libc.a(puts.o)
 .comment       0x00000000       0x31 /opt/msp430-toolchain/bin/../lib/gcc/msp430/4.7.2/../../../../msp430/lib/mmpy-16/libc.a(rand.o)
 .comment       0x00000000       0x31 /opt/msp430-toolchain/bin/../lib/gcc/msp430/4.7.2/../../../../msp430/lib/mmpy-16/libc.a(memcmp.o)
 .comment       0x00000000       0x31 /opt/msp430-toolchain/bin/../lib/gcc/msp430/4.7.2/../../../../msp430/lib/mmpy-16/libc.a(memcpy.o)
 .comment       0x00000000       0x31 /opt/msp430-toolchain/bin/../lib/gcc/msp430/4.7.2/../../../../msp430/lib/mmpy-16/libc.a(memset.o)

.debug
 *(SORT(.debug))

.line
 *(SORT(.line))

.debug_srcinfo
 *(SORT(.debug_srcinfo))

.debug_sfnames
 *(SORT(.debug_sfnames))

.debug_aranges  0x00000000      0x178
 *(SORT(.debug_aranges))
 .debug_aranges
                0x00000000       0x14 /opt/msp430-toolchain/bin/../lib/gcc/msp430/4.7.2/mmpy-16/crt0ivtbl16.o
 .debug_aranges
                0x00000014       0x14 /opt/msp430-toolchain/bin/../lib/gcc/msp430/4.7.2/mmpy-16/libgcc.a(_mulsi3.o)
 .debug_aranges
                0x00000028       0x14 /opt/msp430-toolchain/bin/../lib/gcc/msp430/4.7.2/mmpy-16/libgcc.a(_udivmod16.o)
 .debug_aranges
                0x0000003c       0x14 /opt/msp430-toolchain/bin/../lib/gcc/msp430/4.7.2/mmpy-16/libgcc.a(_udivmod32.o)
 .debug_aranges
                0x00000050       0x14 /opt/msp430-toolchain/bin/../lib/gcc/msp430/4.7.2/mmpy-16/libgcc.a(_udivmod64.o)
 .debug_aranges
                0x00000064       0x14 /opt/msp430-toolchain/bin/../lib/gcc/msp430/4.7.2/mmpy-16/libcrt0.a(__watchdog_support.o)
 .debug_aranges
                0x00000078       0x14 /opt/msp430-toolchain/bin/../lib/gcc/msp430/4.7.2/mmpy-16/libcrt0.a(__init_stack.o)
 .debug_aranges
                0x0000008c       0x14 /opt/msp430-toolchain/bin/../lib/gcc/msp430/4.7.2/mmpy-16/libcrt0.a(_copy_data.o)
 .debug_aranges
                0x000000a0       0x14 /opt/msp430-toolchain/bin/../lib/gcc/msp430/4.7.2/mmpy-16/libcrt0.a(_clear_bss.o)
 .debug_aranges
                0x000000b4       0x14 /opt/msp430-toolchain/bin/../lib/gcc/msp430/4.7.2/mmpy-16/libcrt0.a(_endless_loop__.o)
 .debug_aranges
                0x000000c8       0x14 /opt/msp430-toolchain/bin/../lib/gcc/msp430/4.7.2/mmpy-16/libcrt0.a(_unexpected_.o)
 .debug_aranges
                0x000000dc       0x18 /opt/msp430-toolchain/bin/../lib/gcc/msp430/4.7.2/../../../../msp430/lib/mmpy-16/libc.a(printf.o)
 .debug_aranges
                0x000000f4       0x18 /opt/msp430-toolchain/bin/../lib/gcc/msp430/4.7.2/../../../../msp430/lib/mmpy-16/libc.a(vuprintf.o)
 .debug_aranges
                0x0000010c       0x14 /opt/msp430-toolchain/bin/../lib/gcc/msp430/4.7.2/../../../../msp430/lib/mmpy-16/libc.a(puts.o)
 .debug_aranges
                0x00000120       0x1c /opt/msp430-toolchain/bin/../lib/gcc/msp430/4.7.2/../../../../msp430/lib/mmpy-16/libc.a(rand.o)
 .debug_aranges
                0x0000013c       0x14 /opt/msp430-toolchain/bin/../lib/gcc/msp430/4.7.2/../../../../msp430/lib/mmpy-16/libc.a(memcmp.o)
 .debug_aranges
                0x00000150       0x14 /opt/msp430-toolchain/bin/../lib/gcc/msp430/4.7.2/../../../../msp430/lib/mmpy-16/libc.a(memcpy.o)
 .debug_aranges
                0x00000164       0x14 /opt/msp430-toolchain/bin/../lib/gcc/msp430/4.7.2/../../../../msp430/lib/mmpy-16/libc.a(memset.o)

.debug_pubnames
 *(SORT(.debug_pubnames))

.debug_info     0x00000000     0x1272
 *(SORT(.debug_info))
 .debug_info    0x00000000       0x8f /opt/msp430-toolchain/bin/../lib/gcc/msp430/4.7.2/mmpy-16/crt0ivtbl16.o
 .debug_info    0x0000008f       0x8c /opt/msp430-toolchain/bin/../lib/gcc/msp430/4.7.2/mmpy-16/libgcc.a(_mulsi3.o)
 .debug_info    0x0000011b       0x8c /opt/msp430-toolchain/bin/../lib/gcc/msp430/4.7.2/mmpy-16/libgcc.a(_udivmod16.o)
 .debug_info    0x000001a7       0x8c /opt/msp430-toolchain/bin/../lib/gcc/msp430/4.7.2/mmpy-16/libgcc.a(_udivmod32.o)
 .debug_info    0x00000233      0x16e /opt/msp430-toolchain/bin/../lib/gcc/msp430/4.7.2/../../../../msp430/lib/mmpy-16/libc.a(printf.o)
 .debug_info    0x000003a1      0x5d4 /opt/msp430-toolchain/bin/../lib/gcc/msp430/4.7.2/../../../../msp430/lib/mmpy-16/libc.a(vuprintf.o)
 .debug_info    0x00000975       0xc7 /opt/msp430-toolchain/bin/../lib/gcc/msp430/4.7.2/../../../../msp430/lib/mmpy-16/libc.a(puts.o)
 .debug_info    0x00000a3c      0x146 /opt/msp430-toolchain/bin/../lib/gcc/msp430/4.7.2/../../../../msp430/lib/mmpy-16/libc.a(rand.o)
 .debug_info    0x00000b82       0xe5 /opt/msp430-toolchain/bin/../lib/gcc/msp430/4.7.2/../../../../msp430/lib/mmpy-16/libc.a(memcmp.o)
 .debug_info    0x00000c67      0x12c /opt/msp430-toolchain/bin/../lib/gcc/msp430/4.7.2/../../../../msp430/lib/mmpy-16/libc.a(memcpy.o)
 .debug_info    0x00000d93      0x117 /opt/msp430-toolchain/bin/../lib/gcc/msp430/4.7.2/../../../../msp430/lib/mmpy-16/libc.a(memset.o)
 .debug_info    0x00000eaa       0x8c /opt/msp430-toolchain/bin/../lib/gcc/msp430/4.7.2/mmpy-16/libgcc.a(_udivmod64.o)
 .debug_info    0x00000f36       0x8a /opt/msp430-toolchain/bin/../lib/gcc/msp430/4.7.2/mmpy-16/libcrt0.a(__watchdog_support.o)
 .debug_info    0x00000fc0       0x8a /opt/msp430-toolchain/bin/../lib/gcc/msp430/4.7.2/mmpy-16/libcrt0.a(__init_stack.o)
 .debug_info    0x0000104a       0x8a /opt/msp430-toolchain/bin/../lib/gcc/msp430/4.7.2/mmpy-16/libcrt0.a(_copy_data.o)
 .debug_info    0x000010d4       0x8a /opt/msp430-toolchain/bin/../lib/gcc/msp430/4.7.2/mmpy-16/libcrt0.a(_clear_bss.o)
 .debug_info    0x0000115e       0x8a /opt/msp430-toolchain/bin/../lib/gcc/msp430/4.7.2/mmpy-16/libcrt0.a(_endless_loop__.o)
 .debug_info    0x000011e8       0x8a /opt/msp430-toolchain/bin/../lib/gcc/msp430/4.7.2/mmpy-16/libcrt0.a(_unexpected_.o)
 *(SORT(.gnu.linkonce.wi.*))

.debug_abbrev   0x00000000      0x79c
 *(SORT(.debug_abbrev))
 .debug_abbrev  0x00000000       0x14 /opt/msp430-toolchain/bin/../lib/gcc/msp430/4.7.2/mmpy-16/crt0ivtbl16.o
 .debug_abbrev  0x00000014       0x14 /opt/msp430-toolchain/bin/../lib/gcc/msp430/4.7.2/mmpy-16/libgcc.a(_mulsi3.o)
 .debug_abbrev  0x00000028       0x14 /opt/msp430-toolchain/bin/../lib/gcc/msp430/4.7.2/mmpy-16/libgcc.a(_udivmod16.o)
 .debug_abbrev  0x0000003c       0x14 /opt/msp430-toolchain/bin/../lib/gcc/msp430/4.7.2/mmpy-16/libgcc.a(_udivmod32.o)
 .debug_abbrev  0x00000050       0xfa /opt/msp430-toolchain/bin/../lib/gcc/msp430/4.7.2/../../../../msp430/lib/mmpy-16/libc.a(printf.o)
 .debug_abbrev  0x0000014a      0x23e /opt/msp430-toolchain/bin/../lib/gcc/msp430/4.7.2/../../../../msp430/lib/mmpy-16/libc.a(vuprintf.o)
 .debug_abbrev  0x00000388       0xa3 /opt/msp430-toolchain/bin/../lib/gcc/msp430/4.7.2/../../../../msp430/lib/mmpy-16/libc.a(puts.o)
 .debug_abbrev  0x0000042b       0xfb /opt/msp430-toolchain/bin/../lib/gcc/msp430/4.7.2/../../../../msp430/lib/mmpy-16/libc.a(rand.o)
 .debug_abbrev  0x00000526       0x9e /opt/msp430-toolchain/bin/../lib/gcc/msp430/4.7.2/../../../../msp430/lib/mmpy-16/libc.a(memcmp.o)
 .debug_abbrev  0x000005c4       0xab /opt/msp430-toolchain/bin/../lib/gcc/msp430/4.7.2/../../../../msp430/lib/mmpy-16/libc.a(memcpy.o)
 .debug_abbrev  0x0000066f       0xa1 /opt/msp430-toolchain/bin/../lib/gcc/msp430/4.7.2/../../../../msp430/lib/mmpy-16/libc.a(memset.o)
 .debug_abbrev  0x00000710       0x14 /opt/msp430-toolchain/bin/../lib/gcc/msp430/4.7.2/mmpy-16/libgcc.a(_udivmod64.o)
 .debug_abbrev  0x00000724       0x14 /opt/msp430-toolchain/bin/../lib/gcc/msp430/4.7.2/mmpy-16/libcrt0.a(__watchdog_support.o)
 .debug_abbrev  0x00000738       0x14 /opt/msp430-toolchain/bin/../lib/gcc/msp430/4.7.2/mmpy-16/libcrt0.a(__init_stack.o)
 .debug_abbrev  0x0000074c       0x14 /opt/msp430-toolchain/bin/../lib/gcc/msp430/4.7.2/mmpy-16/libcrt0.a(_copy_data.o)
 .debug_abbrev  0x00000760       0x14 /opt/msp430-toolchain/bin/../lib/gcc/msp430/4.7.2/mmpy-16/libcrt0.a(_clear_bss.o)
 .debug_abbrev  0x00000774       0x14 /opt/msp430-toolchain/bin/../lib/gcc/msp430/4.7.2/mmpy-16/libcrt0.a(_endless_loop__.o)
 .debug_abbrev  0x00000788       0x14 /opt/msp430-toolchain/bin/../lib/gcc/msp430/4.7.2/mmpy-16/libcrt0.a(_unexpected_.o)

.debug_line     0x00000000      0xbfb
 *(SORT(.debug_line))
 .debug_line    0x00000000       0x64 /opt/msp430-toolchain/bin/../lib/gcc/msp430/4.7.2/mmpy-16/crt0ivtbl16.o
 .debug_line    0x00000064       0x77 /opt/msp430-toolchain/bin/../lib/gcc/msp430/4.7.2/mmpy-16/libgcc.a(_mulsi3.o)
 .debug_line    0x000000db       0x70 /opt/msp430-toolchain/bin/../lib/gcc/msp430/4.7.2/mmpy-16/libgcc.a(_udivmod16.o)
 .debug_line    0x0000014b       0x7f /opt/msp430-toolchain/bin/../lib/gcc/msp430/4.7.2/mmpy-16/libgcc.a(_udivmod32.o)
 .debug_line    0x000001ca       0xa9 /opt/msp430-toolchain/bin/../lib/gcc/msp430/4.7.2/../../../../msp430/lib/mmpy-16/libc.a(printf.o)
 .debug_line    0x00000273      0x30a /opt/msp430-toolchain/bin/../lib/gcc/msp430/4.7.2/../../../../msp430/lib/mmpy-16/libc.a(vuprintf.o)
 .debug_line    0x0000057d       0x65 /opt/msp430-toolchain/bin/../lib/gcc/msp430/4.7.2/../../../../msp430/lib/mmpy-16/libc.a(puts.o)
 .debug_line    0x000005e2       0x68 /opt/msp430-toolchain/bin/../lib/gcc/msp430/4.7.2/../../../../msp430/lib/mmpy-16/libc.a(rand.o)
 .debug_line    0x0000064a       0x8f /opt/msp430-toolchain/bin/../lib/gcc/msp430/4.7.2/../../../../msp430/lib/mmpy-16/libc.a(memcmp.o)
 .debug_line    0x000006d9      0x118 /opt/msp430-toolchain/bin/../lib/gcc/msp430/4.7.2/../../../../msp430/lib/mmpy-16/libc.a(memcpy.o)
 .debug_line    0x000007f1       0xf2 /opt/msp430-toolchain/bin/../lib/gcc/msp430/4.7.2/../../../../msp430/lib/mmpy-16/libc.a(memset.o)
 .debug_line    0x000008e3       0xc9 /opt/msp430-toolchain/bin/../lib/gcc/msp430/4.7.2/mmpy-16/libgcc.a(_udivmod64.o)
 .debug_line    0x000009ac       0x62 /opt/msp430-toolchain/bin/../lib/gcc/msp430/4.7.2/mmpy-16/libcrt0.a(__watchdog_support.o)
 .debug_line    0x00000a0e       0x60 /opt/msp430-toolchain/bin/../lib/gcc/msp430/4.7.2/mmpy-16/libcrt0.a(__init_stack.o)
 .debug_line    0x00000a6e       0x66 /opt/msp430-toolchain/bin/../lib/gcc/msp430/4.7.2/mmpy-16/libcrt0.a(_copy_data.o)
 .debug_line    0x00000ad4       0x66 /opt/msp430-toolchain/bin/../lib/gcc/msp430/4.7.2/mmpy-16/libcrt0.a(_clear_bss.o)
 .debug_line    0x00000b3a       0x61 /opt/msp430-toolchain/bin/../lib/gcc/msp430/4.7.2/mmpy-16/libcrt0.a(_endless_loop__.o)
 .debug_line    0x00000b9b       0x60 /opt/msp430-toolchain/bin/../lib/gcc/msp430/4.7.2/mmpy-16/libcrt0.a(_unexpected_.o)

.debug_frame    0x00000000      0x1b6
 *(SORT(.debug_frame))
 .debug_frame   0x00000000       0x2a /opt/msp430-toolchain/bin/../lib/gcc/msp430/4.7.2/../../../../msp430/lib/mmpy-16/libc.a(printf.o)
 .debug_frame   0x0000002a       0xa0 /opt/msp430-toolchain/bin/../lib/gcc/msp430/4.7.2/../../../../msp430/lib/mmpy-16/libc.a(vuprintf.o)
 .debug_frame   0x000000ca       0x24 /opt/msp430-toolchain/bin/../lib/gcc/msp430/4.7.2/../../../../msp430/lib/mmpy-16/libc.a(puts.o)
 .debug_frame   0x000000ee       0x3c /opt/msp430-toolchain/bin/../lib/gcc/msp430/4.7.2/../../../../msp430/lib/mmpy-16/libc.a(rand.o)
 .debug_frame   0x0000012a       0x28 /opt/msp430-toolchain/bin/../lib/gcc/msp430/4.7.2/../../../../msp430/lib/mmpy-16/libc.a(memcmp.o)
 .debug_frame   0x00000152       0x32 /opt/msp430-toolchain/bin/../lib/gcc/msp430/4.7.2/../../../../msp430/lib/mmpy-16/libc.a(memcpy.o)
 .debug_frame   0x00000184       0x32 /opt/msp430-toolchain/bin/../lib/gcc/msp430/4.7.2/../../../../msp430/lib/mmpy-16/libc.a(memset.o)

.debug_str      0x00000000      0x3ca
 *(SORT(.debug_str))
 .debug_str     0x00000000       0xe2 /opt/msp430-toolchain/bin/../lib/gcc/msp430/4.7.2/../../../../msp430/lib/mmpy-16/libc.a(printf.o)
                                0x12a (size before relaxing)
 .debug_str     0x000000e2      0x218 /opt/msp430-toolchain/bin/../lib/gcc/msp430/4.7.2/../../../../msp430/lib/mmpy-16/libc.a(vuprintf.o)
                                0x375 (size before relaxing)
 .debug_str     0x000002fa       0x1d /opt/msp430-toolchain/bin/../lib/gcc/msp430/4.7.2/../../../../msp430/lib/mmpy-16/libc.a(puts.o)
                                 0xef (size before relaxing)
 .debug_str     0x00000317       0x2f /opt/msp430-toolchain/bin/../lib/gcc/msp430/4.7.2/../../../../msp430/lib/mmpy-16/libc.a(rand.o)
                                0x106 (size before relaxing)
 .debug_str     0x00000346       0x20 /opt/msp430-toolchain/bin/../lib/gcc/msp430/4.7.2/../../../../msp430/lib/mmpy-16/libc.a(memcmp.o)
                                 0xf2 (size before relaxing)
 .debug_str     0x00000366       0x3e /opt/msp430-toolchain/bin/../lib/gcc/msp430/4.7.2/../../../../msp430/lib/mmpy-16/libc.a(memcpy.o)
                                0x120 (size before relaxing)
 .debug_str     0x000003a4       0x26 /opt/msp430-toolchain/bin/../lib/gcc/msp430/4.7.2/../../../../msp430/lib/mmpy-16/libc.a(memset.o)
                                0x11e (size before relaxing)

.debug_loc      0x00000000      0xbe1
 *(SORT(.debug_loc))
 .debug_loc     0x00000000       0x4c /opt/msp430-toolchain/bin/../lib/gcc/msp430/4.7.2/../../../../msp430/lib/mmpy-16/libc.a(printf.o)
 .debug_loc     0x0000004c      0x80f /opt/msp430-toolchain/bin/../lib/gcc/msp430/4.7.2/../../../../msp430/lib/mmpy-16/libc.a(vuprintf.o)
 .debug_loc     0x0000085b       0x26 /opt/msp430-toolchain/bin/../lib/gcc/msp430/4.7.2/../../../../msp430/lib/mmpy-16/libc.a(puts.o)
 .debug_loc     0x00000881       0x4f /opt/msp430-toolchain/bin/../lib/gcc/msp430/4.7.2/../../../../msp430/lib/mmpy-16/libc.a(rand.o)
 .debug_loc     0x000008d0       0x4d /opt/msp430-toolchain/bin/../lib/gcc/msp430/4.7.2/../../../../msp430/lib/mmpy-16/libc.a(memcmp.o)
 .debug_loc     0x0000091d      0x1e3 /opt/msp430-toolchain/bin/../lib/gcc/msp430/4.7.2/../../../../msp430/lib/mmpy-16/libc.a(memcpy.o)
 .debug_loc     0x00000b00       0xe1 /opt/msp430-toolchain/bin/../lib/gcc/msp430/4.7.2/../../../../msp430/lib/mmpy-16/libc.a(memset.o)

.debug_macinfo
 *(SORT(.debug_macinfo))

.debug_pubtypes
 *(SORT(.debug_pubtypes))

.debug_ranges   0x00000000       0x60
 *(SORT(.debug_ranges))
 .debug_ranges  0x00000000        0xc /opt/msp430-toolchain/bin/../lib/gcc/msp430/4.7.2/../../../../msp430/lib/mmpy-16/libc.a(printf.o)
 .debug_ranges  0x0000000c       0x24 /opt/msp430-toolchain/bin/../lib/gcc/msp430/4.7.2/../../../../msp430/lib/mmpy-16/libc.a(vuprintf.o)
 .debug_ranges  0x00000030        0x8 /opt/msp430-toolchain/bin/../lib/gcc/msp430/4.7.2/../../../../msp430/lib/mmpy-16/libc.a(puts.o)
 .debug_ranges  0x00000038       0x10 /opt/msp430-toolchain/bin/../lib/gcc/msp430/4.7.2/../../../../msp430/lib/mmpy-16/libc.a(rand.o)
 .debug_ranges  0x00000048        0x8 /opt/msp430-toolchain/bin/../lib/gcc/msp430/4.7.2/../../../../msp430/lib/mmpy-16/libc.a(memcmp.o)
 .debug_ranges  0x00000050        0x8 /opt/msp430-toolchain/bin/../lib/gcc/msp430/4.7.2/../../../../msp430/lib/mmpy-16/libc.a(memcpy.o)
 .debug_ranges  0x00000058        0x8 /opt/msp430-toolchain/bin/../lib/gcc/msp430/4.7.2/../../../../msp430/lib/mmpy-16/libc.a(memset.o)
                0x00003900                PROVIDE (__stack, (ORIGIN (ram) + 0x2800))
                0x00008306                __data_start_rom = _etext
                0x000083de                __data_end_rom = (_etext + SIZEOF (.data))
OUTPUT(build/sky/nullnet-broadcast.sky elf32-msp430)
