Archive member included because of file (symbol)

/usr/local/bin/../lib/gcc/msp430/4.7.2/mmpy-16/libgcc.a(_mulsi3.o)
                              build/sky/obj/cfs-coffee.o (__mulsi3)
/usr/local/bin/../lib/gcc/msp430/4.7.2/mmpy-16/libgcc.a(_udivmod16.o)
                              build/sky/obj/cfs-coffee.o (__udivhi3)
/usr/local/bin/../lib/gcc/msp430/4.7.2/mmpy-16/libgcc.a(_divmod16.o)
                              build/sky/obj/link-stats.o (__divhi3)
/usr/local/bin/../lib/gcc/msp430/4.7.2/mmpy-16/libgcc.a(_udivmod32.o)
                              build/sky/obj/ifft.o (__udivsi3)
/usr/local/bin/../lib/gcc/msp430/4.7.2/mmpy-16/libgcc.a(_divmod32.o)
                              build/sky/obj/cfs-coffee.o (__divsi3)
/usr/local/bin/../lib/gcc/msp430/4.7.2/../../../../msp430/lib/mmpy-16/libc.a(printf.o)
                              build/sky/obj/assert.o (printf)
/usr/local/bin/../lib/gcc/msp430/4.7.2/../../../../msp430/lib/mmpy-16/libc.a(sprintf.o)
                              build/sky/obj/log.o (snprintf)
/usr/local/bin/../lib/gcc/msp430/4.7.2/../../../../msp430/lib/mmpy-16/libc.a(vuprintf.o)
                              /usr/local/bin/../lib/gcc/msp430/4.7.2/../../../../msp430/lib/mmpy-16/libc.a(printf.o) (vuprintf)
/usr/local/bin/../lib/gcc/msp430/4.7.2/../../../../msp430/lib/mmpy-16/libc.a(puts.o)
                              build/sky/obj/assert.o (puts)
/usr/local/bin/../lib/gcc/msp430/4.7.2/../../../../msp430/lib/mmpy-16/libc.a(rand.o)
                              build/sky/obj/random.o (rand)
/usr/local/bin/../lib/gcc/msp430/4.7.2/../../../../msp430/lib/mmpy-16/libc.a(strcmp.o)
                              build/sky/obj/cfs-coffee.o (strcmp)
/usr/local/bin/../lib/gcc/msp430/4.7.2/../../../../msp430/lib/mmpy-16/libc.a(strncmp.o)
                              build/sky/obj/sensors.o (strncmp)
/usr/local/bin/../lib/gcc/msp430/4.7.2/../../../../msp430/lib/mmpy-16/libc.a(memcmp.o)
                              build/sky/obj/ip64-addr.o (memcmp)
/usr/local/bin/../lib/gcc/msp430/4.7.2/../../../../msp430/lib/mmpy-16/libc.a(strncpy.o)
                              build/sky/obj/cfs-coffee.o (strncpy)
/usr/local/bin/../lib/gcc/msp430/4.7.2/../../../../msp430/lib/mmpy-16/libc.a(memcpy.o)
                              build/sky/obj/aes-128.o (memcpy)
/usr/local/bin/../lib/gcc/msp430/4.7.2/../../../../msp430/lib/mmpy-16/libc.a(memmove.o)
                              build/sky/obj/cbor.o (memmove)
/usr/local/bin/../lib/gcc/msp430/4.7.2/../../../../msp430/lib/mmpy-16/libc.a(memset.o)
                              build/sky/obj/cfs-coffee.o (memset)
/usr/local/bin/../lib/gcc/msp430/4.7.2/mmpy-16/libgcc.a(_udivmod64.o)
                              /usr/local/bin/../lib/gcc/msp430/4.7.2/../../../../msp430/lib/mmpy-16/libc.a(vuprintf.o) (__udivdi3)
/usr/local/bin/../lib/gcc/msp430/4.7.2/mmpy-16/libcrt0.a(_reset_vector__.o)
                              (_reset_vector__)
/usr/local/bin/../lib/gcc/msp430/4.7.2/mmpy-16/libcrt0.a(__watchdog_support.o)
                              /usr/local/bin/../lib/gcc/msp430/4.7.2/mmpy-16/libcrt0.a(_reset_vector__.o) (__watchdog_support)
/usr/local/bin/../lib/gcc/msp430/4.7.2/mmpy-16/libcrt0.a(__init_stack.o)
                              /usr/local/bin/../lib/gcc/msp430/4.7.2/mmpy-16/libcrt0.a(_reset_vector__.o) (__init_stack)
/usr/local/bin/../lib/gcc/msp430/4.7.2/mmpy-16/libcrt0.a(__low_level_init.o)
                              /usr/local/bin/../lib/gcc/msp430/4.7.2/mmpy-16/libcrt0.a(_reset_vector__.o) (__low_level_init)
/usr/local/bin/../lib/gcc/msp430/4.7.2/mmpy-16/libcrt0.a(_copy_data.o)
                              /usr/local/bin/../lib/gcc/msp430/4.7.2/mmpy-16/libcrt0.a(_reset_vector__.o) (__do_copy_data)
/usr/local/bin/../lib/gcc/msp430/4.7.2/mmpy-16/libcrt0.a(_clear_bss.o)
                              /usr/local/bin/../lib/gcc/msp430/4.7.2/mmpy-16/libcrt0.a(_reset_vector__.o) (__do_clear_bss)
/usr/local/bin/../lib/gcc/msp430/4.7.2/mmpy-16/libcrt0.a(__stop_progExec__.o)
                              /usr/local/bin/../lib/gcc/msp430/4.7.2/mmpy-16/libcrt0.a(_reset_vector__.o) (__stop_progExec__)
/usr/local/bin/../lib/gcc/msp430/4.7.2/mmpy-16/libcrt0.a(_endless_loop__.o)
                              /usr/local/bin/../lib/gcc/msp430/4.7.2/mmpy-16/libcrt0.a(_reset_vector__.o) (_endless_loop__)
/usr/local/bin/../lib/gcc/msp430/4.7.2/mmpy-16/libcrt0.a(_unexpected_.o)
                              /usr/local/bin/../lib/gcc/msp430/4.7.2/mmpy-16/crt0ivtbl16.o (_unexpected_)

Allocating common symbols
Common symbol       size              file

compower_idle_activity
                    0x10              build/sky/obj/compower.o
uip_ds6_timer_ra    0x8               build/sky/obj/uip-ds6.o
cc2420_last_rssi    0x1               build/sky/obj/cc2420.o
uip_ds6_if          0x108             build/sky/obj/uip-ds6.o
uip_ds6_netif_addr_list_offset
                    0x1               build/sky/obj/uip-ds6.o
uip_len             0x2               build/sky/obj/uip6.o
[...]
Memory Configuration

Name             Origin             Length             Attributes
sfr              0x00000000         0x00000010
peripheral_8bit  0x00000010         0x000000f0
peripheral_16bit 0x00000100         0x00000100
ram_mirror       0x00000200         0x00000800         xw
infomem          0x00001000         0x00000100
infob            0x00001000         0x00000080
infoa            0x00001080         0x00000080
ram              0x00001100         0x00002800         xw
rom              0x00004000         0x0000bfe0         xr
vectors          0x0000ffe0         0x00000020
bsl              0x00000000         0x00000000
infoc            0x00000000         0x00000000
infod            0x00000000         0x00000000
ram2             0x00000000         0x00000000         xw
usbram           0x00000000         0x00000000         xw
far_rom          0x00000000         0x00000000
*default*        0x00000000         0xffffffff

Linker script and memory map

LOAD /usr/local/bin/../lib/gcc/msp430/4.7.2/mmpy-16/crt0ivtbl16.o
                0x00002c80                _stack = _end
LOAD build/sky/obj/aes-128.o
LOAD build/sky/obj/anti-replay.o
LOAD build/sky/obj/assert.o
LOAD build/sky/obj/atomic.o
LOAD build/sky/obj/autostart.o
LOAD build/sky/obj/battery-sensor.o
LOAD build/sky/obj/button-hal.o
LOAD build/sky/obj/button-sensor.o
LOAD build/sky/obj/cbor.o
LOAD build/sky/obj/cc2420-arch-sfd.o
LOAD build/sky/obj/cc2420-arch.o
LOAD build/sky/obj/cc2420-tsch-15ms.o
LOAD build/sky/obj/cc2420.o
LOAD build/sky/obj/ccm-star-packetbuf.o
LOAD build/sky/obj/ccm-star.o
LOAD build/sky/obj/cfs-coffee.o
LOAD build/sky/obj/circular-list.o
LOAD build/sky/obj/clock.o
LOAD build/sky/obj/compower.o
LOAD build/sky/obj/contiki-main.o
LOAD build/sky/obj/crc16.o
LOAD build/sky/obj/csma-output.o
LOAD build/sky/obj/csma-security.o
LOAD build/sky/obj/csma.o
LOAD build/sky/obj/csprng.o
LOAD build/sky/obj/ctimer.o
LOAD build/sky/obj/dbl-circ-list.o
LOAD build/sky/obj/dbl-list.o
LOAD build/sky/obj/ds2411.o
LOAD build/sky/obj/energest.o
LOAD build/sky/obj/etimer.o
LOAD build/sky/obj/flash.o
LOAD build/sky/obj/frame802154.o
LOAD build/sky/obj/frame802154e-ie.o
LOAD build/sky/obj/framer-802154.o
LOAD build/sky/obj/gpio-hal.o
LOAD build/sky/obj/heapmem.o
LOAD build/sky/obj/hello-world.o
LOAD build/sky/obj/hexconv.o
LOAD build/sky/obj/ifft.o
LOAD build/sky/obj/int-master.o
LOAD build/sky/obj/ip64-addr.o
LOAD build/sky/obj/iq-seeder.o
LOAD build/sky/obj/leds-arch.o
LOAD build/sky/obj/leds.o
LOAD build/sky/obj/light-sensor.o
LOAD build/sky/obj/link-stats.o
LOAD build/sky/obj/linkaddr.o
LOAD build/sky/obj/list.o
LOAD build/sky/obj/log.o
LOAD build/sky/obj/lpm.o
LOAD build/sky/obj/mac-sequence.o
LOAD build/sky/obj/memb.o
LOAD build/sky/obj/msp430.o
LOAD build/sky/obj/mutex.o
LOAD build/sky/obj/nbr-table.o
LOAD build/sky/obj/net-debug.o
LOAD build/sky/obj/netstack.o
LOAD build/sky/obj/node-id.o
LOAD build/sky/obj/nullframer.o
LOAD build/sky/obj/nullradio.o
LOAD build/sky/obj/packetbuf.o
LOAD build/sky/obj/platform.o
LOAD build/sky/obj/process.o
LOAD build/sky/obj/psock.o
LOAD build/sky/obj/queuebuf.o
LOAD build/sky/obj/random.o
LOAD build/sky/obj/ringbuf.o
LOAD build/sky/obj/ringbufindex.o
LOAD build/sky/obj/rpl-dag-root.o
LOAD build/sky/obj/rpl-dag.o
LOAD build/sky/obj/rpl-ext-header.o
LOAD build/sky/obj/rpl-icmp6.o
LOAD build/sky/obj/rpl-mrhof.o
LOAD build/sky/obj/rpl-nbr-policy.o
LOAD build/sky/obj/rpl-neighbor.o
LOAD build/sky/obj/rpl-of0.o
LOAD build/sky/obj/rpl-timers.o
LOAD build/sky/obj/rpl.o
LOAD build/sky/obj/rtimer-arch.o
LOAD build/sky/obj/rtimer.o
LOAD build/sky/obj/sensors.o
LOAD build/sky/obj/serial-line.o
LOAD build/sky/obj/sha-256.o
LOAD build/sky/obj/sht11-sensor.o
LOAD build/sky/obj/sht11.o
LOAD build/sky/obj/sicslowpan.o
LOAD build/sky/obj/simple-udp.o
LOAD build/sky/obj/sky-sensors.o
LOAD build/sky/obj/slip.o
LOAD build/sky/obj/slip_uart1.o
LOAD build/sky/obj/spi-legacy.o
LOAD build/sky/obj/spi.o
LOAD build/sky/obj/stack-check.o
LOAD build/sky/obj/stimer.o
LOAD build/sky/obj/tcp-socket.o
LOAD build/sky/obj/tcpip.o
LOAD build/sky/obj/timer.o
LOAD build/sky/obj/trickle-timer.o
LOAD build/sky/obj/uart-putchar.o
LOAD build/sky/obj/uart1.o
LOAD build/sky/obj/udp-socket.o
LOAD build/sky/obj/uip-ds6-nbr.o
LOAD build/sky/obj/uip-ds6-route.o
LOAD build/sky/obj/uip-ds6.o
LOAD build/sky/obj/uip-icmp6.o
LOAD build/sky/obj/uip-ipchksum.o
LOAD build/sky/obj/uip-nameserver.o
LOAD build/sky/obj/uip-nd6.o
LOAD build/sky/obj/uip-packetqueue.o
LOAD build/sky/obj/uip-sr.o
LOAD build/sky/obj/uip-udp-packet.o
LOAD build/sky/obj/uip6.o
LOAD build/sky/obj/uipbuf.o
LOAD build/sky/obj/uiplib.o
LOAD build/sky/obj/watchdog.o
LOAD build/sky/obj/xmem.o
LOAD /usr/local/bin/../lib/gcc/msp430/4.7.2/mmpy-16/libgcc.a
LOAD /usr/local/bin/../lib/gcc/msp430/4.7.2/../../../../msp430/lib/mmpy-16/libc.a
LOAD /usr/local/bin/../lib/gcc/msp430/4.7.2/mmpy-16/libgcc.a
LOAD /usr/local/bin/../lib/gcc/msp430/4.7.2/mmpy-16/libcrt0.a
                0x00000080                PROVIDE (__info_segment_size, 0x80)
                0x00001000                PROVIDE (__infob, 0x1000)
                0x00001080                PROVIDE (__infoa, 0x1080)
                0x00000000                __IE1 = 0x0
                0x00000002                __IFG1 = 0x2
                0x00000004                __ME1 = 0x4
                0x00000001                __IE2 = 0x1
                0x00000003                __IFG2 = 0x3
                0x00000005                __ME2 = 0x5
                0x00000120                __WDTCTL = 0x120
                0x00000130                __MPY = 0x130
                0x00000132                __MPYS = 0x132
                0x00000134                __MAC = 0x134
                0x00000136                __MACS = 0x136
                0x00000138                __OP2 = 0x138
                0x0000013a                __RESLO = 0x13a
                0x0000013c                __RESHI = 0x13c
                0x0000013e                __SUMEXT = 0x13e
                0x00000020                __P1IN = 0x20
                0x00000021                __P1OUT = 0x21
                0x00000022                __P1DIR = 0x22
                0x00000023                __P1IFG = 0x23
                0x00000024                __P1IES = 0x24
                0x00000025                __P1IE = 0x25
                0x00000026                __P1SEL = 0x26
                0x00000028                __P2IN = 0x28
                0x00000029                __P2OUT = 0x29
                0x0000002a                __P2DIR = 0x2a
                0x0000002b                __P2IFG = 0x2b
                0x0000002c                __P2IES = 0x2c
                0x0000002d                __P2IE = 0x2d
                0x0000002e                __P2SEL = 0x2e
                0x00000018                __P3IN = 0x18
                0x00000019                __P3OUT = 0x19
                0x0000001a                __P3DIR = 0x1a
                0x0000001b                __P3SEL = 0x1b
                0x0000001c                __P4IN = 0x1c
                0x0000001d                __P4OUT = 0x1d
                0x0000001e                __P4DIR = 0x1e
                0x0000001f                __P4SEL = 0x1f
                0x00000030                __P5IN = 0x30
                0x00000031                __P5OUT = 0x31
                0x00000032                __P5DIR = 0x32
                0x00000033                __P5SEL = 0x33
                0x00000034                __P6IN = 0x34
                0x00000035                __P6OUT = 0x35
                0x00000036                __P6DIR = 0x36
                0x00000037                __P6SEL = 0x37
                0x00000070                __U0CTL = 0x70
                0x00000071                __U0TCTL = 0x71
                0x00000072                __U0RCTL = 0x72
                0x00000073                __U0MCTL = 0x73
                0x00000074                __U0BR0 = 0x74
                0x00000075                __U0BR1 = 0x75
                0x00000076                __U0RXBUF = 0x76
                0x00000077                __U0TXBUF = 0x77
                0x00000078                __U1CTL = 0x78
                0x00000079                __U1TCTL = 0x79
                0x0000007a                __U1RCTL = 0x7a
                0x0000007b                __U1MCTL = 0x7b
                0x0000007c                __U1BR0 = 0x7c
                0x0000007d                __U1BR1 = 0x7d
                0x0000007e                __U1RXBUF = 0x7e
                0x0000007f                __U1TXBUF = 0x7f
                0x00000050                __I2CIE = 0x50
                0x00000051                __I2CIFG = 0x51
                0x00000052                __I2CNDAT = 0x52
                0x00000071                __I2CTCTL = 0x71
                0x00000072                __I2CDCTL = 0x72
                0x00000073                __I2CPSC = 0x73
                0x00000074                __I2CSCLH = 0x74
                0x00000075                __I2CSCLL = 0x75
                0x00000076                __I2CDRB = 0x76
                0x00000076                __I2CDRW = 0x76
                0x00000118                __I2COA = 0x118
                0x0000011a                __I2CSA = 0x11a
                0x0000011c                __I2CIV = 0x11c
                0x0000012e                __TAIV = 0x12e
                0x00000160                __TACTL = 0x160
                0x00000162                __TACCTL0 = 0x162
                0x00000164                __TACCTL1 = 0x164
                0x00000166                __TACCTL2 = 0x166
                0x00000170                __TAR = 0x170
                0x00000172                __TACCR0 = 0x172
                0x00000174                __TACCR1 = 0x174
                0x00000176                __TACCR2 = 0x176
                0x0000011e                __TBIV = 0x11e
                0x00000180                __TBCTL = 0x180
                0x00000182                __TBCCTL0 = 0x182
                0x00000184                __TBCCTL1 = 0x184
                0x00000186                __TBCCTL2 = 0x186
                0x00000188                __TBCCTL3 = 0x188
                0x0000018a                __TBCCTL4 = 0x18a
                0x0000018c                __TBCCTL5 = 0x18c
                0x0000018e                __TBCCTL6 = 0x18e
                0x00000190                __TBR = 0x190
                0x00000192                __TBCCR0 = 0x192
                0x00000194                __TBCCR1 = 0x194
                0x00000196                __TBCCR2 = 0x196
                0x00000198                __TBCCR3 = 0x198
                0x0000019a                __TBCCR4 = 0x19a
                0x0000019c                __TBCCR5 = 0x19c
                0x0000019e                __TBCCR6 = 0x19e
                0x00000056                __DCOCTL = 0x56
                0x00000057                __BCSCTL1 = 0x57
                0x00000058                __BCSCTL2 = 0x58
                0x00000055                __SVSCTL = 0x55
                0x00000128                __FCTL1 = 0x128
                0x0000012a                __FCTL2 = 0x12a
                0x0000012c                __FCTL3 = 0x12c
                0x00000059                __CACTL1 = 0x59
                0x0000005a                __CACTL2 = 0x5a
                0x0000005b                __CAPD = 0x5b
                0x000001a0                __ADC12CTL0 = 0x1a0
                0x000001a2                __ADC12CTL1 = 0x1a2
                0x000001a4                __ADC12IFG = 0x1a4
                0x000001a6                __ADC12IE = 0x1a6
                0x000001a8                __ADC12IV = 0x1a8
                0x00000140                __ADC12MEM0 = 0x140
                0x00000142                __ADC12MEM1 = 0x142
                0x00000144                __ADC12MEM2 = 0x144
                0x00000146                __ADC12MEM3 = 0x146
                0x00000148                __ADC12MEM4 = 0x148
                0x0000014a                __ADC12MEM5 = 0x14a
                0x0000014c                __ADC12MEM6 = 0x14c
                0x0000014e                __ADC12MEM7 = 0x14e
                0x00000150                __ADC12MEM8 = 0x150
                0x00000152                __ADC12MEM9 = 0x152
                0x00000154                __ADC12MEM10 = 0x154
                0x00000156                __ADC12MEM11 = 0x156
                0x00000158                __ADC12MEM12 = 0x158
                0x0000015a                __ADC12MEM13 = 0x15a
                0x0000015c                __ADC12MEM14 = 0x15c
                0x0000015e                __ADC12MEM15 = 0x15e
                0x00000080                __ADC12MCTL0 = 0x80
                0x00000081                __ADC12MCTL1 = 0x81
                0x00000082                __ADC12MCTL2 = 0x82
                0x00000083                __ADC12MCTL3 = 0x83
                0x00000084                __ADC12MCTL4 = 0x84
                0x00000085                __ADC12MCTL5 = 0x85
                0x00000086                __ADC12MCTL6 = 0x86
                0x00000087                __ADC12MCTL7 = 0x87
                0x00000088                __ADC12MCTL8 = 0x88
                0x00000089                __ADC12MCTL9 = 0x89
                0x0000008a                __ADC12MCTL10 = 0x8a
                0x0000008b                __ADC12MCTL11 = 0x8b
                0x0000008c                __ADC12MCTL12 = 0x8c
                0x0000008d                __ADC12MCTL13 = 0x8d
                0x0000008e                __ADC12MCTL14 = 0x8e
                0x0000008f                __ADC12MCTL15 = 0x8f
                0x000001c0                __DAC12_0CTL = 0x1c0
                0x000001c2                __DAC12_1CTL = 0x1c2
                0x000001c8                __DAC12_0DAT = 0x1c8
                0x000001ca                __DAC12_1DAT = 0x1ca
                0x00000122                __DMACTL0 = 0x122
                0x00000124                __DMACTL1 = 0x124
                0x000001e0                __DMA0CTL = 0x1e0
                0x000001e8                __DMA1CTL = 0x1e8
                0x000001f0                __DMA2CTL = 0x1f0
                0x000001e2                __DMA0SA = 0x1e2
                0x000001e4                __DMA0DA = 0x1e4
                0x000001e6                __DMA0SZ = 0x1e6
                0x000001ea                __DMA1SA = 0x1ea
                0x000001ec                __DMA1DA = 0x1ec
                0x000001ee                __DMA1SZ = 0x1ee
                0x000001f2                __DMA2SA = 0x1f2
                0x000001f4                __DMA2DA = 0x1f4
                0x000001f6                __DMA2SZ = 0x1f6

.hash
 *(SORT(.hash))

.dynsym
 *(SORT(.dynsym))

.dynstr
 *(SORT(.dynstr))

.gnu.version
 *(SORT(.gnu.version))

.gnu.version_d
 *(SORT(.gnu.version_d))

.gnu.version_r
 *(SORT(.gnu.version_r))

.rel.init
 *(SORT(.rel.init))

.rela.init
 *(SORT(.rela.init))

.rel.fini
 *(SORT(.rel.fini))

.rela.fini
 *(SORT(.rela.fini))

.rel.text
 *(SORT(.rel.text) SORT(.rel.text.*) SORT(.rel.gnu.linkonce.t.*))

.rela.text
 *(SORT(.rela.text) SORT(.rela.text.*) SORT(.rela.gnu.linkonce.t.*))

.rel.rodata
 *(SORT(.rel.rodata) SORT(.rel.rodata.*) SORT(.rel.gnu.linkonce.r.*))

.rela.rodata
 *(SORT(.rela.rodata) SORT(.rela.rodata.*) SORT(.rela.gnu.linkonce.r.*))

.rel.data
 *(SORT(.rel.data) SORT(.rel.data.*) SORT(.rel.gnu.linkonce.d.*))

.rela.data
 *(SORT(.rela.data) SORT(.rela.data.*) SORT(.rela.gnu.linkonce.d.*))

.rel.bss
 *(SORT(.rel.bss) SORT(.rel.bss.*) SORT(.rel.gnu.linkonce.b.*))

.rela.bss
 *(SORT(.rela.bss) SORT(.rela.bss.*) SORT(.rela.gnu.linkonce.b.*))

.rel.ctors
 *(SORT(.rel.ctors))

.rela.ctors
 *(SORT(.rela.ctors))

.rel.dtors
 *(SORT(.rel.dtors))

.rela.dtors
 *(SORT(.rela.dtors))

.rel.got
 *(SORT(.rel.got))

.rela.got
 *(SORT(.rela.got))

.rel.plt
 *(SORT(.rel.plt))

.rela.plt
 *(SORT(.rela.plt))

.text           0x00004000     0xa1bc
                0x00004000                . = ALIGN (0x2)
 *(SORT(.init) SORT(.init.*))
 *(SORT(.init0))
 .init0         0x00004000        0x0 /usr/local/bin/../lib/gcc/msp430/4.7.2/mmpy-16/libcrt0.a(_reset_vector__.o)
                0x00004000                _reset_vector__
 *(SORT(.init1))
 .init1         0x00004000        0xc /usr/local/bin/../lib/gcc/msp430/4.7.2/mmpy-16/libcrt0.a(__watchdog_support.o)
                0x00004000                __watchdog_support
 *(SORT(.init2))
 .init2         0x0000400c        0x4 /usr/local/bin/../lib/gcc/msp430/4.7.2/mmpy-16/libcrt0.a(__init_stack.o)
                0x0000400c                __init_stack
 *(SORT(.init3))
 .init3         0x00004010        0x0 /usr/local/bin/../lib/gcc/msp430/4.7.2/mmpy-16/libcrt0.a(__low_level_init.o)
                0x00004010                __low_level_init
 *(SORT(.init4))
 .init4         0x00004010       0x18 /usr/local/bin/../lib/gcc/msp430/4.7.2/mmpy-16/libcrt0.a(_copy_data.o)
                0x00004010                __do_copy_data
 .init4         0x00004028       0x16 /usr/local/bin/../lib/gcc/msp430/4.7.2/mmpy-16/libcrt0.a(_clear_bss.o)
                0x00004028                __do_clear_bss
 *(SORT(.init5))
 *(SORT(.init6))
 *(SORT(.init7))
 *(SORT(.init8))
 *(SORT(.init9))
 .init9         0x0000403e      0x238 build/sky/obj/contiki-main.o
                0x0000403e                main
 *(SORT(.fini9))
 .fini9         0x00004276        0x0 /usr/local/bin/../lib/gcc/msp430/4.7.2/mmpy-16/libcrt0.a(__stop_progExec__.o)
                0x00004276                __stop_progExec__
 *(SORT(.fini8))
 *(SORT(.fini7))
 *(SORT(.fini6))
 *(SORT(.fini5))
 *(SORT(.fini4))
 *(SORT(.fini3))
 *(SORT(.fini2))
 *(SORT(.fini1))
 *(SORT(.fini0))
 .fini0         0x00004276        0x6 /usr/local/bin/../lib/gcc/msp430/4.7.2/mmpy-16/libcrt0.a(_endless_loop__.o)
                0x00004276                _endless_loop__
 *(SORT(.fini) SORT(.fini.*))
                0x0000427c                . = ALIGN (0x2)
                0x0000427c                __ctors_start = .
 *(SORT(.ctors))
                0x0000427c                __ctors_end = .
                0x0000427c                __dtors_start = .
 *(SORT(.dtors))
                0x0000427c                __dtors_end = .
                0x0000427c                . = ALIGN (0x2)
 *(SORT(.text) SORT(.text.*) SORT(.gnu.linkonce.t.*))
 .text          0x0000427c        0x4 /usr/local/bin/../lib/gcc/msp430/4.7.2/mmpy-16/crt0ivtbl16.o
                0x0000427c                __isr_14
                0x0000427c                __isr_11
                0x0000427c                __isr_2
                0x0000427c                __isr_7
                0x0000427c                __isr_0
                0x0000427c                __isr_8
                0x0000427c                __isr_3
                0x0000427c                __isr_13
                0x0000427c                __isr_9
 .text.autostart_start
                0x00004280       0x16 build/sky/obj/autostart.o
                0x00004280                autostart_start
 .text.status   0x00004296       0x18 build/sky/obj/button-sensor.o
 .text.value    0x000042ae       0x1a build/sky/obj/button-sensor.o
 .text.configure
                0x000042c8       0x4c build/sky/obj/button-sensor.o
 .text.irq_p2   0x00004314       0x46 build/sky/obj/button-sensor.o
                0x00004314                irq_p2
                0x00004314                __isr_1
 .text.cc2420_timerb1_interrupt
                0x0000435a       0x26 build/sky/obj/cc2420-arch-sfd.o
                0x0000435a                cc2420_timerb1_interrupt
                0x0000435a                __isr_12
 .text.cc2420_port1_interrupt
                0x00004380       0x20 build/sky/obj/cc2420-arch.o
                0x00004380                __isr_4
                0x00004380                cc2420_port1_interrupt
 .text.cc2420_arch_init
                0x000043a0       0x1a build/sky/obj/cc2420-arch.o
                0x000043a0                cc2420_arch_init
 .text.get_object
                0x000043ba        0x4 build/sky/obj/cc2420.o
 .text.set_object
                0x000043be        0x4 build/sky/obj/cc2420.o
 .text.strobe   0x000043c2       0x1c build/sky/obj/cc2420.o
 .text.getreg   0x000043de       0x4c build/sky/obj/cc2420.o
 .text.setreg   0x0000442a       0x4c build/sky/obj/cc2420.o
 .text.write_ram
                0x00004476       0x7c build/sky/obj/cc2420.o
 .text.write_fifo_buf
                0x000044f2       0x3c build/sky/obj/cc2420.o
 .text.get_status
                0x0000452e       0x20 build/sky/obj/cc2420.o
 .text.on       0x0000454e       0x1a build/sky/obj/cc2420.o
 .text.cc2420_receiving_packet
                0x00004568        0xc build/sky/obj/cc2420.o
 .text.pending_packet
                0x00004574        0x8 build/sky/obj/cc2420.o
 .text.wait_for_transmission
                0x0000457c       0x22 build/sky/obj/cc2420.o
 .text.wait_for_status
                0x0000459e       0x28 build/sky/obj/cc2420.o
 .text.getrxdata
                0x000045c6       0x50 build/sky/obj/cc2420.o
 .text.flushrx  0x00004616       0x1a build/sky/obj/cc2420.o
 .text.off      0x00004630       0x28 build/sky/obj/cc2420.o
 .text.RELEASE_LOCK
                0x00004658       0x28 build/sky/obj/cc2420.o
 .text.set_key  0x00004680       0x18 build/sky/obj/cc2420.o
 .text.set_frame_filtering
                0x00004698       0x30 build/sky/obj/cc2420.o
 .text.set_auto_ack
                0x000046c8       0x30 build/sky/obj/cc2420.o
 .text.set_poll_mode
                0x000046f8       0x2c build/sky/obj/cc2420.o
 .text.cc2420_prepare
                0x00004724       0x46 build/sky/obj/cc2420.o
 .text.cc2420_on
                0x0000476a       0x22 build/sky/obj/cc2420.o
                0x0000476a                cc2420_on
 .text.cc2420_transmit
                0x0000478c       0x66 build/sky/obj/cc2420.o
 .text.cc2420_send
                0x000047f2       0x12 build/sky/obj/cc2420.o
 .text.cc2420_off
                0x00004804       0x30 build/sky/obj/cc2420.o
                0x00004804                cc2420_off
 .text.cc2420_cca
                0x00004834       0x68 build/sky/obj/cc2420.o
 .text.cc2420_read
                0x0000489c       0xbe build/sky/obj/cc2420.o
 .text.process_thread_cc2420_process
                0x0000495a       0x56 build/sky/obj/cc2420.o
 .text.encrypt  0x000049b0       0x88 build/sky/obj/cc2420.o
 .text.cc2420_set_channel
                0x00004a38       0x3c build/sky/obj/cc2420.o
                0x00004a38                cc2420_set_channel
 .text.cc2420_set_pan_addr
                0x00004a74       0x4c build/sky/obj/cc2420.o
                0x00004a74                cc2420_set_pan_addr
 .text.cc2420_interrupt
                0x00004ac0       0x16 build/sky/obj/cc2420.o
                0x00004ac0                cc2420_interrupt
 .text.cc2420_set_txpower
                0x00004ad6       0x2c build/sky/obj/cc2420.o
                0x00004ad6                cc2420_set_txpower
 .text.cc2420_get_txpower
                0x00004b02       0x1e build/sky/obj/cc2420.o
                0x00004b02                cc2420_get_txpower
 .text.cc2420_rssi
                0x00004b20       0x4c build/sky/obj/cc2420.o
                0x00004b20                cc2420_rssi
 .text.get_value
                0x00004b6c      0x11e build/sky/obj/cc2420.o
 .text.cc2420_set_cca_threshold
                0x00004c8a       0x16 build/sky/obj/cc2420.o
                0x00004c8a                cc2420_set_cca_threshold
 .text.set_value
                0x00004ca0      0x150 build/sky/obj/cc2420.o
 .text.cc2420_init
                0x00004df0       0xea build/sky/obj/cc2420.o
                0x00004df0                cc2420_init
 .text.timera1  0x00004eda       0xd8 build/sky/obj/clock.o
                0x00004eda                __isr_5
                0x00004eda                timera1
 .text.clock_time
                0x00004fb2       0x1a build/sky/obj/clock.o
                0x00004fb2                clock_time
 .text.clock_init
                0x00004fcc       0x28 build/sky/obj/clock.o
                0x00004fcc                clock_init
 .text.clock_delay
                0x00004ff4        0xc build/sky/obj/clock.o
                0x00004ff4                clock_delay
 .text.clock_seconds
                0x00005000       0x1a build/sky/obj/clock.o
                0x00005000                clock_seconds
 .text.schedule_transmission
                0x0000501a       0x74 build/sky/obj/csma-output.o
 .text.tx_done  0x0000508e       0x98 build/sky/obj/csma-output.o
 .text.transmit_from_queue
                0x00005126      0x1bc build/sky/obj/csma-output.o
 .text.csma_output_packet
                0x000052e2      0x146 build/sky/obj/csma-output.o
                0x000052e2                csma_output_packet
 .text.csma_output_init
                0x00005428       0x1a build/sky/obj/csma-output.o
                0x00005428                csma_output_init
 .text.on       0x00005442        0x6 build/sky/obj/csma.o
 .text.off      0x00005448        0x6 build/sky/obj/csma.o
 .text.max_payload
                0x0000544e       0x38 build/sky/obj/csma.o
 .text.send_packet
                0x00005486        0x6 build/sky/obj/csma.o
 .text.input_packet
                0x0000548c       0x58 build/sky/obj/csma.o
 .text.init     0x000054e4       0x20 build/sky/obj/csma.o
 .text.process_thread_ctimer_process
                0x00005504       0x9a build/sky/obj/ctimer.o
 .text.ctimer_init
                0x0000559e       0x10 build/sky/obj/ctimer.o
                0x0000559e                ctimer_init
 .text.ctimer_set_with_process
                0x000055ae       0x4e build/sky/obj/ctimer.o
                0x000055ae                ctimer_set_with_process
 .text.ctimer_reset
                0x000055fc       0x30 build/sky/obj/ctimer.o
                0x000055fc                ctimer_reset
 .text.ctimer_stop
                0x0000562c       0x28 build/sky/obj/ctimer.o
                0x0000562c                ctimer_stop
 .text.ctimer_expired
                0x00005654       0x20 build/sky/obj/ctimer.o
                0x00005654                ctimer_expired
 .text.owreadb  0x00005674       0x50 build/sky/obj/ds2411.o
 .text.ds2411_init
                0x000056c4      0x120 build/sky/obj/ds2411.o
                0x000056c4                ds2411_init
 .text.update_time
                0x000057e4       0x78 build/sky/obj/etimer.o
 .text.etimer_request_poll
                0x0000585c        0xa build/sky/obj/etimer.o
                0x0000585c                etimer_request_poll
 .text.process_thread_etimer_process
                0x00005866       0xcc build/sky/obj/etimer.o
 .text.add_timer
                0x00005932       0x40 build/sky/obj/etimer.o
 .text.etimer_set
                0x00005972       0x12 build/sky/obj/etimer.o
                0x00005972                etimer_set
 .text.etimer_reset
                0x00005984       0x12 build/sky/obj/etimer.o
                0x00005984                etimer_reset
 .text.etimer_pending
                0x00005996        0xc build/sky/obj/etimer.o
                0x00005996                etimer_pending
 .text.etimer_next_expiration_time
                0x000059a2       0x16 build/sky/obj/etimer.o
                0x000059a2                etimer_next_expiration_time
 .text.etimer_stop
                0x000059b8       0x3e build/sky/obj/etimer.o
                0x000059b8                etimer_stop
 .text.frame802154_get_pan_id
                0x000059f6        0x6 build/sky/obj/frame802154.o
                0x000059f6                frame802154_get_pan_id
 .text.frame802154_has_panid
                0x000059fc       0xe0 build/sky/obj/frame802154.o
                0x000059fc                frame802154_has_panid
 .text.field_len
                0x00005adc       0xaa build/sky/obj/frame802154.o
 .text.frame802154_is_broadcast_addr
                0x00005b86       0x28 build/sky/obj/frame802154.o
                0x00005b86                frame802154_is_broadcast_addr
 .text.frame802154_hdrlen
                0x00005bae       0x32 build/sky/obj/frame802154.o
                0x00005bae                frame802154_hdrlen
 .text.frame802154_create_fcf
                0x00005be0       0x96 build/sky/obj/frame802154.o
                0x00005be0                frame802154_create_fcf
 .text.frame802154_create
                0x00005c76       0xd2 build/sky/obj/frame802154.o
                0x00005c76                frame802154_create
 .text.frame802154_parse_fcf
                0x00005d48       0xbc build/sky/obj/frame802154.o
                0x00005d48                frame802154_parse_fcf
 .text.frame802154_parse
                0x00005e04      0x168 build/sky/obj/frame802154.o
                0x00005e04                frame802154_parse
 .text.parse    0x00005f6c       0xa2 build/sky/obj/framer-802154.o
 .text.framer_802154_setup_params
                0x0000600e       0xb6 build/sky/obj/framer-802154.o
                0x0000600e                framer_802154_setup_params
 .text.create_frame
                0x000060c4       0xa2 build/sky/obj/framer-802154.o
 .text.create   0x00006166        0x8 build/sky/obj/framer-802154.o
 .text.hdr_length
                0x0000616e        0x8 build/sky/obj/framer-802154.o
 .text.process_thread_hello_world_process
                0x00006176       0x54 build/sky/obj/hello-world.o
 .text.leds_arch_init
                0x000061ca        0xe build/sky/obj/leds-arch.o
                0x000061ca                leds_arch_init
 .text.leds_arch_get
                0x000061d8       0x34 build/sky/obj/leds-arch.o
                0x000061d8                leds_arch_get
 .text.leds_arch_set
                0x0000620c       0x3e build/sky/obj/leds-arch.o
                0x0000620c                leds_arch_set
 .text.leds_init
                0x0000624a        0x6 build/sky/obj/leds.o
                0x0000624a                leds_init
 .text.leds_on  0x00006250       0x12 build/sky/obj/leds.o
                0x00006250                leds_on
 .text.leds_off
                0x00006262       0x12 build/sky/obj/leds.o
                0x00006262                leds_off
 .text.periodic
                0x00006274       0x28 build/sky/obj/link-stats.o
 .text.link_stats_from_lladdr
                0x0000629c        0xc build/sky/obj/link-stats.o
                0x0000629c                link_stats_from_lladdr
 .text.link_stats_is_fresh
                0x000062a8       0x30 build/sky/obj/link-stats.o
                0x000062a8                link_stats_is_fresh
 .text.link_stats_packet_sent
                0x000062d8       0xf4 build/sky/obj/link-stats.o
                0x000062d8                link_stats_packet_sent
 .text.link_stats_input_callback
                0x000063cc      0x106 build/sky/obj/link-stats.o
                0x000063cc                link_stats_input_callback
 .text.link_stats_reset
                0x000064d2       0x2a build/sky/obj/link-stats.o
                0x000064d2                link_stats_reset
 .text.link_stats_init
                0x000064fc       0x26 build/sky/obj/link-stats.o
                0x000064fc                link_stats_init
 .text.linkaddr_copy
                0x00006522        0x8 build/sky/obj/linkaddr.o
                0x00006522                linkaddr_copy
 .text.linkaddr_cmp
                0x0000652a       0x12 build/sky/obj/linkaddr.o
                0x0000652a                linkaddr_cmp
 .text.list_tail
                0x0000653c       0x12 build/sky/obj/list.o
                0x0000653c                list_tail
 .text.list_remove
                0x0000654e       0x34 build/sky/obj/list.o
                0x0000654e                list_remove
 .text.list_push
                0x00006582       0x1a build/sky/obj/list.o
                0x00006582                list_push
 .text.list_add
                0x0000659c       0x2a build/sky/obj/list.o
                0x0000659c                list_add
 .text.list_length
                0x000065c6       0x10 build/sky/obj/list.o
                0x000065c6                list_length
 .text.list_contains
                0x000065d6       0x12 build/sky/obj/list.o
                0x000065d6                list_contains
 .text.log_6addr
                0x000065e8       0x32 build/sky/obj/log.o
                0x000065e8                log_6addr
 .text.log_lladdr
                0x0000661a       0x44 build/sky/obj/log.o
                0x0000661a                log_lladdr
 .text.mac_sequence_init
                0x0000665e        0xa build/sky/obj/mac-sequence.o
                0x0000665e                mac_sequence_init
 .text.mac_sequence_set_dsn
                0x00006668       0x18 build/sky/obj/mac-sequence.o
                0x00006668                mac_sequence_set_dsn
 .text.mac_sequence_is_duplicate
                0x00006680       0x84 build/sky/obj/mac-sequence.o
                0x00006680                mac_sequence_is_duplicate
 .text.mac_sequence_register_seqno
                0x00006704       0x90 build/sky/obj/mac-sequence.o
                0x00006704                mac_sequence_register_seqno
 .text.memb_init
                0x00006794       0x36 build/sky/obj/memb.o
                0x00006794                memb_init
 .text.memb_alloc
                0x000067ca       0x3e build/sky/obj/memb.o
                0x000067ca                memb_alloc
 .text.memb_free
                0x00006808       0x32 build/sky/obj/memb.o
                0x00006808                memb_free
 .text.memb_inmemb
                0x0000683a       0x2a build/sky/obj/memb.o
                0x0000683a                memb_inmemb
 .text.memb_numfree
                0x00006864       0x26 build/sky/obj/memb.o
                0x00006864                memb_numfree
 .text.msp430_init_dco
                0x0000688a       0x82 build/sky/obj/msp430.o
                0x0000688a                msp430_init_dco
 .text.msp430_add_lpm_req
                0x0000690c        0xc build/sky/obj/msp430.o
                0x0000690c                msp430_add_lpm_req
 .text.msp430_cpu_init
                0x00006918       0x2a build/sky/obj/msp430.o
                0x00006918                msp430_cpu_init
 .text.splhigh_
                0x00006942        0xa build/sky/obj/msp430.o
                0x00006942                splhigh_
 .text.msp430_sync_dco
                0x0000694c       0x6c build/sky/obj/msp430.o
                0x0000694c                msp430_sync_dco
 .text.item_from_index
                0x000069b8       0x2a build/sky/obj/nbr-table.o
 .text.index_from_key
                0x000069e2       0x26 build/sky/obj/nbr-table.o
 .text.index_from_item
                0x00006a08       0x1e build/sky/obj/nbr-table.o
 .text.nbr_set_bit
                0x00006a26       0x54 build/sky/obj/nbr-table.o
 .text.index_from_lladdr
                0x00006a7a       0x38 build/sky/obj/nbr-table.o
 .text.nbr_get_bit.constprop.3
                0x00006ab2       0x2a build/sky/obj/nbr-table.o
 .text.remove_key
                0x00006adc       0x84 build/sky/obj/nbr-table.o
 .text.nbr_table_is_registered
                0x00006b60       0x22 build/sky/obj/nbr-table.o
                0x00006b60                nbr_table_is_registered
 .text.nbr_table_register
                0x00006b82       0x40 build/sky/obj/nbr-table.o
                0x00006b82                nbr_table_register
 .text.nbr_table_next
                0x00006bc2       0x5a build/sky/obj/nbr-table.o
                0x00006bc2                nbr_table_next
 .text.nbr_table_head
                0x00006c1c       0x36 build/sky/obj/nbr-table.o
                0x00006c1c                nbr_table_head
 .text.nbr_table_get_from_lladdr
                0x00006c52       0x2c build/sky/obj/nbr-table.o
                0x00006c52                nbr_table_get_from_lladdr
 .text.entry_is_allowed.isra.2
                0x00006c7e       0x74 build/sky/obj/nbr-table.o
 .text.nbr_table_add_lladdr
                0x00006cf2       0xc2 build/sky/obj/nbr-table.o
                0x00006cf2                nbr_table_add_lladdr
 .text.nbr_table_remove
                0x00006db4       0x32 build/sky/obj/nbr-table.o
                0x00006db4                nbr_table_remove
 .text.nbr_table_lock
                0x00006de6       0x10 build/sky/obj/nbr-table.o
                0x00006de6                nbr_table_lock
 .text.nbr_table_unlock
                0x00006df6       0x10 build/sky/obj/nbr-table.o
                0x00006df6                nbr_table_unlock
 .text.nbr_table_get_lladdr
                0x00006e06       0x22 build/sky/obj/nbr-table.o
                0x00006e06                nbr_table_get_lladdr
 .text.netstack_process_ip_callback
                0x00006e28       0x48 build/sky/obj/netstack.o
                0x00006e28                netstack_process_ip_callback
 .text.packetbuf_hdrreduce
                0x00006e70       0x1a build/sky/obj/packetbuf.o
                0x00006e70                packetbuf_hdrreduce
 .text.packetbuf_set_datalen
                0x00006e8a        0x6 build/sky/obj/packetbuf.o
                0x00006e8a                packetbuf_set_datalen
 .text.packetbuf_hdrptr
                0x00006e90        0x6 build/sky/obj/packetbuf.o
                0x00006e90                packetbuf_hdrptr
 .text.packetbuf_datalen
                0x00006e96        0x6 build/sky/obj/packetbuf.o
                0x00006e96                packetbuf_datalen
 .text.packetbuf_hdrlen
                0x00006e9c        0xa build/sky/obj/packetbuf.o
                0x00006e9c                packetbuf_hdrlen
 .text.packetbuf_dataptr
                0x00006ea6        0xc build/sky/obj/packetbuf.o
                0x00006ea6                packetbuf_dataptr
 .text.packetbuf_copyto
                0x00006eb2       0x46 build/sky/obj/packetbuf.o
                0x00006eb2                packetbuf_copyto
 .text.packetbuf_totlen
                0x00006ef8        0xc build/sky/obj/packetbuf.o
                0x00006ef8                packetbuf_totlen
 .text.packetbuf_hdralloc
                0x00006f04       0x3c build/sky/obj/packetbuf.o
                0x00006f04                packetbuf_hdralloc
 .text.packetbuf_attr_clear
                0x00006f40       0x28 build/sky/obj/packetbuf.o
                0x00006f40                packetbuf_attr_clear
 .text.packetbuf_clear
                0x00006f68       0x12 build/sky/obj/packetbuf.o
                0x00006f68                packetbuf_clear
 .text.packetbuf_copyfrom
                0x00006f7a       0x2e build/sky/obj/packetbuf.o
                0x00006f7a                packetbuf_copyfrom
 .text.packetbuf_attr_copyto
                0x00006fa8       0x22 build/sky/obj/packetbuf.o
                0x00006fa8                packetbuf_attr_copyto
 .text.packetbuf_attr_copyfrom
                0x00006fca       0x24 build/sky/obj/packetbuf.o
                0x00006fca                packetbuf_attr_copyfrom
 .text.packetbuf_set_attr
                0x00006fee        0xa build/sky/obj/packetbuf.o
                0x00006fee                packetbuf_set_attr
 .text.packetbuf_attr
                0x00006ff8        0xa build/sky/obj/packetbuf.o
                0x00006ff8                packetbuf_attr
 .text.packetbuf_set_addr
                0x00007002       0x16 build/sky/obj/packetbuf.o
                0x00007002                packetbuf_set_addr
 .text.packetbuf_addr
                0x00007018       0x12 build/sky/obj/packetbuf.o
                0x00007018                packetbuf_addr
 .text.packetbuf_holds_broadcast
                0x0000702a        0xe build/sky/obj/packetbuf.o
                0x0000702a                packetbuf_holds_broadcast
 .text.platform_init_stage_one
                0x00007038       0x12 build/sky/obj/platform.o
                0x00007038                platform_init_stage_one
 .text.platform_init_stage_two
                0x0000704a       0x68 build/sky/obj/platform.o
                0x0000704a                platform_init_stage_two
 .text.platform_init_stage_three
                0x000070b2       0x80 build/sky/obj/platform.o
                0x000070b2                platform_init_stage_three
 .text.platform_idle
                0x00007132       0x54 build/sky/obj/platform.o
                0x00007132                platform_idle
 .text.call_process
                0x00007186       0x46 build/sky/obj/process.o
 .text.exit_process
                0x000071cc       0x98 build/sky/obj/process.o
 .text.do_poll  0x00007264       0x30 build/sky/obj/process.o
 .text.process_alloc_event
                0x00007294       0x18 build/sky/obj/process.o
                0x00007294                process_alloc_event
 .text.process_init
                0x000072ac        0x8 build/sky/obj/process.o
                0x000072ac                process_init
 .text.process_run
                0x000072b4       0x8c build/sky/obj/process.o
                0x000072b4                process_run
 .text.process_nevents
                0x00007340        0xa build/sky/obj/process.o
                0x00007340                process_nevents
 .text.process_post
                0x0000734a       0x42 build/sky/obj/process.o
                0x0000734a                process_post
 .text.process_post_synch
                0x0000738c       0x12 build/sky/obj/process.o
                0x0000738c                process_post_synch
 .text.process_start
                0x0000739e       0x36 build/sky/obj/process.o
                0x0000739e                process_start
 .text.process_poll
                0x000073d4       0x18 build/sky/obj/process.o
                0x000073d4                process_poll
 .text.queuebuf_init
                0x000073ec       0x12 build/sky/obj/queuebuf.o
                0x000073ec                queuebuf_init
 .text.queuebuf_numfree
                0x000073fe        0xa build/sky/obj/queuebuf.o
                0x000073fe                queuebuf_numfree
 .text.queuebuf_new_from_packetbuf
                0x00007408       0x52 build/sky/obj/queuebuf.o
                0x00007408                queuebuf_new_from_packetbuf
 .text.queuebuf_update_attr_from_packetbuf
                0x0000745a       0x12 build/sky/obj/queuebuf.o
                0x0000745a                queuebuf_update_attr_from_packetbuf
 .text.queuebuf_free
                0x0000746c       0x2a build/sky/obj/queuebuf.o
                0x0000746c                queuebuf_free
 .text.queuebuf_to_packetbuf
                0x00007496       0x32 build/sky/obj/queuebuf.o
                0x00007496                queuebuf_to_packetbuf
 .text.random_init
                0x000074c8        0x6 build/sky/obj/random.o
                0x000074c8                random_init
 .text.random_rand
                0x000074ce        0x6 build/sky/obj/random.o
                0x000074ce                random_rand
 .text.rpl_dag_root_set_prefix
                0x000074d4       0x62 build/sky/obj/rpl-dag-root.o
                0x000074d4                rpl_dag_root_set_prefix
 .text.rpl_dag_root_start
                0x00007536       0x8e build/sky/obj/rpl-dag-root.o
                0x00007536                rpl_dag_root_start
 .text.rpl_dag_root_is_root
                0x000075c4       0x14 build/sky/obj/rpl-dag-root.o
                0x000075c4                rpl_dag_root_is_root
 .text.init_dag
                0x000075d8       0x84 build/sky/obj/rpl-dag.o
 .text.process_dio_init_dag
                0x0000765c       0xb0 build/sky/obj/rpl-dag.o
 .text.rpl_dag_get_root_ipaddr
                0x0000770c       0x1e build/sky/obj/rpl-dag.o
                0x0000770c                rpl_dag_get_root_ipaddr
 .text.rpl_dag_leave
                0x0000772a       0x4a build/sky/obj/rpl-dag.o
                0x0000772a                rpl_dag_leave
 .text.rpl_dag_poison_and_leave
                0x00007774        0xc build/sky/obj/rpl-dag.o
                0x00007774                rpl_dag_poison_and_leave
 .text.rpl_dag_periodic
                0x00007780       0x6a build/sky/obj/rpl-dag.o
                0x00007780                rpl_dag_periodic
 .text.rpl_is_addr_in_our_dag
                0x000077ea       0x34 build/sky/obj/rpl-dag.o
                0x000077ea                rpl_is_addr_in_our_dag
 .text.rpl_local_repair
                0x0000781e       0x2a build/sky/obj/rpl-dag.o
                0x0000781e                rpl_local_repair
 .text.rpl_global_repair
                0x00007848       0x2e build/sky/obj/rpl-dag.o
                0x00007848                rpl_global_repair
 .text.rpl_dag_ready_to_advertise
                0x00007876       0x22 build/sky/obj/rpl-dag.o
                0x00007876                rpl_dag_ready_to_advertise
 .text.rpl_dag_update_state
                0x00007898      0x144 build/sky/obj/rpl-dag.o
                0x00007898                rpl_dag_update_state
 .text.rpl_process_dio
                0x000079dc      0x1b6 build/sky/obj/rpl-dag.o
                0x000079dc                rpl_process_dio
 .text.rpl_process_dis
                0x00007b92       0x2a build/sky/obj/rpl-dag.o
                0x00007b92                rpl_process_dis
 .text.rpl_process_dao
                0x00007bbc       0x6c build/sky/obj/rpl-dag.o
                0x00007bbc                rpl_process_dao
 .text.rpl_process_dao_ack
                0x00007c28       0x54 build/sky/obj/rpl-dag.o
                0x00007c28                rpl_process_dao_ack
 .text.rpl_process_hbh
                0x00007c7c       0x2e build/sky/obj/rpl-dag.o
                0x00007c7c                rpl_process_hbh
 .text.rpl_dag_init_root
                0x00007caa       0xbc build/sky/obj/rpl-dag.o
                0x00007caa                rpl_dag_init_root
 .text.rpl_dag_init
                0x00007d66       0x10 build/sky/obj/rpl-dag.o
                0x00007d66                rpl_dag_init
 .text.update_hbh_header
                0x00007d76       0x4a build/sky/obj/rpl-ext-header.o
 .text.rpl_ext_header_srh_get_next_hop
                0x00007dc0       0x84 build/sky/obj/rpl-ext-header.o
                0x00007dc0                rpl_ext_header_srh_get_next_hop
 .text.rpl_ext_header_srh_update
                0x00007e44      0x250 build/sky/obj/rpl-ext-header.o
                0x00007e44                rpl_ext_header_srh_update
 .text.rpl_ext_header_hbh_update
                0x00008094       0xa4 build/sky/obj/rpl-ext-header.o
                0x00008094                rpl_ext_header_hbh_update
 .text.rpl_ext_header_remove
                0x00008138       0xcc build/sky/obj/rpl-ext-header.o
                0x00008138                rpl_ext_header_remove
 .text.rpl_ext_header_update
                0x00008204      0x2aa build/sky/obj/rpl-ext-header.o
                0x00008204                rpl_ext_header_update
 .text.get32    0x000084ae       0x46 build/sky/obj/rpl-icmp6.o
 .text.set32    0x000084f4       0x2a build/sky/obj/rpl-icmp6.o
 .text.get16    0x0000851e        0xe build/sky/obj/rpl-icmp6.o
 .text.set16    0x0000852c       0x10 build/sky/obj/rpl-icmp6.o
 .text.dao_ack_input
                0x0000853c       0x30 build/sky/obj/rpl-icmp6.o
 .text.dao_input
                0x0000856c      0x16c build/sky/obj/rpl-icmp6.o
 .text.dio_input
                0x000086d8      0x2ba build/sky/obj/rpl-icmp6.o
 .text.dis_input
                0x00008992       0x1e build/sky/obj/rpl-icmp6.o
 .text.rpl_icmp6_update_nbr_table
                0x000089b0       0x36 build/sky/obj/rpl-icmp6.o
                0x000089b0                rpl_icmp6_update_nbr_table
 .text.rpl_icmp6_dis_output
                0x000089e6       0x34 build/sky/obj/rpl-icmp6.o
                0x000089e6                rpl_icmp6_dis_output
 .text.rpl_icmp6_dio_output
                0x00008a1a      0x230 build/sky/obj/rpl-icmp6.o
                0x00008a1a                rpl_icmp6_dio_output
 .text.rpl_icmp6_dao_output
                0x00008c4a       0xe2 build/sky/obj/rpl-icmp6.o
                0x00008c4a                rpl_icmp6_dao_output
 .text.rpl_icmp6_dao_ack_output
                0x00008d2c       0x4e build/sky/obj/rpl-icmp6.o
                0x00008d2c                rpl_icmp6_dao_ack_output
 .text.rpl_icmp6_init
                0x00008d7a       0x22 build/sky/obj/rpl-icmp6.o
                0x00008d7a                rpl_icmp6_init
 .text.reset    0x00008d9c        0x2 build/sky/obj/rpl-mrhof.o
 .text.update_metric_container
                0x00008d9e        0x6 build/sky/obj/rpl-mrhof.o
 .text.nbr_link_metric
                0x00008da4       0x12 build/sky/obj/rpl-mrhof.o
 .text.nbr_has_usable_link
                0x00008db6       0x14 build/sky/obj/rpl-mrhof.o
 .text.nbr_path_cost
                0x00008dca       0x38 build/sky/obj/rpl-mrhof.o
 .text.within_hysteresis
                0x00008e02       0x54 build/sky/obj/rpl-mrhof.o
 .text.nbr_is_acceptable_parent
                0x00008e56       0x2c build/sky/obj/rpl-mrhof.o
 .text.rank_via_nbr
                0x00008e82       0x48 build/sky/obj/rpl-mrhof.o
 .text.best_parent
                0x00008eca       0x7c build/sky/obj/rpl-mrhof.o
 .text.get_rank
                0x00008f46       0x16 build/sky/obj/rpl-nbr-policy.o
 .text.rpl_nbr_gc_get_worst
                0x00008f5c       0x28 build/sky/obj/rpl-nbr-policy.o
                0x00008f5c                rpl_nbr_gc_get_worst
 .text.remove_neighbor
                0x00008f84       0x24 build/sky/obj/rpl-neighbor.o
 .text.rpl_neighbor_get_from_lladdr
                0x00008fa8        0xc build/sky/obj/rpl-neighbor.o
                0x00008fa8                rpl_neighbor_get_from_lladdr
 .text.rpl_neighbor_rank_via_nbr
                0x00008fb4       0x18 build/sky/obj/rpl-neighbor.o
                0x00008fb4                rpl_neighbor_rank_via_nbr
 .text.rpl_neighbor_get_lladdr
                0x00008fcc        0xc build/sky/obj/rpl-neighbor.o
                0x00008fcc                rpl_neighbor_get_lladdr
 .text.rpl_neighbor_get_ipaddr
                0x00008fd8        0xa build/sky/obj/rpl-neighbor.o
                0x00008fd8                rpl_neighbor_get_ipaddr
 .text.rpl_neighbor_get_link_stats
                0x00008fe2        0xa build/sky/obj/rpl-neighbor.o
                0x00008fe2                rpl_neighbor_get_link_stats
 .text.rpl_neighbor_is_fresh
                0x00008fec        0xa build/sky/obj/rpl-neighbor.o
                0x00008fec                rpl_neighbor_is_fresh
 .text.best_parent
                0x00008ff6       0xb4 build/sky/obj/rpl-neighbor.o
 .text.rpl_neighbor_set_preferred_parent
                0x000090aa       0x48 build/sky/obj/rpl-neighbor.o
                0x000090aa                rpl_neighbor_set_preferred_parent
 .text.rpl_neighbor_remove_all
                0x000090f2       0x30 build/sky/obj/rpl-neighbor.o
                0x000090f2                rpl_neighbor_remove_all
 .text.rpl_neighbor_get_from_ipaddr
                0x00009122       0x14 build/sky/obj/rpl-neighbor.o
                0x00009122                rpl_neighbor_get_from_ipaddr
 .text.rpl_neighbor_select_best
                0x00009136       0x54 build/sky/obj/rpl-neighbor.o
                0x00009136                rpl_neighbor_select_best
 .text.rpl_neighbor_init
                0x0000918a        0xe build/sky/obj/rpl-neighbor.o
                0x0000918a                rpl_neighbor_init
 .text.handle_state_update
                0x00009198        0x6 build/sky/obj/rpl-timers.o
 .text.handle_leaving_timer
                0x0000919e        0xc build/sky/obj/rpl-timers.o
 .text.handle_unicast_dio_timer
                0x000091aa       0x12 build/sky/obj/rpl-timers.o
 .text.handle_dao_ack_timer
                0x000091bc       0x12 build/sky/obj/rpl-timers.o
 .text.ctimer_set.constprop.3
                0x000091ce        0xe build/sky/obj/rpl-timers.o
 .text.new_dio_interval
                0x000091dc       0x86 build/sky/obj/rpl-timers.o
 .text.handle_dio_timer
                0x00009262       0x6a build/sky/obj/rpl-timers.o
 .text.schedule_dao_retransmission
                0x000092cc       0x30 build/sky/obj/rpl-timers.o
 .text.send_new_dao
                0x000092fc       0x28 build/sky/obj/rpl-timers.o
 .text.resend_dao
                0x00009324       0x24 build/sky/obj/rpl-timers.o
 .text.rpl_timers_schedule_periodic_dis
                0x00009348       0x3c build/sky/obj/rpl-timers.o
                0x00009348                rpl_timers_schedule_periodic_dis
 .text.handle_periodic_timer
                0x00009384       0x3a build/sky/obj/rpl-timers.o
 .text.handle_dis_timer
                0x000093be       0x26 build/sky/obj/rpl-timers.o
 .text.rpl_timers_dio_reset
                0x000093e4       0x2e build/sky/obj/rpl-timers.o
                0x000093e4                rpl_timers_dio_reset
 .text.rpl_timers_schedule_unicast_dio
                0x00009412       0x1c build/sky/obj/rpl-timers.o
                0x00009412                rpl_timers_schedule_unicast_dio
 .text.rpl_timers_schedule_dao
                0x0000942e       0x38 build/sky/obj/rpl-timers.o
                0x0000942e                rpl_timers_schedule_dao
 .text.rpl_timers_schedule_dao_ack
                0x00009466       0x30 build/sky/obj/rpl-timers.o
                0x00009466                rpl_timers_schedule_dao_ack
 .text.rpl_timers_notify_dao_ack
                0x00009496       0x7e build/sky/obj/rpl-timers.o
                0x00009496                rpl_timers_notify_dao_ack
 .text.get_probing_delay
                0x00009514       0x1c build/sky/obj/rpl-timers.o
                0x00009514                get_probing_delay
 .text.get_probing_target
                0x00009530       0xee build/sky/obj/rpl-timers.o
                0x00009530                get_probing_target
 .text.rpl_schedule_probing
                0x0000961e       0x1c build/sky/obj/rpl-timers.o
                0x0000961e                rpl_schedule_probing
 .text.handle_probing_timer
                0x0000963a       0x2a build/sky/obj/rpl-timers.o
 .text.rpl_schedule_probing_now
                0x00009664       0x20 build/sky/obj/rpl-timers.o
                0x00009664                rpl_schedule_probing_now
 .text.rpl_timers_unschedule_leaving
                0x00009684       0x1c build/sky/obj/rpl-timers.o
                0x00009684                rpl_timers_unschedule_leaving
 .text.rpl_timers_schedule_leaving
                0x000096a0       0x26 build/sky/obj/rpl-timers.o
                0x000096a0                rpl_timers_schedule_leaving
 .text.rpl_timers_init
                0x000096c6       0x18 build/sky/obj/rpl-timers.o
                0x000096c6                rpl_timers_init
 .text.rpl_timers_stop_dag_timers
                0x000096de       0x4c build/sky/obj/rpl-timers.o
                0x000096de                rpl_timers_stop_dag_timers
 .text.rpl_timers_schedule_state_update
                0x0000972a       0x18 build/sky/obj/rpl-timers.o
                0x0000972a                rpl_timers_schedule_state_update
 .text.rpl_has_joined
                0x00009742       0x12 build/sky/obj/rpl.o
                0x00009742                rpl_has_joined
 .text.rpl_is_reachable
                0x00009754       0x12 build/sky/obj/rpl.o
                0x00009754                rpl_is_reachable
 .text.neighbor_state_changed
                0x00009766        0x2 build/sky/obj/rpl.o
 .text.drop_route
                0x00009768        0x2 build/sky/obj/rpl.o
 .text.rpl_get_leaf_only
                0x0000976a        0x6 build/sky/obj/rpl.o
                0x0000976a                rpl_get_leaf_only
 .text.get_sr_node_ipaddr
                0x00009770       0x34 build/sky/obj/rpl.o
 .text.init     0x000097a4       0x42 build/sky/obj/rpl.o
 .text.set_ip_from_prefix
                0x000097e6       0x38 build/sky/obj/rpl.o
 .text.rpl_link_callback
                0x0000981e       0x1e build/sky/obj/rpl.o
                0x0000981e                rpl_link_callback
 .text.rpl_lollipop_greater_than
                0x0000983c       0x3c build/sky/obj/rpl.o
                0x0000983c                rpl_lollipop_greater_than
 .text.rpl_get_global_address
                0x00009878       0xbe build/sky/obj/rpl.o
                0x00009878                rpl_get_global_address
 .text.rpl_reset_prefix
                0x00009936       0x24 build/sky/obj/rpl.o
                0x00009936                rpl_reset_prefix
 .text.rpl_set_prefix_from_addr
                0x0000995a       0x92 build/sky/obj/rpl.o
                0x0000995a                rpl_set_prefix_from_addr
 .text.timera0  0x000099ec       0x2c build/sky/obj/rtimer-arch.o
                0x000099ec                __isr_6
                0x000099ec                timera0
 .text.rtimer_arch_init
                0x00009a18        0xe build/sky/obj/rtimer-arch.o
                0x00009a18                rtimer_arch_init
 .text.rtimer_arch_now
                0x00009a26        0xe build/sky/obj/rtimer-arch.o
                0x00009a26                rtimer_arch_now
 .text.rtimer_run_next
                0x00009a34       0x18 build/sky/obj/rtimer.o
                0x00009a34                rtimer_run_next
 .text.process_thread_sensors_process
                0x00009a4c       0xc2 build/sky/obj/sensors.o
 .text.sensors_changed
                0x00009b0e       0x2a build/sky/obj/sensors.o
                0x00009b0e                sensors_changed
 .text.clear_fragments
                0x00009b38       0x40 build/sky/obj/sicslowpan.o
 .text.addr_context_lookup_by_number
                0x00009b78       0x16 build/sky/obj/sicslowpan.o
 .text.sicslowpan_init
                0x00009b8e       0x18 build/sky/obj/sicslowpan.o
                0x00009b8e                sicslowpan_init
 .text.set_packet_attrs
                0x00009ba6       0x66 build/sky/obj/sicslowpan.o
 .text.compress_addr_64
                0x00009c0c       0xae build/sky/obj/sicslowpan.o
 .text.addr_context_lookup_by_prefix
                0x00009cba       0x20 build/sky/obj/sicslowpan.o
 .text.send_packet
                0x00009cda       0x10 build/sky/obj/sicslowpan.o
 .text.fragment_copy_payload_and_send
                0x00009cea       0x58 build/sky/obj/sicslowpan.o
 .text.packet_sent
                0x00009d42       0x56 build/sky/obj/sicslowpan.o
 .text.store_fragment
                0x00009d98       0xb8 build/sky/obj/sicslowpan.o
 .text.add_fragment
                0x00009e50      0x1fc build/sky/obj/sicslowpan.o
 .text.uncompress_addr
                0x0000a04c       0xce build/sky/obj/sicslowpan.o
 .text.output   0x0000a11a      0x79e build/sky/obj/sicslowpan.o
 .text.input    0x0000a8b8      0xa1a build/sky/obj/sicslowpan.o
 .text.spi_init
                0x0000b2d2       0x30 build/sky/obj/spi-legacy.o
                0x0000b2d2                spi_init
 .text.stack_check_init
                0x0000b302       0x2e build/sky/obj/stack-check.o
                0x0000b302                stack_check_init
 .text.stack_check_get_usage
                0x0000b330       0x46 build/sky/obj/stack-check.o
                0x0000b330                stack_check_get_usage
 .text.process_thread_stack_check_process
                0x0000b376       0x90 build/sky/obj/stack-check.o
 .text.stimer_expired
                0x0000b406       0x30 build/sky/obj/stimer.o
                0x0000b406                stimer_expired
 .text.tcpip_output
                0x0000b436       0x22 build/sky/obj/tcpip.o
                0x0000b436                tcpip_output
 .text.tcpip_input
                0x0000b458       0x1e build/sky/obj/tcpip.o
                0x0000b458                tcpip_input
 .text.tcpip_ipv6_output
                0x0000b476      0x114 build/sky/obj/tcpip.o
                0x0000b476                tcpip_ipv6_output
 .text.packet_input.part.3
                0x0000b58a       0x12 build/sky/obj/tcpip.o
 .text.process_thread_tcpip_process
                0x0000b59c       0xb6 build/sky/obj/tcpip.o
 .text.tcpip_uipcall
                0x0000b652       0x2a build/sky/obj/tcpip.o
                0x0000b652                tcpip_uipcall
 .text.timer_set
                0x0000b67c       0x1c build/sky/obj/timer.o
                0x0000b67c                timer_set
 .text.timer_expired
                0x0000b698       0x2a build/sky/obj/timer.o
                0x0000b698                timer_expired
 .text.timer_reset
                0x0000b6c2       0x1c build/sky/obj/timer.o
                0x0000b6c2                timer_reset
 .text.putchar  0x0000b6de       0x10 build/sky/obj/uart-putchar.o
                0x0000b6de                putchar
 .text.uart1_active
                0x0000b6ee       0x18 build/sky/obj/uart1.o
                0x0000b6ee                uart1_active
 .text.uart1_writeb
                0x0000b706       0x18 build/sky/obj/uart1.o
                0x0000b706                uart1_writeb
 .text.uart1_init
                0x0000b71e       0xf4 build/sky/obj/uart1.o
                0x0000b71e                uart1_init
 .text.uip_ds6_nbr_rm
                0x0000b812       0x1e build/sky/obj/uip-ds6-nbr.o
                0x0000b812                uip_ds6_nbr_rm
 .text.uip_ds6_neighbors_init
                0x0000b830       0x12 build/sky/obj/uip-ds6-nbr.o
                0x0000b830                uip_ds6_neighbors_init
 .text.uip_ds6_nbr_add
                0x0000b842       0x3e build/sky/obj/uip-ds6-nbr.o
                0x0000b842                uip_ds6_nbr_add
 .text.uip_ds6_nbr_get_ll
                0x0000b880        0xc build/sky/obj/uip-ds6-nbr.o
                0x0000b880                uip_ds6_nbr_get_ll
 .text.uip_ds6_nbr_head
                0x0000b88c        0xa build/sky/obj/uip-ds6-nbr.o
                0x0000b88c                uip_ds6_nbr_head
 .text.uip_ds6_nbr_next
                0x0000b896        0xc build/sky/obj/uip-ds6-nbr.o
                0x0000b896                uip_ds6_nbr_next
 .text.uip_ds6_nbr_lookup
                0x0000b8a2       0x3a build/sky/obj/uip-ds6-nbr.o
                0x0000b8a2                uip_ds6_nbr_lookup
 .text.uip_ds6_nbr_ll_lookup
                0x0000b8dc        0xc build/sky/obj/uip-ds6-nbr.o
                0x0000b8dc                uip_ds6_nbr_ll_lookup
 .text.uip_ds6_nbr_update_ll
                0x0000b8e8       0x76 build/sky/obj/uip-ds6-nbr.o
                0x0000b8e8                uip_ds6_nbr_update_ll
 .text.uip_ds6_nbr_ipaddr_from_lladdr
                0x0000b95e        0x6 build/sky/obj/uip-ds6-nbr.o
                0x0000b95e                uip_ds6_nbr_ipaddr_from_lladdr
 .text.uip_ds6_nbr_lladdr_from_ipaddr
                0x0000b964       0x12 build/sky/obj/uip-ds6-nbr.o
                0x0000b964                uip_ds6_nbr_lladdr_from_ipaddr
 .text.uip_ds6_link_callback
                0x0000b976        0x2 build/sky/obj/uip-ds6-nbr.o
                0x0000b976                uip_ds6_link_callback
 .text.uip_ds6_route_init
                0x0000b978        0xe build/sky/obj/uip-ds6-route.o
                0x0000b978                uip_ds6_route_init
 .text.uip_ds6_route_nexthop
                0x0000b986        0x4 build/sky/obj/uip-ds6-route.o
                0x0000b986                uip_ds6_route_nexthop
 .text.uip_ds6_route_lookup
                0x0000b98a        0x4 build/sky/obj/uip-ds6-route.o
                0x0000b98a                uip_ds6_route_lookup
 .text.uip_ds6_route_rm
                0x0000b98e        0x2 build/sky/obj/uip-ds6-route.o
                0x0000b98e                uip_ds6_route_rm
 .text.uip_ds6_defrt_rm
                0x0000b990       0x2c build/sky/obj/uip-ds6-route.o
                0x0000b990                uip_ds6_defrt_rm
 .text.uip_ds6_defrt_lookup
                0x0000b9bc       0x34 build/sky/obj/uip-ds6-route.o
                0x0000b9bc                uip_ds6_defrt_lookup
 .text.uip_ds6_defrt_add
                0x0000b9f0       0x78 build/sky/obj/uip-ds6-route.o
                0x0000b9f0                uip_ds6_defrt_add
 .text.uip_ds6_defrt_choose
                0x0000ba68       0x2e build/sky/obj/uip-ds6-route.o
                0x0000ba68                uip_ds6_defrt_choose
 .text.uip_ds6_defrt_periodic
                0x0000ba96       0x2e build/sky/obj/uip-ds6-route.o
                0x0000ba96                uip_ds6_defrt_periodic
 .text.uip_ds6_default_prefix
                0x0000bac4        0x6 build/sky/obj/uip-ds6.o
                0x0000bac4                uip_ds6_default_prefix
 .text.uip_ds6_list_loop
                0x0000baca       0x90 build/sky/obj/uip-ds6.o
                0x0000baca                uip_ds6_list_loop
 .text.uip_ds6_prefix_add
                0x0000bb5a       0x76 build/sky/obj/uip-ds6.o
                0x0000bb5a                uip_ds6_prefix_add
 .text.uip_ds6_is_addr_onlink
                0x0000bbd0       0x52 build/sky/obj/uip-ds6.o
                0x0000bbd0                uip_ds6_is_addr_onlink
 .text.uip_ds6_addr_lookup
                0x0000bc22       0x2a build/sky/obj/uip-ds6.o
                0x0000bc22                uip_ds6_addr_lookup
 .text.uip_ds6_get_link_local
                0x0000bc4c       0x3e build/sky/obj/uip-ds6.o
                0x0000bc4c                uip_ds6_get_link_local
 .text.uip_ds6_maddr_add
                0x0000bc8a       0x42 build/sky/obj/uip-ds6.o
                0x0000bc8a                uip_ds6_maddr_add
 .text.uip_ds6_addr_add
                0x0000bccc       0xc6 build/sky/obj/uip-ds6.o
                0x0000bccc                uip_ds6_addr_add
 .text.uip_ds6_maddr_rm
                0x0000bd92        0xa build/sky/obj/uip-ds6.o
                0x0000bd92                uip_ds6_maddr_rm
 .text.uip_ds6_maddr_lookup
                0x0000bd9c       0x2a build/sky/obj/uip-ds6.o
                0x0000bd9c                uip_ds6_maddr_lookup
 .text.uip_ds6_addr_rm
                0x0000bdc6       0x54 build/sky/obj/uip-ds6.o
                0x0000bdc6                uip_ds6_addr_rm
 .text.uip_ds6_periodic
                0x0000be1a       0x46 build/sky/obj/uip-ds6.o
                0x0000be1a                uip_ds6_periodic
 .text.uip_ds6_set_addr_iid
                0x0000be60       0x14 build/sky/obj/uip-ds6.o
                0x0000be60                uip_ds6_set_addr_iid
 .text.uip_ds6_set_lladdr_from_iid
                0x0000be74       0x14 build/sky/obj/uip-ds6.o
                0x0000be74                uip_ds6_set_lladdr_from_iid
 .text.get_match_length
                0x0000be88       0x44 build/sky/obj/uip-ds6.o
                0x0000be88                get_match_length
 .text.uip_ds6_select_src
                0x0000becc       0xa6 build/sky/obj/uip-ds6.o
                0x0000becc                uip_ds6_select_src
 .text.uip_ds6_compute_reachable_time
                0x0000bf72       0x3e build/sky/obj/uip-ds6.o
                0x0000bf72                uip_ds6_compute_reachable_time
 .text.uip_ds6_init
                0x0000bfb0      0x164 build/sky/obj/uip-ds6.o
                0x0000bfb0                uip_ds6_init
 .text.echo_reply_input
                0x0000c114       0x5e build/sky/obj/uip-icmp6.o
 .text.echo_request_input
                0x0000c172       0x86 build/sky/obj/uip-icmp6.o
 .text.uip_icmp6_input
                0x0000c1f8       0x34 build/sky/obj/uip-icmp6.o
                0x0000c1f8                uip_icmp6_input
 .text.uip_icmp6_register_input_handler
                0x0000c22c        0xc build/sky/obj/uip-icmp6.o
                0x0000c22c                uip_icmp6_register_input_handler
 .text.uip_icmp6_error_output
                0x0000c238      0x146 build/sky/obj/uip-icmp6.o
                0x0000c238                uip_icmp6_error_output
 .text.uip_icmp6_send
                0x0000c37e       0x8e build/sky/obj/uip-icmp6.o
                0x0000c37e                uip_icmp6_send
 .text.uip_icmp6_init
                0x0000c40c       0x12 build/sky/obj/uip-icmp6.o
                0x0000c40c                uip_icmp6_init
 .text.ns_input
                0x0000c41e      0x2a8 build/sky/obj/uip-nd6.o
 .text.uip_nd6_init
                0x0000c6c6        0xa build/sky/obj/uip-nd6.o
                0x0000c6c6                uip_nd6_init
 .text.node_matches_address.part.0
                0x0000c6d0       0x2e build/sky/obj/uip-sr.o
 .text.uip_sr_get_node
                0x0000c6fe       0x3a build/sky/obj/uip-sr.o
                0x0000c6fe                uip_sr_get_node
 .text.uip_sr_is_addr_reachable
                0x0000c738       0x4e build/sky/obj/uip-sr.o
                0x0000c738                uip_sr_is_addr_reachable
 .text.uip_sr_expire_parent
                0x0000c786       0x50 build/sky/obj/uip-sr.o
                0x0000c786                uip_sr_expire_parent
 .text.uip_sr_update_node
                0x0000c7d6       0xbc build/sky/obj/uip-sr.o
                0x0000c7d6                uip_sr_update_node
 .text.uip_sr_init
                0x0000c892       0x12 build/sky/obj/uip-sr.o
                0x0000c892                uip_sr_init
 .text.uip_sr_periodic
                0x0000c8a4       0x8c build/sky/obj/uip-sr.o
                0x0000c8a4                uip_sr_periodic
 .text.uip_sr_free_all
                0x0000c930       0x30 build/sky/obj/uip-sr.o
                0x0000c930                uip_sr_free_all
 .text.chksum   0x0000c960       0x32 build/sky/obj/uip6.o
 .text.upper_layer_chksum
                0x0000c992       0x58 build/sky/obj/uip6.o
 .text.ext_hdr_options_process
                0x0000c9ea       0xa4 build/sky/obj/uip6.o
 .text.uip_check_mtu
                0x0000ca8e       0x1e build/sky/obj/uip6.o
 .text.uip_update_ttl
                0x0000caac       0x24 build/sky/obj/uip6.o
 .text.uip_icmp6chksum
                0x0000cad0        0xa build/sky/obj/uip6.o
                0x0000cad0                uip_icmp6chksum
 .text.uip_udpchksum
                0x0000cada        0xa build/sky/obj/uip6.o
                0x0000cada                uip_udpchksum
 .text.uip_init
                0x0000cae4       0x3c build/sky/obj/uip6.o
                0x0000cae4                uip_init
 .text.uip_remove_ext_hdr
                0x0000cb20       0x5e build/sky/obj/uip6.o
                0x0000cb20                uip_remove_ext_hdr
 .text.uip_process
                0x0000cb7e      0x568 build/sky/obj/uip6.o
                0x0000cb7e                uip_process
 .text.uip_htonl
                0x0000d0e6       0x2e build/sky/obj/uip6.o
                0x0000d0e6                uip_htonl
 .text.uipbuf_add_ext_hdr
                0x0000d114       0x1c build/sky/obj/uipbuf.o
                0x0000d114                uipbuf_add_ext_hdr
 .text.uipbuf_set_len
                0x0000d130       0x12 build/sky/obj/uipbuf.o
                0x0000d130                uipbuf_set_len
 .text.uipbuf_set_len_field
                0x0000d142        0xe build/sky/obj/uipbuf.o
                0x0000d142                uipbuf_set_len_field
 .text.uipbuf_get_len_field
                0x0000d150        0xe build/sky/obj/uipbuf.o
                0x0000d150                uipbuf_get_len_field
 .text.uipbuf_get_next_header
                0x0000d15e       0x6a build/sky/obj/uipbuf.o
                0x0000d15e                uipbuf_get_next_header
 .text.uipbuf_get_last_header
                0x0000d1c8       0x3e build/sky/obj/uipbuf.o
                0x0000d1c8                uipbuf_get_last_header
 .text.uipbuf_search_header
                0x0000d206       0x4e build/sky/obj/uipbuf.o
                0x0000d206                uipbuf_search_header
 .text.uipbuf_get_attr
                0x0000d254       0x12 build/sky/obj/uipbuf.o
                0x0000d254                uipbuf_get_attr
 .text.uipbuf_set_attr
                0x0000d266       0x14 build/sky/obj/uipbuf.o
                0x0000d266                uipbuf_set_attr
 .text.uipbuf_clear_attr
                0x0000d27a       0x12 build/sky/obj/uipbuf.o
                0x0000d27a                uipbuf_clear_attr
 .text.uipbuf_clear
                0x0000d28c       0x12 build/sky/obj/uipbuf.o
                0x0000d28c                uipbuf_clear
 .text.uipbuf_init
                0x0000d29e       0x1a build/sky/obj/uipbuf.o
                0x0000d29e                uipbuf_init
 .text.uiplib_ipaddr_snprint
                0x0000d2b8      0x12c build/sky/obj/uiplib.o
                0x0000d2b8                uiplib_ipaddr_snprint
 .text.watchdog_interrupt
                0x0000d3e4        0x6 build/sky/obj/watchdog.o
                0x0000d3e4                __isr_10
                0x0000d3e4                watchdog_interrupt
 .text.watchdog_start
                0x0000d3ea       0x14 build/sky/obj/watchdog.o
                0x0000d3ea                watchdog_start
 .text.watchdog_periodic
                0x0000d3fe       0x12 build/sky/obj/watchdog.o
                0x0000d3fe                watchdog_periodic
 .text.watchdog_stop
                0x0000d410       0x16 build/sky/obj/watchdog.o
                0x0000d410                watchdog_stop
 .text.watchdog_init
                0x0000d426       0x12 build/sky/obj/watchdog.o
                0x0000d426                watchdog_init
 .text.xmem_init
                0x0000d438       0x3c build/sky/obj/xmem.o
                0x0000d438                xmem_init
 .text.printf   0x0000d474       0x10 /usr/local/bin/../lib/gcc/msp430/4.7.2/../../../../msp430/lib/mmpy-16/libc.a(printf.o)
                0x0000d474                printf
 .text.append   0x0000d484       0x22 /usr/local/bin/../lib/gcc/msp430/4.7.2/../../../../msp430/lib/mmpy-16/libc.a(sprintf.o)
 .text.call_vuprintf
                0x0000d4a6       0x3a /usr/local/bin/../lib/gcc/msp430/4.7.2/../../../../msp430/lib/mmpy-16/libc.a(sprintf.o)
 .text.snprintf
                0x0000d4e0       0x1a /usr/local/bin/../lib/gcc/msp430/4.7.2/../../../../msp430/lib/mmpy-16/libc.a(sprintf.o)
                0x0000d4e0                snprintf
 .text.print_field
                0x0000d4fa      0x194 /usr/local/bin/../lib/gcc/msp430/4.7.2/../../../../msp430/lib/mmpy-16/libc.a(vuprintf.o)
 .text.vuprintf
                0x0000d68e      0x63e /usr/local/bin/../lib/gcc/msp430/4.7.2/../../../../msp430/lib/mmpy-16/libc.a(vuprintf.o)
                0x0000d68e                vuprintf
 .text.puts     0x0000dccc       0x2c /usr/local/bin/../lib/gcc/msp430/4.7.2/../../../../msp430/lib/mmpy-16/libc.a(puts.o)
                0x0000dccc                puts
 .text.rand     0x0000dcf8       0x26 /usr/local/bin/../lib/gcc/msp430/4.7.2/../../../../msp430/lib/mmpy-16/libc.a(rand.o)
                0x0000dcf8                rand
 .text.srand    0x0000dd1e        0xa /usr/local/bin/../lib/gcc/msp430/4.7.2/../../../../msp430/lib/mmpy-16/libc.a(rand.o)
                0x0000dd1e                srand
 .text.memcmp   0x0000dd28       0x30 /usr/local/bin/../lib/gcc/msp430/4.7.2/../../../../msp430/lib/mmpy-16/libc.a(memcmp.o)
                0x0000dd28                memcmp
 .text.memcpy   0x0000dd58       0xfa /usr/local/bin/../lib/gcc/msp430/4.7.2/../../../../msp430/lib/mmpy-16/libc.a(memcpy.o)
                0x0000dd58                memcpy
 .text.memmove  0x0000de52       0xfa /usr/local/bin/../lib/gcc/msp430/4.7.2/../../../../msp430/lib/mmpy-16/libc.a(memmove.o)
                0x0000de52                memmove
 .text.memset   0x0000df4c       0x6a /usr/local/bin/../lib/gcc/msp430/4.7.2/../../../../msp430/lib/mmpy-16/libc.a(memset.o)
                0x0000df4c                memset
 .text.crt0     0x0000dfb6        0x2 /usr/local/bin/../lib/gcc/msp430/4.7.2/mmpy-16/libcrt0.a(_unexpected_.o)
                0x0000dfb6                _unexpected_
 .text.libgcc   0x0000dfb8       0x2c /usr/local/bin/../lib/gcc/msp430/4.7.2/mmpy-16/libgcc.a(_mulsi3.o)
                0x0000dfb8                __mulsi3
 .text.libgcc   0x0000dfe4       0x22 /usr/local/bin/../lib/gcc/msp430/4.7.2/mmpy-16/libgcc.a(_udivmod16.o)
                0x0000dfe4                __udivhi3
                0x0000dfe4                __ext_udivmod16
                0x0000dffe                __umodhi3
 .text.libgcc   0x0000e006       0x3a /usr/local/bin/../lib/gcc/msp430/4.7.2/mmpy-16/libgcc.a(_divmod16.o)
                0x0000e006                __ext_divmod16
                0x0000e006                __divhi3
                0x0000e038                __modhi3
 .text.libgcc   0x0000e040       0x40 /usr/local/bin/../lib/gcc/msp430/4.7.2/mmpy-16/libgcc.a(_udivmod32.o)
                0x0000e040                __udivsi3
                0x0000e040                __ext_udivmod32
                0x0000e076                __umodsi3
 .text.libgcc   0x0000e080       0x4c /usr/local/bin/../lib/gcc/msp430/4.7.2/mmpy-16/libgcc.a(_divmod32.o)
                0x0000e080                __ext_divmod32
                0x0000e080                __divsi3
                0x0000e0c2                __modsi3
 .text.libgcc   0x0000e0cc       0xf0 /usr/local/bin/../lib/gcc/msp430/4.7.2/mmpy-16/libgcc.a(_udivmod64.o)
                0x0000e0cc                __xabi_udivmod64
                0x0000e12a                __udivdi3
                0x0000e150                __umoddi3
                0x0000e17e                __udivmoddi4
 *(SORT(.near.text) SORT(.near.text.*))

.rodata         0x0000e1bc      0x4ac
                0x0000e1bc                . = ALIGN (0x2)
 *(SORT(.rodata) SORT(.rodata.*) SORT(.gnu.linkonce.r.*))
 .rodata.get_value
                0x0000e1bc       0x34 build/sky/obj/cc2420.o
 .rodata.set_value
                0x0000e1f0       0x10 build/sky/obj/cc2420.o
 .rodata        0x0000e200       0x10 build/sky/obj/button-sensor.o
                0x0000e208                button_sensor
 .rodata        0x0000e210       0x3e build/sky/obj/cc2420.o
                0x0000e210                cc2420_aes_128_driver
                0x0000e214                cc2420_driver
 .rodata        0x0000e24e       0x14 build/sky/obj/csma.o
                0x0000e254                csma_driver
 .rodata        0x0000e262        0x6 build/sky/obj/framer-802154.o
                0x0000e262                framer_802154
 .rodata        0x0000e268       0x26 build/sky/obj/hello-world.o
                0x0000e276                autostart_processes
 .rodata        0x0000e28e        0x8 build/sky/obj/linkaddr.o
                0x0000e28e                linkaddr_null
 .rodata        0x0000e296       0xca build/sky/obj/log.o
 .rodata        0x0000e360       0xe0 build/sky/obj/rpl-dag.o
 .rodata        0x0000e440       0x34 build/sky/obj/rpl.o
                0x0000e44a                rpl_lite_driver
 .rodata        0x0000e474       0x26 build/sky/obj/sicslowpan.o
                0x0000e480                sicslowpan_driver
                0x0000e488                llprefix
                0x0000e48a                unc_mxconf
                0x0000e48e                unc_ctxconf
                0x0000e492                unc_llconf
 .rodata        0x0000e49a       0xed build/sky/obj/contiki-main.o
 .rodata        0x0000e587        0xf build/sky/obj/ctimer.o
 .rodata        0x0000e596        0xc build/sky/obj/etimer.o
 .rodata        0x0000e5a2        0x2 build/sky/obj/frame802154.o
 .rodata        0x0000e5a4       0x31 build/sky/obj/platform.o
 .rodata        0x0000e5d5        0xc build/sky/obj/rpl-timers.o
 .rodata        0x0000e5e1        0x8 build/sky/obj/sensors.o
 .rodata        0x0000e5e9       0x3e build/sky/obj/stack-check.o
 .rodata        0x0000e627        0xd build/sky/obj/tcpip.o
 .rodata        0x0000e634       0x2d build/sky/obj/uiplib.o
 .rodata.vuprintf
                0x0000e661        0x7 /usr/local/bin/../lib/gcc/msp430/4.7.2/../../../../msp430/lib/mmpy-16/libc.a(vuprintf.o)
 *(SORT(.near.rodata) SORT(.near.rodata.*))
                0x0000e668                . = ALIGN (0x2)
                0x0000e668                _etext = .

.data           0x00001100      0x146 load address 0x0000e668
                0x00001100                . = ALIGN (0x2)
                0x00001100                __data_start = .
 *(SORT(.data) SORT(.data.*) SORT(.gnu.linkonce.d.*))
 .data          0x00001100        0xc build/sky/obj/cc2420.o
                0x00001100                cc2420_process
 .data          0x0000110c       0x18 build/sky/obj/csma-output.o
 .data          0x00001124        0xa build/sky/obj/ctimer.o
                0x00001124                ctimer_process
 .data          0x0000112e        0xa build/sky/obj/etimer.o
                0x0000112e                etimer_process
 .data          0x00001138        0x2 build/sky/obj/frame802154.o
 .data          0x0000113a        0xa build/sky/obj/hello-world.o
                0x0000113a                hello_world_process
 .data          0x00001144        0x8 build/sky/obj/link-stats.o
 .data          0x0000114c       0x5c build/sky/obj/log.o
                0x0000114c                all_modules
                0x000011a6                curr_log_level_main
 .data          0x000011a8        0x2 build/sky/obj/msp430.o
 .data          0x000011aa        0x8 build/sky/obj/nbr-table.o
 .data          0x000011b2        0x4 build/sky/obj/platform.o
                0x000011b2                sensors
 .data          0x000011b6       0x10 build/sky/obj/queuebuf.o
 .data          0x000011c6       0x18 build/sky/obj/rpl-icmp6.o
 .data          0x000011de       0x12 build/sky/obj/rpl-mrhof.o
                0x000011de                rpl_mrhof
 .data          0x000011f0        0xa build/sky/obj/rpl-neighbor.o
                0x000011f0                rpl_neighbors
 .data          0x000011fa        0xa build/sky/obj/sensors.o
                0x000011fa                sensors_process
 .data          0x00001204        0xa build/sky/obj/stack-check.o
                0x00001204                stack_check_process
 .data          0x0000120e        0xa build/sky/obj/tcpip.o
                0x0000120e                tcpip_process
 .data          0x00001218        0x8 build/sky/obj/uip-ds6-nbr.o
 .data          0x00001220        0x8 build/sky/obj/uip-ds6-route.o
 .data          0x00001228        0xc build/sky/obj/uip-icmp6.o
 .data          0x00001234        0x6 build/sky/obj/uip-nd6.o
 .data          0x0000123a        0x8 build/sky/obj/uip-sr.o
 .data.next     0x00001242        0x4 /usr/local/bin/../lib/gcc/msp430/4.7.2/../../../../msp430/lib/mmpy-16/libc.a(rand.o)
 *(SORT(.near.data) SORT(.near.data.*))
                0x00001246                . = ALIGN (0x2)
                0x00001246                _edata = .
                0x0000e668                __data_load_start = LOADADDR (.data)
                0x00000146                __data_size = SIZEOF (.data)

.bss            0x00001246     0x1a38 load address 0x0000e7ae
                0x00001246                __bss_start = .
 *(SORT(.bss) SORT(.bss.*))
 .bss           0x00001246        0x8 build/sky/obj/button-sensor.o
 .bss           0x0000124e       0x10 build/sky/obj/cc2420.o
 .bss           0x0000125e        0xa build/sky/obj/clock.o
 .bss           0x00001268       0xbc build/sky/obj/csma-output.o
 .bss           0x00001324        0x4 build/sky/obj/ctimer.o
 .bss           0x00001328        0x6 build/sky/obj/etimer.o
 .bss           0x0000132e        0xc build/sky/obj/hello-world.o
 .bss           0x0000133a       0xa0 build/sky/obj/link-stats.o
 .bss           0x000013da       0x1a build/sky/obj/log.o
                0x000013da                curr_log_level_sys
                0x000013dc                curr_log_level_lwm2m
                0x000013de                curr_log_level_snmp
                0x000013e0                curr_log_level_dtls
                0x000013e2                curr_log_level_coap
                0x000013e4                curr_log_level_6top
                0x000013e6                curr_log_level_framer
                0x000013e8                curr_log_level_mac
                0x000013ea                curr_log_level_nullnet
                0x000013ec                curr_log_level_6lowpan
                0x000013ee                curr_log_level_ipv6
                0x000013f0                curr_log_level_tcpip
                0x000013f2                curr_log_level_rpl
 .bss           0x000013f4       0xe2 build/sky/obj/mac-sequence.o
 .bss           0x000014d6       0xe4 build/sky/obj/nbr-table.o
 .bss           0x000015ba        0x2 build/sky/obj/netstack.o
 .bss           0x000015bc        0x2 build/sky/obj/node-id.o
                0x000015bc                node_id
 .bss           0x000015be       0x86 build/sky/obj/packetbuf.o
 .bss           0x00001644        0x8 build/sky/obj/platform.o
 .bss           0x0000164c       0xc4 build/sky/obj/process.o
 .bss           0x00001710      0x570 build/sky/obj/queuebuf.o
 .bss           0x00001c80       0x12 build/sky/obj/rpl-dag-root.o
 .bss           0x00001c92       0x80 build/sky/obj/rpl-neighbor.o
 .bss           0x00001d12       0x28 build/sky/obj/rpl-timers.o
 .bss           0x00001d3a        0x2 build/sky/obj/rtimer.o
 .bss           0x00001d3c        0x6 build/sky/obj/sensors.o
 .bss           0x00001d42      0x6cc build/sky/obj/sicslowpan.o
 .bss           0x0000240e        0xe build/sky/obj/stack-check.o
 .bss           0x0000241c        0xc build/sky/obj/tcpip.o
 .bss           0x00002428       0x9a build/sky/obj/uart1.o
 .bss           0x000024c2      0x120 build/sky/obj/uip-ds6-nbr.o
 .bss           0x000025e2       0x3c build/sky/obj/uip-ds6-route.o
 .bss           0x0000261e       0x28 build/sky/obj/uip-ds6.o
 .bss           0x00002646       0x14 build/sky/obj/uip-icmp6.o
 .bss           0x0000265a        0x8 build/sky/obj/uip-nd6.o
 .bss           0x00002662      0x134 build/sky/obj/uip-sr.o
 .bss           0x00002796        0x8 build/sky/obj/uip6.o
                0x00002796                uip_last_proto
                0x00002798                uip_ext_len
                0x0000279a                uip_ext_bitmap
 .bss           0x0000279e       0x20 build/sky/obj/uipbuf.o
 .bss           0x000027be        0x2 build/sky/obj/watchdog.o
 .bss.destination_
                0x000027c0        0x2 /usr/local/bin/../lib/gcc/msp430/4.7.2/../../../../msp430/lib/mmpy-16/libc.a(sprintf.o)
 .bss.available_
                0x000027c2        0x2 /usr/local/bin/../lib/gcc/msp430/4.7.2/../../../../msp430/lib/mmpy-16/libc.a(sprintf.o)
 .bss           0x000027c4        0x1 build/sky/obj/rpl.o
 *(SORT(.near.bss) SORT(.near.bss.*))
 *(SORT(COMMON))
 *fill*         0x000027c5        0x1 00
 COMMON         0x000027c6        0xc build/sky/obj/cc2420.o
                0x000027c6                cc2420_last_rssi
                0x000027c8                cc2420_sfd_start_time
                0x000027ca                cc2420_last_correlation
                0x000027cc                cc2420_authority_level_of_sender
                0x000027ce                cc2420_sfd_counter
                0x000027d0                cc2420_sfd_end_time
 COMMON         0x000027d2       0x14 build/sky/obj/link-stats.o
                0x000027d2                periodic_timer
 COMMON         0x000027e6        0x8 build/sky/obj/linkaddr.o
                0x000027e6                linkaddr_node_addr
 COMMON         0x000027ee        0x2 build/sky/obj/msp430.o
                0x000027ee                msp430_dco_required
 COMMON         0x000027f0       0x28 build/sky/obj/packetbuf.o
                0x000027f0                packetbuf_addrs
                0x00002800                packetbuf_attrs
 COMMON         0x00002818        0x4 build/sky/obj/process.o
                0x00002818                process_list
                0x0000281a                process_current
 COMMON         0x0000281c       0xfe build/sky/obj/rpl-dag.o
                0x0000281c                curr_instance
 COMMON         0x0000291a       0x10 build/sky/obj/rpl.o
                0x0000291a                rpl_multicast_addr
 COMMON         0x0000292a      0x172 build/sky/obj/uip-ds6.o
                0x0000292a                uip_ds6_timer_ra
                0x00002932                uip_ds6_if
                0x00002a3a                uip_ds6_netif_addr_list_offset
                0x00002a3b                uip_ds6_addr_size
                0x00002a3c                uip_ds6_prefix_list
                0x00002a90                uip_ds6_timer_periodic
 COMMON         0x00002a9c      0x1d6 build/sky/obj/uip6.o
                0x00002a9c                uip_len
                0x00002a9e                uip_sappdata
                0x00002aa0                uip_lladdr
                0x00002aa8                uip_aligned_buf
                0x00002b98                uip_flags
                0x00002b9a                uip_udp_conn
                0x00002b9c                uip_appdata
                0x00002b9e                uip_conn
                0x00002ba0                uip_slen
                0x00002ba2                uip_udp_conns
 COMMON         0x00002c72        0x8 build/sky/obj/ds2411.o
                0x00002c72                ds2411_id
 COMMON         0x00002c7a        0x2 build/sky/obj/platform.o
                0x00002c7a                sensors_flags
 COMMON         0x00002c7c        0x1 build/sky/obj/sensors.o
                0x00002c7c                sensors_event
 COMMON         0x00002c7d        0x1 build/sky/obj/tcpip.o
                0x00002c7d                tcpip_event
                0x00002c7e                . = ALIGN (0x2)
                0x00002c7e                __bss_end = .
                0x00001a38                __bss_size = SIZEOF (.bss)

.noinit         0x00002c7e        0x2 load address 0x0000e7ae
                0x00002c7e                . = ALIGN (0x2)
                0x00002c7e                __noinit_start = .
 *(SORT(.noinit) SORT(.noinit.*))
 .noinit.crt0   0x00002c7e        0x2 /usr/local/bin/../lib/gcc/msp430/4.7.2/mmpy-16/libcrt0.a(__watchdog_support.o)
                0x00002c7e                __wdt_clear_value
                0x00002c80                . = ALIGN (0x2)
                0x00002c80                __noinit_end = .
                0x00002c80                . = ALIGN (0x2)
                0x00002c80                _end = .

.infomem        0x00001000        0x0
                0x00001000                . = ALIGN (0x2)
 *(SORT(.infomem) SORT(.infomem.*))

.infomemnobits  0x00001000        0x0
                0x00001000                . = ALIGN (0x2)
 *(SORT(.infomemnobits) SORT(.infomemnobits.*))

.infoa          0x00001080        0x0
                0x00001080                . = ALIGN (0x2)
 *(SORT(.infoa) SORT(.infoa.*))

.infob          0x00001000        0x0
                0x00001000                . = ALIGN (0x2)
 *(SORT(.infob) SORT(.infob.*))

.infoc          0x00000000        0x0
                0x00000000                . = ALIGN (0x2)
 *(SORT(.infoc) SORT(.infoc.*))

.infod          0x00000000        0x0
                0x00000000                . = ALIGN (0x2)
 *(SORT(.infod) SORT(.infod.*))
                0x0000ffff                PROVIDE (__vte_0, 0xffff)
                0x0000ffff                PROVIDE (__vte_1, 0xffff)
                0x0000ffff                PROVIDE (__vte_2, 0xffff)
                0x0000ffff                PROVIDE (__vte_3, 0xffff)
                0x0000ffff                PROVIDE (__vte_4, 0xffff)
                0x0000ffff                PROVIDE (__vte_5, 0xffff)
                0x0000ffff                PROVIDE (__vte_6, 0xffff)
                0x0000ffff                PROVIDE (__vte_7, 0xffff)
                0x0000ffff                PROVIDE (__vte_8, 0xffff)
                0x0000ffff                PROVIDE (__vte_9, 0xffff)
                0x0000ffff                PROVIDE (__vte_10, 0xffff)
                0x0000ffff                PROVIDE (__vte_11, 0xffff)
                0x0000ffff                PROVIDE (__vte_12, 0xffff)
                0x0000ffff                PROVIDE (__vte_13, 0xffff)
                0x0000ffff                PROVIDE (__vte_14, 0xffff)
                0x0000ffff                PROVIDE (__vte_15, 0xffff)
                0x0000ffff                PROVIDE (__vte_16, 0xffff)
                0x0000ffff                PROVIDE (__vte_17, 0xffff)
                0x0000ffff                PROVIDE (__vte_18, 0xffff)
                0x0000ffff                PROVIDE (__vte_19, 0xffff)
                0x0000ffff                PROVIDE (__vte_20, 0xffff)
                0x0000ffff                PROVIDE (__vte_21, 0xffff)
                0x0000ffff                PROVIDE (__vte_22, 0xffff)
                0x0000ffff                PROVIDE (__vte_23, 0xffff)
                0x0000ffff                PROVIDE (__vte_24, 0xffff)
                0x0000ffff                PROVIDE (__vte_25, 0xffff)
                0x0000ffff                PROVIDE (__vte_26, 0xffff)
                0x0000ffff                PROVIDE (__vte_27, 0xffff)
                0x0000ffff                PROVIDE (__vte_28, 0xffff)
                0x0000ffff                PROVIDE (__vte_29, 0xffff)
                0x0000ffff                PROVIDE (__vte_30, 0xffff)
                0x0000ffff                PROVIDE (__vte_31, 0xffff)

.vectors        0x0000ffe0       0x20
                0x0000ffe0                __vectors_start = .
 *(SORT(.vectors*))
 .vectors       0x0000ffe0       0x20 /usr/local/bin/../lib/gcc/msp430/4.7.2/mmpy-16/crt0ivtbl16.o
                0x0000ffe0                __ivtbl_16
                0x00010000                _vectors_end = .

.fartext        0x00000000        0x0
                0x00000000                . = ALIGN (0x2)
 *(SORT(.fartext) SORT(.fartext.*))

.far.text       0x00000000        0x0
                0x00000000                . = ALIGN (0x2)
 *(SORT(.far.text) SORT(.far.text.*))

.far.rodata     0x00000000        0x0
                0x00000000                . = ALIGN (0x2)
 *(SORT(.far.rodata) SORT(.far.rodata.*))
                0x00000000                . = ALIGN (0x2)
                0x00000000                _efartext = .

.far.data       0x00000000        0x0
                0x00000000                . = ALIGN (0x2)
                0x00000000                __far_data_start = .
 *(SORT(.far.data) SORT(.far.data.*))
                0x00000000                . = ALIGN (0x2)
                0x00000000                _efardata = .
                0x00000000                __far_data_load_start = LOADADDR (.far.data)
                0x00000000                __far_data_size = SIZEOF (.far.data)

.far.bss        0x00000000        0x0